   1              		.syntax unified
   2              		.cpu cortex-m4
   3              		.eabi_attribute 27, 3
   4              		.eabi_attribute 28, 1
   5              		.fpu fpv4-sp-d16
   6              		.eabi_attribute 20, 1
   7              		.eabi_attribute 21, 1
   8              		.eabi_attribute 23, 3
   9              		.eabi_attribute 24, 1
  10              		.eabi_attribute 25, 1
  11              		.eabi_attribute 26, 1
  12              		.eabi_attribute 30, 4
  13              		.eabi_attribute 34, 1
  14              		.eabi_attribute 18, 4
  15              		.thumb
  16              		.file	"darray.c"
  17              		.text
  18              	.Ltext0:
  19              		.cfi_sections	.debug_frame
  20              		.section	.text.darray_free,"ax",%progbits
  21              		.align	1
  22              		.global	darray_free
  23              		.thumb
  24              		.thumb_func
  26              	darray_free:
  27              	.LFB114:
  28              		.file 1 "lib/rsynth-2.0-port/darray.c"
   1:lib/rsynth-2.0-port/darray.c **** #include <config.h>
   2:lib/rsynth-2.0-port/darray.c **** /* darray.c
   3:lib/rsynth-2.0-port/darray.c ****  */
   4:lib/rsynth-2.0-port/darray.c **** 
   5:lib/rsynth-2.0-port/darray.c **** #include "stm32f4xx.h"
   6:lib/rsynth-2.0-port/darray.c **** #include "platform_config.h"
   7:lib/rsynth-2.0-port/darray.c **** #include "hw_config.h"
   8:lib/rsynth-2.0-port/darray.c **** 
   9:lib/rsynth-2.0-port/darray.c **** #include "darray.h"
  10:lib/rsynth-2.0-port/darray.c **** 
  11:lib/rsynth-2.0-port/darray.c **** void darray_free(darray_t *a)
  12:lib/rsynth-2.0-port/darray.c **** {
  29              		.loc 1 12 0
  30              		.cfi_startproc
  31              		@ args = 0, pretend = 0, frame = 0
  32              		@ frame_needed = 0, uses_anonymous_args = 0
  33              	.LVL0:
  34 0000 10B5     		push	{r4, lr}
  35              	.LCFI0:
  36              		.cfi_def_cfa_offset 8
  37              		.cfi_offset 4, -8
  38              		.cfi_offset 14, -4
  39 0002 0446     		mov	r4, r0
  13:lib/rsynth-2.0-port/darray.c **** 	if (a->data)
  40              		.loc 1 13 0
  41 0004 0068     		ldr	r0, [r0, #0]
  42              	.LVL1:
  43 0006 18B1     		cbz	r0, .L2
  14:lib/rsynth-2.0-port/darray.c **** 	{
  15:lib/rsynth-2.0-port/darray.c **** 		free(a->data);
  44              		.loc 1 15 0
  45 0008 FFF7FEFF 		bl	free
  46              	.LVL2:
  16:lib/rsynth-2.0-port/darray.c **** 		a->data = NULL;
  47              		.loc 1 16 0
  48 000c 0023     		movs	r3, #0
  49 000e 2360     		str	r3, [r4, #0]
  50              	.L2:
  17:lib/rsynth-2.0-port/darray.c **** 	}
  18:lib/rsynth-2.0-port/darray.c **** 	a->items = a->alloc = 0;
  51              		.loc 1 18 0
  52 0010 0023     		movs	r3, #0
  53 0012 A360     		str	r3, [r4, #8]
  54 0014 6360     		str	r3, [r4, #4]
  55 0016 10BD     		pop	{r4, pc}
  56              		.cfi_endproc
  57              	.LFE114:
  59              		.section	.text.Darray_find,"ax",%progbits
  60              		.align	1
  61              		.global	Darray_find
  62              		.thumb
  63              		.thumb_func
  65              	Darray_find:
  66              	.LFB115:
  19:lib/rsynth-2.0-port/darray.c **** }
  20:lib/rsynth-2.0-port/darray.c **** 
  21:lib/rsynth-2.0-port/darray.c **** void *Darray_find(darray_t *a, unsigned int n)
  22:lib/rsynth-2.0-port/darray.c **** {
  67              		.loc 1 22 0
  68              		.cfi_startproc
  69              		@ args = 0, pretend = 0, frame = 0
  70              		@ frame_needed = 0, uses_anonymous_args = 0
  71              	.LVL3:
  72 0000 2DE9F843 		push	{r3, r4, r5, r6, r7, r8, r9, lr}
  73              	.LCFI1:
  74              		.cfi_def_cfa_offset 32
  75              		.cfi_offset 3, -32
  76              		.cfi_offset 4, -28
  77              		.cfi_offset 5, -24
  78              		.cfi_offset 6, -20
  79              		.cfi_offset 7, -16
  80              		.cfi_offset 8, -12
  81              		.cfi_offset 9, -8
  82              		.cfi_offset 14, -4
  83 0004 0446     		mov	r4, r0
  84 0006 0D46     		mov	r5, r1
  23:lib/rsynth-2.0-port/darray.c **** 	if (n >= a->alloc || n >= a->items)
  85              		.loc 1 23 0
  86 0008 8368     		ldr	r3, [r0, #8]
  87 000a 9942     		cmp	r1, r3
  88 000c 02D2     		bcs	.L7
  89              		.loc 1 23 0 is_stmt 0 discriminator 1
  90 000e 4268     		ldr	r2, [r0, #4]
  91 0010 9142     		cmp	r1, r2
  92 0012 3AD3     		bcc	.L8
  93              	.L7:
  94              	.LBB2:
  24:lib/rsynth-2.0-port/darray.c **** 	{
  25:lib/rsynth-2.0-port/darray.c **** 		unsigned int osize = a->items * a->esize;
  95              		.loc 1 25 0 is_stmt 1
  96 0014 A089     		ldrh	r0, [r4, #12]
  97              	.LVL4:
  98 0016 6668     		ldr	r6, [r4, #4]
  99 0018 4643     		muls	r6, r0, r6
 100              	.LVL5:
  26:lib/rsynth-2.0-port/darray.c **** 		unsigned int nsize;
  27:lib/rsynth-2.0-port/darray.c **** 		if (!a->esize)
 101              		.loc 1 27 0
 102 001a 08B9     		cbnz	r0, .L9
  28:lib/rsynth-2.0-port/darray.c **** 			abort();
 103              		.loc 1 28 0
 104 001c FFF7FEFF 		bl	abort
 105              	.LVL6:
 106              	.L9:
  29:lib/rsynth-2.0-port/darray.c **** 		if (n >= a->alloc)
 107              		.loc 1 29 0
 108 0020 9D42     		cmp	r5, r3
 109 0022 25D3     		bcc	.L10
 110              	.LBB3:
  30:lib/rsynth-2.0-port/darray.c **** 		{
  31:lib/rsynth-2.0-port/darray.c **** 			unsigned int add = (a->get) ? a->get : 1;
 111              		.loc 1 31 0
 112 0024 B4F80E90 		ldrh	r9, [r4, #14]
 113 0028 B9F1000F 		cmp	r9, #0
 114 002c 08BF     		it	eq
 115 002e 4FF00109 		moveq	r9, #1
 116              	.LVL7:
  32:lib/rsynth-2.0-port/darray.c **** 			char *ndata = (char *) malloc(nsize = (n + add) * a->esize);
 117              		.loc 1 32 0
 118 0032 A944     		add	r9, r9, r5
 119              	.LVL8:
 120 0034 00FB09F7 		mul	r7, r0, r9
 121              	.LVL9:
 122 0038 3846     		mov	r0, r7
 123 003a FFF7FEFF 		bl	malloc
 124              	.LVL10:
  33:lib/rsynth-2.0-port/darray.c **** 			if (ndata)
 125              		.loc 1 33 0
 126 003e 8046     		mov	r8, r0
 127 0040 68B1     		cbz	r0, .L12
  34:lib/rsynth-2.0-port/darray.c **** 			{
  35:lib/rsynth-2.0-port/darray.c **** 				if (osize)
 128              		.loc 1 35 0
 129 0042 1EB1     		cbz	r6, .L13
  36:lib/rsynth-2.0-port/darray.c **** 					memcpy(ndata, a->data, osize);
 130              		.loc 1 36 0
 131 0044 2168     		ldr	r1, [r4, #0]
 132 0046 3246     		mov	r2, r6
 133 0048 FFF7FEFF 		bl	memcpy
 134              	.LVL11:
 135              	.L13:
  37:lib/rsynth-2.0-port/darray.c **** 				if (a->data)
 136              		.loc 1 37 0
 137 004c 2068     		ldr	r0, [r4, #0]
 138 004e 08B1     		cbz	r0, .L14
  38:lib/rsynth-2.0-port/darray.c **** 					free(a->data);
 139              		.loc 1 38 0
 140 0050 FFF7FEFF 		bl	free
 141              	.LVL12:
 142              	.L14:
  39:lib/rsynth-2.0-port/darray.c **** 				a->data = ndata;
 143              		.loc 1 39 0
 144 0054 C4F80080 		str	r8, [r4, #0]
  40:lib/rsynth-2.0-port/darray.c **** 				a->alloc = n + add;
 145              		.loc 1 40 0
 146 0058 C4F80890 		str	r9, [r4, #8]
 147 005c 0AE0     		b	.L15
 148              	.LVL13:
 149              	.L12:
  41:lib/rsynth-2.0-port/darray.c **** 			}
  42:lib/rsynth-2.0-port/darray.c **** 			else{
  43:lib/rsynth-2.0-port/darray.c **** 				fprintf(stderr, "memory shortage (Darray_find)\n");
 150              		.loc 1 43 0
 151 005e 0E4B     		ldr	r3, .L25
 152 0060 1B68     		ldr	r3, [r3, #0]
 153 0062 D868     		ldr	r0, [r3, #12]
 154              	.LVL14:
 155 0064 0D49     		ldr	r1, .L25+4
 156 0066 FFF7FEFF 		bl	fprintf
 157              	.LVL15:
  44:lib/rsynth-2.0-port/darray.c **** 				return NULL;
 158              		.loc 1 44 0
 159 006a 4046     		mov	r0, r8
 160 006c BDE8F883 		pop	{r3, r4, r5, r6, r7, r8, r9, pc}
 161              	.LVL16:
 162              	.L10:
 163              	.LBE3:
  45:lib/rsynth-2.0-port/darray.c **** 			}
  46:lib/rsynth-2.0-port/darray.c **** 		}
  47:lib/rsynth-2.0-port/darray.c **** 		else
  48:lib/rsynth-2.0-port/darray.c **** 			nsize = (n + 1) * a->esize;
 164              		.loc 1 48 0
 165 0070 6F1C     		adds	r7, r5, #1
 166 0072 4743     		muls	r7, r0, r7
 167              	.LVL17:
 168              	.L15:
  49:lib/rsynth-2.0-port/darray.c **** 		if (n >= a->items)
 169              		.loc 1 49 0
 170 0074 6368     		ldr	r3, [r4, #4]
 171 0076 9D42     		cmp	r5, r3
 172 0078 07D3     		bcc	.L8
  50:lib/rsynth-2.0-port/darray.c **** 		{
  51:lib/rsynth-2.0-port/darray.c **** 			memset(a->data + osize, 0, nsize - osize);
 173              		.loc 1 51 0
 174 007a 2068     		ldr	r0, [r4, #0]
 175 007c 8019     		adds	r0, r0, r6
 176 007e 0021     		movs	r1, #0
 177 0080 BA1B     		subs	r2, r7, r6
 178 0082 FFF7FEFF 		bl	memset
 179              	.LVL18:
  52:lib/rsynth-2.0-port/darray.c **** 			a->items = n + 1;
 180              		.loc 1 52 0
 181 0086 6B1C     		adds	r3, r5, #1
 182 0088 6360     		str	r3, [r4, #4]
 183              	.LVL19:
 184              	.L8:
 185              	.LBE2:
  53:lib/rsynth-2.0-port/darray.c **** 		}
  54:lib/rsynth-2.0-port/darray.c **** 	}
  55:lib/rsynth-2.0-port/darray.c **** 	return (void *) (a->data + n * a->esize);
 186              		.loc 1 55 0
 187 008a A089     		ldrh	r0, [r4, #12]
 188 008c 2368     		ldr	r3, [r4, #0]
 189 008e 00FB0530 		mla	r0, r0, r5, r3
  56:lib/rsynth-2.0-port/darray.c **** }
 190              		.loc 1 56 0
 191 0092 BDE8F883 		pop	{r3, r4, r5, r6, r7, r8, r9, pc}
 192              	.L26:
 193 0096 00BF     		.align	2
 194              	.L25:
 195 0098 00000000 		.word	_impure_ptr
 196 009c 00000000 		.word	.LC0
 197              		.cfi_endproc
 198              	.LFE115:
 200              		.section	.text.darray_delete,"ax",%progbits
 201              		.align	1
 202              		.global	darray_delete
 203              		.thumb
 204              		.thumb_func
 206              	darray_delete:
 207              	.LFB116:
  57:lib/rsynth-2.0-port/darray.c **** 
  58:lib/rsynth-2.0-port/darray.c **** int darray_delete(darray_t *a, unsigned int n)
  59:lib/rsynth-2.0-port/darray.c **** {
 208              		.loc 1 59 0
 209              		.cfi_startproc
 210              		@ args = 0, pretend = 0, frame = 0
 211              		@ frame_needed = 0, uses_anonymous_args = 0
 212              	.LVL20:
 213 0000 F8B5     		push	{r3, r4, r5, r6, r7, lr}
 214              	.LCFI2:
 215              		.cfi_def_cfa_offset 24
 216              		.cfi_offset 3, -24
 217              		.cfi_offset 4, -20
 218              		.cfi_offset 5, -16
 219              		.cfi_offset 6, -12
 220              		.cfi_offset 7, -8
 221              		.cfi_offset 14, -4
 222 0002 0446     		mov	r4, r0
 223 0004 0E46     		mov	r6, r1
 224              	.LVL21:
 225              	.LBB6:
 226              	.LBB7:
 227              		.file 2 "lib/rsynth-2.0-port/darray.h"
   1:lib/rsynth-2.0-port/darray.h **** /* darray.h
   2:lib/rsynth-2.0-port/darray.h **** */
   3:lib/rsynth-2.0-port/darray.h **** #if !defined(DARRAY_H)
   4:lib/rsynth-2.0-port/darray.h **** #define DARRAY_H
   5:lib/rsynth-2.0-port/darray.h **** typedef struct
   6:lib/rsynth-2.0-port/darray.h ****  {char     *data;          /* the items */
   7:lib/rsynth-2.0-port/darray.h ****   unsigned items;          /* number of slots used */
   8:lib/rsynth-2.0-port/darray.h ****   unsigned alloc;          /* number of slots allocated */
   9:lib/rsynth-2.0-port/darray.h ****   unsigned short esize;    /* size of items */
  10:lib/rsynth-2.0-port/darray.h ****   unsigned short get;      /* number to get */
  11:lib/rsynth-2.0-port/darray.h ****  } darray_t, *darray_ptr;
  12:lib/rsynth-2.0-port/darray.h **** 
  13:lib/rsynth-2.0-port/darray.h **** /* return pointer to nth item */
  14:lib/rsynth-2.0-port/darray.h **** extern void *Darray_find (darray_t *a,unsigned n);
  15:lib/rsynth-2.0-port/darray.h **** /* delete nth item */
  16:lib/rsynth-2.0-port/darray.h **** extern int darray_delete (darray_t *a,unsigned n);
  17:lib/rsynth-2.0-port/darray.h **** extern void darray_free  (darray_t *a);
  18:lib/rsynth-2.0-port/darray.h **** 
  19:lib/rsynth-2.0-port/darray.h **** static inline void darray_init(darray_t *a,unsigned size,unsigned get)
  20:lib/rsynth-2.0-port/darray.h **** {
  21:lib/rsynth-2.0-port/darray.h ****  a->esize = size;
  22:lib/rsynth-2.0-port/darray.h ****  a->get   = get;
  23:lib/rsynth-2.0-port/darray.h ****  a->items = a->alloc = 0;
  24:lib/rsynth-2.0-port/darray.h ****  a->data = NULL;
  25:lib/rsynth-2.0-port/darray.h **** }
  26:lib/rsynth-2.0-port/darray.h **** 
  27:lib/rsynth-2.0-port/darray.h **** static inline void *darray_find(darray_t *a,unsigned n)
  28:lib/rsynth-2.0-port/darray.h **** {
  29:lib/rsynth-2.0-port/darray.h ****  if (n < a->alloc && n < a->items)
 228              		.loc 2 29 0
 229 0006 8368     		ldr	r3, [r0, #8]
 230 0008 9942     		cmp	r1, r3
 231 000a 07D2     		bcs	.L28
 232 000c 4368     		ldr	r3, [r0, #4]
 233 000e 9942     		cmp	r1, r3
 234 0010 04D2     		bcs	.L28
  30:lib/rsynth-2.0-port/darray.h ****   return (void *) (a->data + n * a->esize);
 235              		.loc 2 30 0
 236 0012 8589     		ldrh	r5, [r0, #12]
 237 0014 0368     		ldr	r3, [r0, #0]
 238 0016 05FB0135 		mla	r5, r5, r1, r3
 239 001a 04E0     		b	.L29
 240              	.L28:
  31:lib/rsynth-2.0-port/darray.h ****  return Darray_find(a,n);
 241              		.loc 2 31 0
 242 001c 2046     		mov	r0, r4
 243              	.LVL22:
 244 001e 3146     		mov	r1, r6
 245              	.LVL23:
 246 0020 FFF7FEFF 		bl	Darray_find
 247              	.LVL24:
 248 0024 0546     		mov	r5, r0
 249              	.L29:
 250              	.LBE7:
 251              	.LBE6:
  60:lib/rsynth-2.0-port/darray.c **** 	char *p = (char *) darray_find(a, n);
  61:lib/rsynth-2.0-port/darray.c **** 	if (p)
 252              		.loc 1 61 0
 253 0026 BDB1     		cbz	r5, .L34
  62:lib/rsynth-2.0-port/darray.c **** 	{
  63:lib/rsynth-2.0-port/darray.c **** 		if (a->items)
 254              		.loc 1 63 0
 255 0028 6368     		ldr	r3, [r4, #4]
 256 002a 9BB1     		cbz	r3, .L31
  64:lib/rsynth-2.0-port/darray.c **** 		{
  65:lib/rsynth-2.0-port/darray.c **** 			a->items--;
 257              		.loc 1 65 0
 258 002c 013B     		subs	r3, r3, #1
 259 002e 6360     		str	r3, [r4, #4]
  66:lib/rsynth-2.0-port/darray.c **** 			while (n++ < a->items)
 260              		.loc 1 66 0
 261 0030 05E0     		b	.L32
 262              	.LVL25:
 263              	.L33:
  67:lib/rsynth-2.0-port/darray.c **** 			{
  68:lib/rsynth-2.0-port/darray.c **** 				memcpy(p, p + a->esize, a->esize);
 264              		.loc 1 68 0
 265 0032 A918     		adds	r1, r5, r2
 266 0034 FFF7FEFF 		bl	memcpy
 267              	.LVL26:
  69:lib/rsynth-2.0-port/darray.c **** 				p += a->esize;
 268              		.loc 1 69 0
 269 0038 A389     		ldrh	r3, [r4, #12]
 270 003a ED18     		adds	r5, r5, r3
 271              	.LVL27:
  66:lib/rsynth-2.0-port/darray.c **** 			while (n++ < a->items)
 272              		.loc 1 66 0
 273 003c 3E46     		mov	r6, r7
 274              	.LVL28:
 275              	.L32:
  66:lib/rsynth-2.0-port/darray.c **** 			while (n++ < a->items)
 276              		.loc 1 66 0 is_stmt 0 discriminator 1
 277 003e 771C     		adds	r7, r6, #1
 278              	.LVL29:
 279 0040 6368     		ldr	r3, [r4, #4]
  68:lib/rsynth-2.0-port/darray.c **** 				memcpy(p, p + a->esize, a->esize);
 280              		.loc 1 68 0 is_stmt 1 discriminator 1
 281 0042 2846     		mov	r0, r5
  66:lib/rsynth-2.0-port/darray.c **** 			while (n++ < a->items)
 282              		.loc 1 66 0 discriminator 1
 283 0044 9E42     		cmp	r6, r3
 284 0046 A289     		ldrh	r2, [r4, #12]
 285 0048 F3D3     		bcc	.L33
  70:lib/rsynth-2.0-port/darray.c **** 			}
  71:lib/rsynth-2.0-port/darray.c **** 			memset(p, 0, a->esize);
 286              		.loc 1 71 0
 287 004a 0021     		movs	r1, #0
 288 004c FFF7FEFF 		bl	memset
 289              	.LVL30:
  72:lib/rsynth-2.0-port/darray.c **** 			return 1;
 290              		.loc 1 72 0
 291 0050 0120     		movs	r0, #1
 292 0052 F8BD     		pop	{r3, r4, r5, r6, r7, pc}
 293              	.LVL31:
 294              	.L31:
  73:lib/rsynth-2.0-port/darray.c **** 		}
  74:lib/rsynth-2.0-port/darray.c **** 		else
  75:lib/rsynth-2.0-port/darray.c **** 			abort();
 295              		.loc 1 75 0
 296 0054 FFF7FEFF 		bl	abort
 297              	.LVL32:
 298              	.L34:
  76:lib/rsynth-2.0-port/darray.c **** 	}
  77:lib/rsynth-2.0-port/darray.c **** 	else
  78:lib/rsynth-2.0-port/darray.c **** 		return 0;
 299              		.loc 1 78 0
 300 0058 2846     		mov	r0, r5
  79:lib/rsynth-2.0-port/darray.c **** }
 301              		.loc 1 79 0
 302 005a F8BD     		pop	{r3, r4, r5, r6, r7, pc}
 303              		.cfi_endproc
 304              	.LFE116:
 306              		.section	.rodata.str1.1,"aMS",%progbits,1
 307              	.LC0:
 308 0000 6D656D6F 		.ascii	"memory shortage (Darray_find)\012\000"
 308      72792073 
 308      686F7274 
 308      61676520 
 308      28446172 
 309              		.text
 310              	.Letext0:
 311              		.file 3 "/opt/ARM/arm-linaro-eabi-4.6/lib/gcc/arm-none-eabi/4.7.3/include/stdint-gcc.h"
 312              		.file 4 "/opt/ARM/arm-linaro-eabi-4.6/lib/gcc/arm-none-eabi/4.7.3/include/stddef.h"
 313              		.file 5 "/opt/ARM/arm-linaro-eabi-4.6/lib/gcc/arm-none-eabi/4.7.3/../../../../arm-none-eabi/includ
 314              		.file 6 "/opt/ARM/arm-linaro-eabi-4.6/lib/gcc/arm-none-eabi/4.7.3/../../../../arm-none-eabi/includ
 315              		.file 7 "/opt/ARM/arm-linaro-eabi-4.6/lib/gcc/arm-none-eabi/4.7.3/../../../../arm-none-eabi/includ
 316              		.file 8 "/opt/ARM/arm-linaro-eabi-4.6/lib/gcc/arm-none-eabi/4.7.3/../../../../arm-none-eabi/includ
 317              		.file 9 "./lib/CMSIS/Include/core_cm4.h"
 318              		.file 10 "./inc/systick.h"
 319              		.file 11 "/opt/ARM/arm-linaro-eabi-4.6/lib/gcc/arm-none-eabi/4.7.3/../../../../arm-none-eabi/inclu
 320              		.file 12 "/opt/ARM/arm-linaro-eabi-4.6/lib/gcc/arm-none-eabi/4.7.3/../../../../arm-none-eabi/inclu
DEFINED SYMBOLS
                            *ABS*:00000000 darray.c
     /tmp/ccwpb7RY.s:21     .text.darray_free:00000000 $t
     /tmp/ccwpb7RY.s:26     .text.darray_free:00000000 darray_free
     /tmp/ccwpb7RY.s:60     .text.Darray_find:00000000 $t
     /tmp/ccwpb7RY.s:65     .text.Darray_find:00000000 Darray_find
     /tmp/ccwpb7RY.s:195    .text.Darray_find:00000098 $d
     /tmp/ccwpb7RY.s:201    .text.darray_delete:00000000 $t
     /tmp/ccwpb7RY.s:206    .text.darray_delete:00000000 darray_delete
                     .debug_frame:00000010 $d

UNDEFINED SYMBOLS
free
abort
malloc
memcpy
fprintf
memset
_impure_ptr
