   1              		.syntax unified
   2              		.cpu cortex-m4
   3              		.eabi_attribute 27, 3
   4              		.eabi_attribute 28, 1
   5              		.fpu fpv4-sp-d16
   6              		.eabi_attribute 20, 1
   7              		.eabi_attribute 21, 1
   8              		.eabi_attribute 23, 3
   9              		.eabi_attribute 24, 1
  10              		.eabi_attribute 25, 1
  11              		.eabi_attribute 26, 1
  12              		.eabi_attribute 30, 4
  13              		.eabi_attribute 34, 1
  14              		.eabi_attribute 18, 4
  15              		.thumb
  16              		.file	"def_pars.c"
  17              		.text
  18              	.Ltext0:
  19              		.cfi_sections	.debug_frame
  20              		.global	__aeabi_i2d
  21              		.global	__aeabi_dmul
  22              		.global	__aeabi_ddiv
  23              		.global	__aeabi_d2iz
  24              		.section	.text.init_synth,"ax",%progbits
  25              		.align	1
  26              		.global	init_synth
  27              		.thumb
  28              		.thumb_func
  30              	init_synth:
  31              	.LFB0:
  32              		.file 1 "lib/rsynth-2.0-port/def_pars.c"
   1:lib/rsynth-2.0-port/def_pars.c **** #include <config.h>
   2:lib/rsynth-2.0-port/def_pars.c **** /* def_pars.c
   3:lib/rsynth-2.0-port/def_pars.c ****  */
   4:lib/rsynth-2.0-port/def_pars.c **** #include <stdio.h>
   5:lib/rsynth-2.0-port/def_pars.c **** #include <math.h>
   6:lib/rsynth-2.0-port/def_pars.c **** #include "nsynth.h"
   7:lib/rsynth-2.0-port/def_pars.c **** 
   8:lib/rsynth-2.0-port/def_pars.c **** klatt_global_t klatt_global;
   9:lib/rsynth-2.0-port/def_pars.c **** 
  10:lib/rsynth-2.0-port/def_pars.c **** /* default values for pars array from .doc file */
  11:lib/rsynth-2.0-port/def_pars.c **** klatt_frame_t def_pars =
  12:lib/rsynth-2.0-port/def_pars.c **** {
  13:lib/rsynth-2.0-port/def_pars.c **** #include "pars.def"
  14:lib/rsynth-2.0-port/def_pars.c **** };
  15:lib/rsynth-2.0-port/def_pars.c **** 
  16:lib/rsynth-2.0-port/def_pars.c **** 
  17:lib/rsynth-2.0-port/def_pars.c **** long samp_rate = 8000;
  18:lib/rsynth-2.0-port/def_pars.c **** 
  19:lib/rsynth-2.0-port/def_pars.c **** void init_synth(void)
  20:lib/rsynth-2.0-port/def_pars.c **** {
  33              		.loc 1 20 0
  34              		.cfi_startproc
  35              		@ args = 0, pretend = 0, frame = 0
  36              		@ frame_needed = 0, uses_anonymous_args = 0
  37 0000 10B5     		push	{r4, lr}
  38              	.LCFI0:
  39              		.cfi_def_cfa_offset 8
  40              		.cfi_offset 4, -8
  41              		.cfi_offset 14, -4
  42              	.LVL0:
  21:lib/rsynth-2.0-port/def_pars.c **** 	//double mSec_per_frame = 10;
  22:lib/rsynth-2.0-port/def_pars.c **** 	double mSec_per_frame = 8;
  23:lib/rsynth-2.0-port/def_pars.c **** 	//int impulse = 0;
  24:lib/rsynth-2.0-port/def_pars.c **** 	int impulse = 1;
  25:lib/rsynth-2.0-port/def_pars.c **** 	//int casc = 1;
  26:lib/rsynth-2.0-port/def_pars.c **** 	int casc = 2;
  27:lib/rsynth-2.0-port/def_pars.c **** 	klatt_global.samrate = samp_rate;
  43              		.loc 1 27 0
  44 0002 0D4B     		ldr	r3, .L2
  45 0004 1868     		ldr	r0, [r3, #0]
  46 0006 0D4C     		ldr	r4, .L2+4
  47 0008 2061     		str	r0, [r4, #16]
  28:lib/rsynth-2.0-port/def_pars.c **** 	klatt_global.quiet_flag = TRUE;
  48              		.loc 1 28 0
  49 000a 0123     		movs	r3, #1
  50 000c 6360     		str	r3, [r4, #4]
  29:lib/rsynth-2.0-port/def_pars.c **** 	klatt_global.glsource = NATURAL;
  30:lib/rsynth-2.0-port/def_pars.c **** 	klatt_global.f0_flutter = 0;
  51              		.loc 1 30 0
  52 000e 0022     		movs	r2, #0
  53 0010 A260     		str	r2, [r4, #8]
  31:lib/rsynth-2.0-port/def_pars.c **** 
  32:lib/rsynth-2.0-port/def_pars.c **** 	//	klatt_global.quiet_flag, "Quiet - minimal messages",
  33:lib/rsynth-2.0-port/def_pars.c **** 	//	impulse,                 "Impulse glottal source",
  34:lib/rsynth-2.0-port/def_pars.c **** 	//	casc,                    "Number cascade formants",
  35:lib/rsynth-2.0-port/def_pars.c **** 	//	klatt_global.f0_flutter, "F0 flutter",
  36:lib/rsynth-2.0-port/def_pars.c **** 	//	mSec_per_frame,         "mSec per frame",
  37:lib/rsynth-2.0-port/def_pars.c **** 	//	def_pars.TLTdb,          "Tilt dB",
  38:lib/rsynth-2.0-port/def_pars.c **** 	//	def_pars.F0hz10,         "Base F0 in 0.1Hz",
  39:lib/rsynth-2.0-port/def_pars.c **** 
  40:lib/rsynth-2.0-port/def_pars.c **** 	if (casc > 0)
  41:lib/rsynth-2.0-port/def_pars.c **** 	{
  42:lib/rsynth-2.0-port/def_pars.c **** 		klatt_global.synthesis_model = CASCADE_PARALLEL;
  54              		.loc 1 42 0
  55 0012 2360     		str	r3, [r4, #0]
  43:lib/rsynth-2.0-port/def_pars.c **** 		klatt_global.nfcascade = casc;
  56              		.loc 1 43 0
  57 0014 0222     		movs	r2, #2
  58 0016 6261     		str	r2, [r4, #20]
  44:lib/rsynth-2.0-port/def_pars.c **** 	}
  45:lib/rsynth-2.0-port/def_pars.c **** 	else
  46:lib/rsynth-2.0-port/def_pars.c **** 		klatt_global.synthesis_model = ALL_PARALLEL;
  47:lib/rsynth-2.0-port/def_pars.c **** 
  48:lib/rsynth-2.0-port/def_pars.c **** 	if (impulse)
  49:lib/rsynth-2.0-port/def_pars.c **** 		klatt_global.glsource = IMPULSIVE;
  59              		.loc 1 49 0
  60 0018 A361     		str	r3, [r4, #24]
  50:lib/rsynth-2.0-port/def_pars.c **** 
  51:lib/rsynth-2.0-port/def_pars.c **** 	klatt_global.nspfr = (klatt_global.samrate * mSec_per_frame) / 1000;
  61              		.loc 1 51 0
  62 001a FFF7FEFF 		bl	__aeabi_i2d
  63              	.LVL1:
  64 001e 0022     		movs	r2, #0
  65 0020 074B     		ldr	r3, .L2+8
  66 0022 FFF7FEFF 		bl	__aeabi_dmul
  67              	.LVL2:
  68 0026 0022     		movs	r2, #0
  69 0028 064B     		ldr	r3, .L2+12
  70 002a FFF7FEFF 		bl	__aeabi_ddiv
  71              	.LVL3:
  72 002e FFF7FEFF 		bl	__aeabi_d2iz
  73              	.LVL4:
  74 0032 E061     		str	r0, [r4, #28]
  75 0034 10BD     		pop	{r4, pc}
  76              	.L3:
  77 0036 00BF     		.align	2
  78              	.L2:
  79 0038 00000000 		.word	.LANCHOR0
  80 003c 00000000 		.word	.LANCHOR1
  81 0040 00002040 		.word	1075838976
  82 0044 00408F40 		.word	1083129856
  83              		.cfi_endproc
  84              	.LFE0:
  86              		.global	samp_rate
  87              		.global	def_pars
  88              		.global	klatt_global
  89              		.section	.bss.klatt_global,"aw",%nobits
  90              		.align	2
  91              		.set	.LANCHOR1,. + 0
  94              	klatt_global:
  95 0000 00000000 		.space	32
  95      00000000 
  95      00000000 
  95      00000000 
  95      00000000 
  96              		.section	.data.samp_rate,"aw",%progbits
  97              		.align	2
  98              		.set	.LANCHOR0,. + 0
 101              	samp_rate:
 102 0000 401F0000 		.word	8000
 103              		.section	.data.def_pars,"aw",%progbits
 104              		.align	2
 107              	def_pars:
 108 0000 32050000 		.word	1330
 109 0004 3C000000 		.word	60
 110 0008 F4010000 		.word	500
 111 000c 3C000000 		.word	60
 112 0010 DC050000 		.word	1500
 113 0014 5A000000 		.word	90
 114 0018 F00A0000 		.word	2800
 115 001c 96000000 		.word	150
 116 0020 B20C0000 		.word	3250
 117 0024 C8000000 		.word	200
 118 0028 740E0000 		.word	3700
 119 002c C8000000 		.word	200
 120 0030 7E130000 		.word	4990
 121 0034 F4010000 		.word	500
 122 0038 0E010000 		.word	270
 123 003c 64000000 		.word	100
 124 0040 0E010000 		.word	270
 125 0044 64000000 		.word	100
 126 0048 00000000 		.word	0
 127 004c 1E000000 		.word	30
 128 0050 00000000 		.word	0
 129 0054 0A000000 		.word	10
 130 0058 00000000 		.word	0
 131 005c 00000000 		.word	0
 132 0060 00000000 		.word	0
 133 0064 50000000 		.word	80
 134 0068 00000000 		.word	0
 135 006c C8000000 		.word	200
 136 0070 00000000 		.word	0
 137 0074 5E010000 		.word	350
 138 0078 00000000 		.word	0
 139 007c F4010000 		.word	500
 140 0080 00000000 		.word	0
 141 0084 58020000 		.word	600
 142 0088 00000000 		.word	0
 143 008c 20030000 		.word	800
 144 0090 00000000 		.word	0
 145 0094 00000000 		.word	0
 146 0098 00000000 		.word	0
 147 009c 3E000000 		.word	62
 148              		.text
 149              	.Letext0:
 150              		.file 2 "lib/rsynth-2.0-port/nsynth.h"
DEFINED SYMBOLS
                            *ABS*:00000000 def_pars.c
     /tmp/ccQ1dMTq.s:25     .text.init_synth:00000000 $t
     /tmp/ccQ1dMTq.s:30     .text.init_synth:00000000 init_synth
     /tmp/ccQ1dMTq.s:79     .text.init_synth:00000038 $d
     /tmp/ccQ1dMTq.s:101    .data.samp_rate:00000000 samp_rate
     /tmp/ccQ1dMTq.s:107    .data.def_pars:00000000 def_pars
     /tmp/ccQ1dMTq.s:94     .bss.klatt_global:00000000 klatt_global
     /tmp/ccQ1dMTq.s:90     .bss.klatt_global:00000000 $d
     /tmp/ccQ1dMTq.s:97     .data.samp_rate:00000000 $d
     /tmp/ccQ1dMTq.s:104    .data.def_pars:00000000 $d
                     .debug_frame:00000010 $d

UNDEFINED SYMBOLS
__aeabi_i2d
__aeabi_dmul
__aeabi_ddiv
__aeabi_d2iz
