   1              		.syntax unified
   2              		.cpu cortex-m4
   3              		.eabi_attribute 27, 3
   4              		.eabi_attribute 28, 1
   5              		.fpu fpv4-sp-d16
   6              		.eabi_attribute 20, 1
   7              		.eabi_attribute 21, 1
   8              		.eabi_attribute 23, 3
   9              		.eabi_attribute 24, 1
  10              		.eabi_attribute 25, 1
  11              		.eabi_attribute 26, 1
  12              		.eabi_attribute 30, 4
  13              		.eabi_attribute 34, 1
  14              		.eabi_attribute 18, 4
  15              		.thumb
  16              		.file	"trie.c"
  17              		.text
  18              	.Ltext0:
  19              		.cfi_sections	.debug_frame
  20              		.section	.text.trie_insert,"ax",%progbits
  21              		.align	1
  22              		.global	trie_insert
  23              		.thumb
  24              		.thumb_func
  26              	trie_insert:
  27              	.LFB112:
  28              		.file 1 "lib/rsynth-2.0-port/trie.c"
   1:lib/rsynth-2.0-port/trie.c **** #include <config.h>
   2:lib/rsynth-2.0-port/trie.c **** /* trie.c
   3:lib/rsynth-2.0-port/trie.c ****  */
   4:lib/rsynth-2.0-port/trie.c **** 
   5:lib/rsynth-2.0-port/trie.c **** #include "stm32f4xx.h"
   6:lib/rsynth-2.0-port/trie.c **** #include "platform_config.h"
   7:lib/rsynth-2.0-port/trie.c **** #include "hw_config.h"
   8:lib/rsynth-2.0-port/trie.c **** 
   9:lib/rsynth-2.0-port/trie.c **** #include <stdio.h>
  10:lib/rsynth-2.0-port/trie.c **** #include "trie.h"
  11:lib/rsynth-2.0-port/trie.c **** 
  12:lib/rsynth-2.0-port/trie.c **** #include <ctype.h>
  13:lib/rsynth-2.0-port/trie.c **** 
  14:lib/rsynth-2.0-port/trie.c **** struct trie_s
  15:lib/rsynth-2.0-port/trie.c ****  {
  16:lib/rsynth-2.0-port/trie.c ****   struct trie_s *otherwise;
  17:lib/rsynth-2.0-port/trie.c ****   struct trie_s *more;
  18:lib/rsynth-2.0-port/trie.c ****   void *value;
  19:lib/rsynth-2.0-port/trie.c ****   char ch;
  20:lib/rsynth-2.0-port/trie.c ****  };
  21:lib/rsynth-2.0-port/trie.c **** 
  22:lib/rsynth-2.0-port/trie.c **** void trie_insert(trie_ptr *r, char *s, void *value)
  23:lib/rsynth-2.0-port/trie.c **** {
  29              		.loc 1 23 0
  30              		.cfi_startproc
  31              		@ args = 0, pretend = 0, frame = 0
  32              		@ frame_needed = 0, uses_anonymous_args = 0
  33              	.LVL0:
  34 0000 2DE9F843 		push	{r3, r4, r5, r6, r7, r8, r9, lr}
  35              	.LCFI0:
  36              		.cfi_def_cfa_offset 32
  37              		.cfi_offset 3, -32
  38              		.cfi_offset 4, -28
  39              		.cfi_offset 5, -24
  40              		.cfi_offset 6, -20
  41              		.cfi_offset 7, -16
  42              		.cfi_offset 8, -12
  43              		.cfi_offset 9, -8
  44              		.cfi_offset 14, -4
  45 0004 0546     		mov	r5, r0
  46 0006 0F46     		mov	r7, r1
  47 0008 9046     		mov	r8, r2
  48              	.LVL1:
  24:lib/rsynth-2.0-port/trie.c **** 	trie_ptr p = NULL;
  49              		.loc 1 24 0
  50 000a 0024     		movs	r4, #0
  25:lib/rsynth-2.0-port/trie.c **** 	char ch;
  26:lib/rsynth-2.0-port/trie.c **** 	while ((ch = *s++))
  27:lib/rsynth-2.0-port/trie.c **** 	{
  28:lib/rsynth-2.0-port/trie.c **** 		while ((p = *r))
  29:lib/rsynth-2.0-port/trie.c **** 		{
  30:lib/rsynth-2.0-port/trie.c **** 			if (p->ch == ch)
  31:lib/rsynth-2.0-port/trie.c **** 				break;
  32:lib/rsynth-2.0-port/trie.c **** 			else
  33:lib/rsynth-2.0-port/trie.c **** 		r = &p->otherwise;
  34:lib/rsynth-2.0-port/trie.c **** 		}
  35:lib/rsynth-2.0-port/trie.c **** 		if (!p)
  36:lib/rsynth-2.0-port/trie.c **** 		{
  37:lib/rsynth-2.0-port/trie.c **** 			p = (trie_ptr) malloc(sizeof(*p));
  38:lib/rsynth-2.0-port/trie.c **** 			if(p){
  39:lib/rsynth-2.0-port/trie.c **** 				memset(p, 0, sizeof(*p));
  40:lib/rsynth-2.0-port/trie.c **** 				p->ch = ch;
  41:lib/rsynth-2.0-port/trie.c **** 				*r = p;
  42:lib/rsynth-2.0-port/trie.c **** 			}else{
  43:lib/rsynth-2.0-port/trie.c **** 				fprintf(stderr, "memory shortage (trie_insert)\n");
  51              		.loc 1 43 0
  52 000c DFF85890 		ldr	r9, .L15+4
  26:lib/rsynth-2.0-port/trie.c **** 	while ((ch = *s++))
  53              		.loc 1 26 0
  54 0010 18E0     		b	.L2
  55              	.LVL2:
  56              	.L4:
  30:lib/rsynth-2.0-port/trie.c **** 			if (p->ch == ch)
  57              		.loc 1 30 0
  58 0012 94F90C20 		ldrsb	r2, [r4, #12]
  59 0016 9A42     		cmp	r2, r3
  60 0018 13D0     		beq	.L3
  33:lib/rsynth-2.0-port/trie.c **** 		r = &p->otherwise;
  61              		.loc 1 33 0
  62 001a 2546     		mov	r5, r4
  63              	.LVL3:
  64 001c 00E0     		b	.L10
  65              	.LVL4:
  66              	.L12:
  30:lib/rsynth-2.0-port/trie.c **** 			if (p->ch == ch)
  67              		.loc 1 30 0 discriminator 1
  68 001e 73B2     		sxtb	r3, r6
  69              	.L10:
  28:lib/rsynth-2.0-port/trie.c **** 		while ((p = *r))
  70              		.loc 1 28 0 discriminator 1
  71 0020 2C68     		ldr	r4, [r5, #0]
  72              	.LVL5:
  73 0022 002C     		cmp	r4, #0
  74 0024 F5D1     		bne	.L4
  75 0026 15E0     		b	.L11
  76              	.LVL6:
  77              	.L8:
  39:lib/rsynth-2.0-port/trie.c **** 				memset(p, 0, sizeof(*p));
  78              		.loc 1 39 0
  79 0028 0021     		movs	r1, #0
  80 002a 1022     		movs	r2, #16
  81 002c FFF7FEFF 		bl	memset
  82              	.LVL7:
  40:lib/rsynth-2.0-port/trie.c **** 				p->ch = ch;
  83              		.loc 1 40 0
  84 0030 2673     		strb	r6, [r4, #12]
  41:lib/rsynth-2.0-port/trie.c **** 				*r = p;
  85              		.loc 1 41 0
  86 0032 2C60     		str	r4, [r5, #0]
  87 0034 05E0     		b	.L3
  88              	.LVL8:
  89              	.L14:
  90              		.loc 1 43 0
  91 0036 D9F80030 		ldr	r3, [r9, #0]
  92 003a D868     		ldr	r0, [r3, #12]
  93              	.LVL9:
  94 003c 0949     		ldr	r1, .L15
  95 003e FFF7FEFF 		bl	fprintf
  96              	.LVL10:
  97              	.L3:
  44:lib/rsynth-2.0-port/trie.c **** 			}
  45:lib/rsynth-2.0-port/trie.c **** 		}
  46:lib/rsynth-2.0-port/trie.c **** 		r = &p->more;
  98              		.loc 1 46 0
  99 0042 251D     		adds	r5, r4, #4
 100              	.LVL11:
 101              	.L2:
  26:lib/rsynth-2.0-port/trie.c **** 	while ((ch = *s++))
 102              		.loc 1 26 0 discriminator 1
 103 0044 17F8016B 		ldrb	r6, [r7], #1	@ zero_extendqisi2
 104              	.LVL12:
 105 0048 002E     		cmp	r6, #0
 106 004a E8D1     		bne	.L12
  47:lib/rsynth-2.0-port/trie.c **** 	}
  48:lib/rsynth-2.0-port/trie.c **** 	p->value = value;
 107              		.loc 1 48 0
 108 004c C4F80880 		str	r8, [r4, #8]
 109 0050 BDE8F883 		pop	{r3, r4, r5, r6, r7, r8, r9, pc}
 110              	.LVL13:
 111              	.L11:
  37:lib/rsynth-2.0-port/trie.c **** 			p = (trie_ptr) malloc(sizeof(*p));
 112              		.loc 1 37 0
 113 0054 1020     		movs	r0, #16
 114 0056 FFF7FEFF 		bl	malloc
 115              	.LVL14:
  38:lib/rsynth-2.0-port/trie.c **** 			if(p){
 116              		.loc 1 38 0
 117 005a 0446     		mov	r4, r0
 118 005c 0028     		cmp	r0, #0
 119 005e E3D1     		bne	.L8
 120 0060 E9E7     		b	.L14
 121              	.L16:
 122 0062 00BF     		.align	2
 123              	.L15:
 124 0064 00000000 		.word	.LC0
 125 0068 00000000 		.word	_impure_ptr
 126              		.cfi_endproc
 127              	.LFE112:
 129              		.section	.text.trie_lookup,"ax",%progbits
 130              		.align	1
 131              		.global	trie_lookup
 132              		.thumb
 133              		.thumb_func
 135              	trie_lookup:
 136              	.LFB113:
  49:lib/rsynth-2.0-port/trie.c **** }
  50:lib/rsynth-2.0-port/trie.c **** 
  51:lib/rsynth-2.0-port/trie.c **** void *trie_lookup(trie_ptr *r, char **sp)
  52:lib/rsynth-2.0-port/trie.c **** {
 137              		.loc 1 52 0
 138              		.cfi_startproc
 139              		@ args = 0, pretend = 0, frame = 0
 140              		@ frame_needed = 0, uses_anonymous_args = 0
 141              	.LVL15:
 142 0000 F0B5     		push	{r4, r5, r6, r7, lr}
 143              	.LCFI1:
 144              		.cfi_def_cfa_offset 20
 145              		.cfi_offset 4, -20
 146              		.cfi_offset 5, -16
 147              		.cfi_offset 6, -12
 148              		.cfi_offset 7, -8
 149              		.cfi_offset 14, -4
 150 0002 0246     		mov	r2, r0
 151              	.LVL16:
 152 0004 0D68     		ldr	r5, [r1, #0]
  53:lib/rsynth-2.0-port/trie.c **** 	char *s = *sp;
  54:lib/rsynth-2.0-port/trie.c **** 	char *value = NULL;
 153              		.loc 1 54 0
 154 0006 0020     		movs	r0, #0
 155              	.LVL17:
  55:lib/rsynth-2.0-port/trie.c **** 	char ch;
  56:lib/rsynth-2.0-port/trie.c **** 	
  57:lib/rsynth-2.0-port/trie.c **** 	//printf("----------------- trie_lookup BEGIN\n");
  58:lib/rsynth-2.0-port/trie.c **** 	
  59:lib/rsynth-2.0-port/trie.c **** 	while ((ch = *s))
 156              		.loc 1 59 0
 157 0008 09E0     		b	.L18
 158              	.LVL18:
 159              	.L20:
 160              	.LBB2:
  60:lib/rsynth-2.0-port/trie.c **** 	{
  61:lib/rsynth-2.0-port/trie.c **** 		//printf("ch=%c\n", (int)ch);
  62:lib/rsynth-2.0-port/trie.c **** 		
  63:lib/rsynth-2.0-port/trie.c **** 		trie_ptr *l = r;
  64:lib/rsynth-2.0-port/trie.c **** 		trie_ptr p;
  65:lib/rsynth-2.0-port/trie.c **** 		while ((p = *l))
  66:lib/rsynth-2.0-port/trie.c **** 		{
  67:lib/rsynth-2.0-port/trie.c **** 			//printf("p->ch=%c\n", p->ch);
  68:lib/rsynth-2.0-port/trie.c **** 			
  69:lib/rsynth-2.0-port/trie.c **** 			if (p->ch == ch){
 161              		.loc 1 69 0
 162 000a 93F90CC0 		ldrsb	ip, [r3, #12]
 163 000e B445     		cmp	ip, r6
 164 0010 0DD0     		beq	.L19
  70:lib/rsynth-2.0-port/trie.c **** 				//printf("found ch=%c\n", (int)ch);
  71:lib/rsynth-2.0-port/trie.c **** 				break;
  72:lib/rsynth-2.0-port/trie.c **** 			}else{
  73:lib/rsynth-2.0-port/trie.c **** 				l = &p->otherwise;
 165              		.loc 1 73 0
 166 0012 1C46     		mov	r4, r3
 167              	.LVL19:
 168              	.L22:
  65:lib/rsynth-2.0-port/trie.c **** 		while ((p = *l))
 169              		.loc 1 65 0 discriminator 1
 170 0014 2368     		ldr	r3, [r4, #0]
 171              	.LVL20:
 172 0016 002B     		cmp	r3, #0
 173 0018 F7D1     		bne	.L20
 174              	.LVL21:
 175              	.L21:
 176              	.LBE2:
  74:lib/rsynth-2.0-port/trie.c **** 			}
  75:lib/rsynth-2.0-port/trie.c **** 		}
  76:lib/rsynth-2.0-port/trie.c **** 		
  77:lib/rsynth-2.0-port/trie.c **** 		if (p)
  78:lib/rsynth-2.0-port/trie.c **** 		{
  79:lib/rsynth-2.0-port/trie.c **** 			*l = p->otherwise;
  80:lib/rsynth-2.0-port/trie.c **** 			p->otherwise = *r;
  81:lib/rsynth-2.0-port/trie.c **** 			*r = p;
  82:lib/rsynth-2.0-port/trie.c **** 			r = &p->more;
  83:lib/rsynth-2.0-port/trie.c **** 			value = (char *) p->value;
  84:lib/rsynth-2.0-port/trie.c **** 			s++;
  85:lib/rsynth-2.0-port/trie.c **** 		}
  86:lib/rsynth-2.0-port/trie.c **** 		else
  87:lib/rsynth-2.0-port/trie.c **** 			break;
  88:lib/rsynth-2.0-port/trie.c **** 	}
  89:lib/rsynth-2.0-port/trie.c **** 	*sp = s;
 177              		.loc 1 89 0
 178 001a 0F60     		str	r7, [r1, #0]
 179 001c F0BD     		pop	{r4, r5, r6, r7, pc}
 180              	.LVL22:
 181              	.L18:
 182 001e 2F46     		mov	r7, r5
 183              	.LVL23:
  59:lib/rsynth-2.0-port/trie.c **** 	while ((ch = *s))
 184              		.loc 1 59 0 discriminator 1
 185 0020 15F8013B 		ldrb	r3, [r5], #1	@ zero_extendqisi2
 186              	.LVL24:
 187 0024 002B     		cmp	r3, #0
 188 0026 F8D0     		beq	.L21
 189 0028 1446     		mov	r4, r2
 190              	.LBB3:
  69:lib/rsynth-2.0-port/trie.c **** 			if (p->ch == ch){
 191              		.loc 1 69 0 discriminator 1
 192 002a 5EB2     		sxtb	r6, r3
 193 002c F2E7     		b	.L22
 194              	.LVL25:
 195              	.L19:
  79:lib/rsynth-2.0-port/trie.c **** 			*l = p->otherwise;
 196              		.loc 1 79 0
 197 002e 1868     		ldr	r0, [r3, #0]
 198 0030 2060     		str	r0, [r4, #0]
  80:lib/rsynth-2.0-port/trie.c **** 			p->otherwise = *r;
 199              		.loc 1 80 0
 200 0032 1068     		ldr	r0, [r2, #0]
 201 0034 1860     		str	r0, [r3, #0]
  81:lib/rsynth-2.0-port/trie.c **** 			*r = p;
 202              		.loc 1 81 0
 203 0036 1360     		str	r3, [r2, #0]
  82:lib/rsynth-2.0-port/trie.c **** 			r = &p->more;
 204              		.loc 1 82 0
 205 0038 1A1D     		adds	r2, r3, #4
 206              	.LVL26:
  83:lib/rsynth-2.0-port/trie.c **** 			value = (char *) p->value;
 207              		.loc 1 83 0
 208 003a 9868     		ldr	r0, [r3, #8]
 209              	.LVL27:
 210 003c EFE7     		b	.L18
 211              	.LBE3:
 212              		.cfi_endproc
 213              	.LFE113:
 215              		.section	.rodata.str1.1,"aMS",%progbits,1
 216              	.LC0:
 217 0000 6D656D6F 		.ascii	"memory shortage (trie_insert)\012\000"
 217      72792073 
 217      686F7274 
 217      61676520 
 217      28747269 
 218              		.text
 219              	.Letext0:
 220              		.file 2 "/opt/ARM/arm-linaro-eabi-4.6/lib/gcc/arm-none-eabi/4.7.3/include/stdint-gcc.h"
 221              		.file 3 "/opt/ARM/arm-linaro-eabi-4.6/lib/gcc/arm-none-eabi/4.7.3/include/stddef.h"
 222              		.file 4 "/opt/ARM/arm-linaro-eabi-4.6/lib/gcc/arm-none-eabi/4.7.3/../../../../arm-none-eabi/includ
 223              		.file 5 "/opt/ARM/arm-linaro-eabi-4.6/lib/gcc/arm-none-eabi/4.7.3/../../../../arm-none-eabi/includ
 224              		.file 6 "/opt/ARM/arm-linaro-eabi-4.6/lib/gcc/arm-none-eabi/4.7.3/../../../../arm-none-eabi/includ
 225              		.file 7 "/opt/ARM/arm-linaro-eabi-4.6/lib/gcc/arm-none-eabi/4.7.3/../../../../arm-none-eabi/includ
 226              		.file 8 "lib/rsynth-2.0-port/trie.h"
 227              		.file 9 "./lib/CMSIS/Include/core_cm4.h"
 228              		.file 10 "./inc/systick.h"
 229              		.file 11 "/opt/ARM/arm-linaro-eabi-4.6/lib/gcc/arm-none-eabi/4.7.3/../../../../arm-none-eabi/inclu
 230              		.file 12 "/opt/ARM/arm-linaro-eabi-4.6/lib/gcc/arm-none-eabi/4.7.3/../../../../arm-none-eabi/inclu
DEFINED SYMBOLS
                            *ABS*:00000000 trie.c
     /tmp/ccWWhMzx.s:21     .text.trie_insert:00000000 $t
     /tmp/ccWWhMzx.s:26     .text.trie_insert:00000000 trie_insert
     /tmp/ccWWhMzx.s:124    .text.trie_insert:00000064 $d
     /tmp/ccWWhMzx.s:130    .text.trie_lookup:00000000 $t
     /tmp/ccWWhMzx.s:135    .text.trie_lookup:00000000 trie_lookup
                     .debug_frame:00000010 $d

UNDEFINED SYMBOLS
memset
fprintf
malloc
_impure_ptr
