Archive member included to satisfy reference by file (symbol)

/usr/lib/gcc/arm-none-eabi/8.3.1/../../../arm-none-eabi/lib/thumb/v7e-m+fp/hard/libm.a(lib_a-sf_cos.o)
                              parwave.o (cosf)
/usr/lib/gcc/arm-none-eabi/8.3.1/../../../arm-none-eabi/lib/thumb/v7e-m+fp/hard/libm.a(lib_a-sf_fabs.o)
                              newvotrax.o (fabsf)
/usr/lib/gcc/arm-none-eabi/8.3.1/../../../arm-none-eabi/lib/thumb/v7e-m+fp/hard/libm.a(lib_a-sf_sin.o)
                              nvp.o (sinf)
/usr/lib/gcc/arm-none-eabi/8.3.1/../../../arm-none-eabi/lib/thumb/v7e-m+fp/hard/libm.a(lib_a-sf_tan.o)
                              newvotrax.o (tanf)
/usr/lib/gcc/arm-none-eabi/8.3.1/../../../arm-none-eabi/lib/thumb/v7e-m+fp/hard/libm.a(lib_a-wf_exp.o)
                              parwave.o (expf)
/usr/lib/gcc/arm-none-eabi/8.3.1/../../../arm-none-eabi/lib/thumb/v7e-m+fp/hard/libm.a(lib_a-wf_fmod.o)
                              nvp.o (fmodf)
/usr/lib/gcc/arm-none-eabi/8.3.1/../../../arm-none-eabi/lib/thumb/v7e-m+fp/hard/libm.a(lib_a-wf_pow.o)
                              rsynth_2005/opsynth.o (powf)
/usr/lib/gcc/arm-none-eabi/8.3.1/../../../arm-none-eabi/lib/thumb/v7e-m+fp/hard/libm.a(lib_a-wf_sqrt.o)
                              newvotrax.o (sqrtf)
/usr/lib/gcc/arm-none-eabi/8.3.1/../../../arm-none-eabi/lib/thumb/v7e-m+fp/hard/libm.a(lib_a-ef_exp.o)
                              /usr/lib/gcc/arm-none-eabi/8.3.1/../../../arm-none-eabi/lib/thumb/v7e-m+fp/hard/libm.a(lib_a-wf_exp.o) (__ieee754_expf)
/usr/lib/gcc/arm-none-eabi/8.3.1/../../../arm-none-eabi/lib/thumb/v7e-m+fp/hard/libm.a(lib_a-ef_fmod.o)
                              /usr/lib/gcc/arm-none-eabi/8.3.1/../../../arm-none-eabi/lib/thumb/v7e-m+fp/hard/libm.a(lib_a-wf_fmod.o) (__ieee754_fmodf)
/usr/lib/gcc/arm-none-eabi/8.3.1/../../../arm-none-eabi/lib/thumb/v7e-m+fp/hard/libm.a(lib_a-ef_pow.o)
                              /usr/lib/gcc/arm-none-eabi/8.3.1/../../../arm-none-eabi/lib/thumb/v7e-m+fp/hard/libm.a(lib_a-wf_pow.o) (__ieee754_powf)
/usr/lib/gcc/arm-none-eabi/8.3.1/../../../arm-none-eabi/lib/thumb/v7e-m+fp/hard/libm.a(lib_a-ef_rem_pio2.o)
                              /usr/lib/gcc/arm-none-eabi/8.3.1/../../../arm-none-eabi/lib/thumb/v7e-m+fp/hard/libm.a(lib_a-sf_cos.o) (__ieee754_rem_pio2f)
/usr/lib/gcc/arm-none-eabi/8.3.1/../../../arm-none-eabi/lib/thumb/v7e-m+fp/hard/libm.a(lib_a-ef_sqrt.o)
                              /usr/lib/gcc/arm-none-eabi/8.3.1/../../../arm-none-eabi/lib/thumb/v7e-m+fp/hard/libm.a(lib_a-wf_sqrt.o) (__ieee754_sqrtf)
/usr/lib/gcc/arm-none-eabi/8.3.1/../../../arm-none-eabi/lib/thumb/v7e-m+fp/hard/libm.a(lib_a-kf_cos.o)
                              /usr/lib/gcc/arm-none-eabi/8.3.1/../../../arm-none-eabi/lib/thumb/v7e-m+fp/hard/libm.a(lib_a-sf_cos.o) (__kernel_cosf)
/usr/lib/gcc/arm-none-eabi/8.3.1/../../../arm-none-eabi/lib/thumb/v7e-m+fp/hard/libm.a(lib_a-kf_rem_pio2.o)
                              /usr/lib/gcc/arm-none-eabi/8.3.1/../../../arm-none-eabi/lib/thumb/v7e-m+fp/hard/libm.a(lib_a-ef_rem_pio2.o) (__kernel_rem_pio2f)
/usr/lib/gcc/arm-none-eabi/8.3.1/../../../arm-none-eabi/lib/thumb/v7e-m+fp/hard/libm.a(lib_a-kf_sin.o)
                              /usr/lib/gcc/arm-none-eabi/8.3.1/../../../arm-none-eabi/lib/thumb/v7e-m+fp/hard/libm.a(lib_a-sf_cos.o) (__kernel_sinf)
/usr/lib/gcc/arm-none-eabi/8.3.1/../../../arm-none-eabi/lib/thumb/v7e-m+fp/hard/libm.a(lib_a-kf_tan.o)
                              /usr/lib/gcc/arm-none-eabi/8.3.1/../../../arm-none-eabi/lib/thumb/v7e-m+fp/hard/libm.a(lib_a-sf_tan.o) (__kernel_tanf)
/usr/lib/gcc/arm-none-eabi/8.3.1/../../../arm-none-eabi/lib/thumb/v7e-m+fp/hard/libm.a(lib_a-s_lib_ver.o)
                              /usr/lib/gcc/arm-none-eabi/8.3.1/../../../arm-none-eabi/lib/thumb/v7e-m+fp/hard/libm.a(lib_a-wf_exp.o) (__fdlib_version)
/usr/lib/gcc/arm-none-eabi/8.3.1/../../../arm-none-eabi/lib/thumb/v7e-m+fp/hard/libm.a(lib_a-sf_finite.o)
                              /usr/lib/gcc/arm-none-eabi/8.3.1/../../../arm-none-eabi/lib/thumb/v7e-m+fp/hard/libm.a(lib_a-wf_exp.o) (finitef)
/usr/lib/gcc/arm-none-eabi/8.3.1/../../../arm-none-eabi/lib/thumb/v7e-m+fp/hard/libm.a(lib_a-sf_floor.o)
                              /usr/lib/gcc/arm-none-eabi/8.3.1/../../../arm-none-eabi/lib/thumb/v7e-m+fp/hard/libm.a(lib_a-kf_rem_pio2.o) (floorf)
/usr/lib/gcc/arm-none-eabi/8.3.1/../../../arm-none-eabi/lib/thumb/v7e-m+fp/hard/libm.a(lib_a-sf_nan.o)
                              /usr/lib/gcc/arm-none-eabi/8.3.1/../../../arm-none-eabi/lib/thumb/v7e-m+fp/hard/libm.a(lib_a-ef_pow.o) (nanf)
/usr/lib/gcc/arm-none-eabi/8.3.1/../../../arm-none-eabi/lib/thumb/v7e-m+fp/hard/libm.a(lib_a-sf_rint.o)
                              /usr/lib/gcc/arm-none-eabi/8.3.1/../../../arm-none-eabi/lib/thumb/v7e-m+fp/hard/libm.a(lib_a-wf_pow.o) (rintf)
/usr/lib/gcc/arm-none-eabi/8.3.1/../../../arm-none-eabi/lib/thumb/v7e-m+fp/hard/libm.a(lib_a-sf_scalbn.o)
[...]
Memory Configuration

Name             Origin             Length             Attributes
FLASH            0x0000000008000000 0x0000000000100000 xr
RAM              0x0000000020000000 0x0000000000020000 xrw
CCM              0x0000000010000000 0x0000000000010000 xrw
*default*        0x0000000000000000 0xffffffffffffffff

Linker script and memory map

LOAD /usr/lib/gcc/arm-none-eabi/8.3.1/thumb/v7e-m+fp/hard/crti.o
LOAD /usr/lib/gcc/arm-none-eabi/8.3.1/thumb/v7e-m+fp/hard/crtbegin.o
LOAD /usr/lib/gcc/arm-none-eabi/8.3.1/../../../arm-none-eabi/lib/thumb/v7e-m+fp/hard/crt0.o
LOAD startup_stm32f4xx.o
LOAD system_stm32f4xx.o
LOAD main.o
LOAD codec.o
LOAD i2s.o
LOAD stm32f4xx_tim.o
LOAD adc.o
LOAD stm32f4xx_pwr.o
LOAD stm32f4xx_gpio.o
LOAD stm32f4xx_i2c.o
LOAD stm32f4xx_rcc.o
LOAD stm32f4xx_spi.o
LOAD stm32f4xx_dma.o
LOAD stm32f4xx_adc.o
LOAD syscalls.o
LOAD resources.o
LOAD audio.o
LOAD sp0256.o
LOAD simpleklatt.o
LOAD parwave.o
LOAD sam.o
LOAD render.o
LOAD tms5200x.o
LOAD digitalker.o
LOAD nvp.o
LOAD samplerate.o
LOAD newvotrax.o
LOAD sp0256bend.o
LOAD ./english2phoneme/parse.o
LOAD ./english2phoneme/saynum.o
LOAD ./english2phoneme/newenglish.o
LOAD ./english2phoneme/phoneme.o
LOAD ./english2phoneme/spellwor.o
LOAD rsynth_2005/holmes.o
LOAD rsynth_2005/elements.o
LOAD rsynth_2005/opsynth.o
LOAD ./rsynth-2.0-port/holmes.o
LOAD ./rsynth-2.0-port/elements.o
LOAD ./rsynth-2.0-port/nsynth.o
LOAD ./rsynth-2.0-port/def_pars.o
LOAD /usr/lib/gcc/arm-none-eabi/8.3.1/../../../arm-none-eabi/lib/thumb/v7e-m+fp/hard/libm.a
LOAD /usr/lib/gcc/arm-none-eabi/8.3.1/../../../arm-none-eabi/lib/thumb/v7e-m+fp/hard/libc.a
START GROUP
LOAD /usr/lib/gcc/arm-none-eabi/8.3.1/thumb/v7e-m+fp/hard/libgcc.a
LOAD /usr/lib/gcc/arm-none-eabi/8.3.1/../../../arm-none-eabi/lib/thumb/v7e-m+fp/hard/libc.a
END GROUP
LOAD /usr/lib/gcc/arm-none-eabi/8.3.1/thumb/v7e-m+fp/hard/crtend.o
LOAD /usr/lib/gcc/arm-none-eabi/8.3.1/thumb/v7e-m+fp/hard/crtn.o
                0x0000000020020000                _estack = 0x20020000
                0x0000000000000200                _Min_Heap_Size = 0x200
                0x0000000000001000                _Min_Stack_Size = 0x1000

.isr_vector     0x0000000008000000      0x188
                0x0000000008000000                . = ALIGN (0x4)
 *(.isr_vector)
 .isr_vector    0x0000000008000000      0x188 startup_stm32f4xx.o
                0x0000000008000000                g_pfnVectors
                0x0000000008000188                . = ALIGN (0x4)

.text           0x00000000080001c0    0x1d600
                0x00000000080001c0                . = ALIGN (0x4)
 *(.text)
 .text          0x00000000080001c0       0x88 /usr/lib/gcc/arm-none-eabi/8.3.1/thumb/v7e-m+fp/hard/crtbegin.o
 .text          0x0000000008000248       0x90 /usr/lib/gcc/arm-none-eabi/8.3.1/../../../arm-none-eabi/lib/thumb/v7e-m+fp/hard/libm.a(lib_a-sf_cos.o)
                0x0000000008000248                cosf
 .text          0x00000000080002d8       0x10 /usr/lib/gcc/arm-none-eabi/8.3.1/../../../arm-none-eabi/lib/thumb/v7e-m+fp/hard/libm.a(lib_a-sf_fabs.o)
                0x00000000080002d8                fabsf
 .text          0x00000000080002e8       0x94 /usr/lib/gcc/arm-none-eabi/8.3.1/../../../arm-none-eabi/lib/thumb/v7e-m+fp/hard/libm.a(lib_a-sf_sin.o)
                0x00000000080002e8                sinf
 .text          0x000000000800037c       0x5c /usr/lib/gcc/arm-none-eabi/8.3.1/../../../arm-none-eabi/lib/thumb/v7e-m+fp/hard/libm.a(lib_a-sf_tan.o)
                0x000000000800037c                tanf
 .text          0x00000000080003d8       0x7c /usr/lib/gcc/arm-none-eabi/8.3.1/../../../arm-none-eabi/lib/thumb/v7e-m+fp/hard/libm.a(lib_a-wf_exp.o)
                0x00000000080003d8                expf
 .text          0x0000000008000454      0x140 /usr/lib/gcc/arm-none-eabi/8.3.1/../../../arm-none-eabi/lib/thumb/v7e-m+fp/hard/libm.a(lib_a-wf_pow.o)
                0x0000000008000454                powf
 .text          0x0000000008000594       0x50 /usr/lib/gcc/arm-none-eabi/8.3.1/../../../arm-none-eabi/lib/thumb/v7e-m+fp/hard/libm.a(lib_a-wf_sqrt.o)
                0x0000000008000594                sqrtf
 .text          0x00000000080005e4      0x1e4 /usr/lib/gcc/arm-none-eabi/8.3.1/../../../arm-none-eabi/lib/thumb/v7e-m+fp/hard/libm.a(lib_a-ef_exp.o)
                0x00000000080005e4                __ieee754_expf
 .text          0x00000000080007c8      0x614 /usr/lib/gcc/arm-none-eabi/8.3.1/../../../arm-none-eabi/lib/thumb/v7e-m+fp/hard/libm.a(lib_a-ef_pow.o)
                0x00000000080007c8                __ieee754_powf
 .text          0x0000000008000ddc      0x298 /usr/lib/gcc/arm-none-eabi/8.3.1/../../../arm-none-eabi/lib/thumb/v7e-m+fp/hard/libm.a(lib_a-ef_rem_pio2.o)
                0x0000000008000ddc                __ieee754_rem_pio2f
 .text          0x0000000008001074        0x8 /usr/lib/gcc/arm-none-eabi/8.3.1/../../../arm-none-eabi/lib/thumb/v7e-m+fp/hard/libm.a(lib_a-ef_sqrt.o)
                0x0000000008001074                __ieee754_sqrtf
 .text          0x000000000800107c      0x104 /usr/lib/gcc/arm-none-eabi/8.3.1/../../../arm-none-eabi/lib/thumb/v7e-m+fp/hard/libm.a(lib_a-kf_cos.o)
                0x000000000800107c                __kernel_cosf
 .text          0x0000000008001180      0x664 /usr/lib/gcc/arm-none-eabi/8.3.1/../../../arm-none-eabi/lib/thumb/v7e-m+fp/hard/libm.a(lib_a-kf_rem_pio2.o)
                0x0000000008001180                __kernel_rem_pio2f
 .text          0x00000000080017e4       0x90 /usr/lib/gcc/arm-none-eabi/8.3.1/../../../arm-none-eabi/lib/thumb/v7e-m+fp/hard/libm.a(lib_a-kf_sin.o)
                0x00000000080017e4                __kernel_sinf
 .text          0x0000000008001874      0x1c8 /usr/lib/gcc/arm-none-eabi/8.3.1/../../../arm-none-eabi/lib/thumb/v7e-m+fp/hard/libm.a(lib_a-kf_tan.o)
                0x0000000008001874                __kernel_tanf
 .text          0x0000000008001a3c       0x14 /usr/lib/gcc/arm-none-eabi/8.3.1/../../../arm-none-eabi/lib/thumb/v7e-m+fp/hard/libm.a(lib_a-sf_finite.o)
                0x0000000008001a3c                finitef
 .text          0x0000000008001a50       0x88 /usr/lib/gcc/arm-none-eabi/8.3.1/../../../arm-none-eabi/lib/thumb/v7e-m+fp/hard/libm.a(lib_a-sf_floor.o)
                0x0000000008001a50                floorf
 .text          0x0000000008001ad8        0xc /usr/lib/gcc/arm-none-eabi/8.3.1/../../../arm-none-eabi/lib/thumb/v7e-m+fp/hard/libm.a(lib_a-sf_nan.o)
                0x0000000008001ad8                nanf
 .text          0x0000000008001ae4       0xb8 /usr/lib/gcc/arm-none-eabi/8.3.1/../../../arm-none-eabi/lib/thumb/v7e-m+fp/hard/libm.a(lib_a-sf_rint.o)
                0x0000000008001ae4                rintf
 .text          0x0000000008001b9c       0xe4 /usr/lib/gcc/arm-none-eabi/8.3.1/../../../arm-none-eabi/lib/thumb/v7e-m+fp/hard/libm.a(lib_a-sf_scalbn.o)
                0x0000000008001b9c                scalbnf
 .text          0x0000000008001c80        0xc /usr/lib/gcc/arm-none-eabi/8.3.1/../../../arm-none-eabi/lib/thumb/v7e-m+fp/hard/libc.a(lib_a-atexit.o)
                0x0000000008001c80                atexit
 .text          0x0000000008001c8c        0xc /usr/lib/gcc/arm-none-eabi/8.3.1/../../../arm-none-eabi/lib/thumb/v7e-m+fp/hard/libc.a(lib_a-errno.o)
                0x0000000008001c8c                __errno
 .text          0x0000000008001c98       0x34 /usr/lib/gcc/arm-none-eabi/8.3.1/../../../arm-none-eabi/lib/thumb/v7e-m+fp/hard/libc.a(lib_a-fini.o)
                0x0000000008001c98                __libc_fini_array
 .text          0x0000000008001ccc      0x134 /usr/lib/gcc/arm-none-eabi/8.3.1/../../../arm-none-eabi/lib/thumb/v7e-m+fp/hard/libc.a(lib_a-memcpy.o)
                0x0000000008001ccc                memcpy
 .text          0x0000000008001e00       0xa0 /usr/lib/gcc/arm-none-eabi/8.3.1/../../../arm-none-eabi/lib/thumb/v7e-m+fp/hard/libc.a(lib_a-memset.o)
                0x0000000008001e00                memset
 .text          0x0000000008001ea0       0x4c /usr/lib/gcc/arm-none-eabi/8.3.1/../../../arm-none-eabi/lib/thumb/v7e-m+fp/hard/libc.a(lib_a-rand.o)
                0x0000000008001ea0                srand
                0x0000000008001eb0                rand
 .text          0x0000000008001eec       0x40 /usr/lib/gcc/arm-none-eabi/8.3.1/../../../arm-none-eabi/lib/thumb/v7e-m+fp/hard/libc.a(lib_a-strcat.o)
                0x0000000008001eec                strcat
 *fill*         0x0000000008001f2c       0x14 
 .text          0x0000000008001f40      0x2dc /usr/lib/gcc/arm-none-eabi/8.3.1/../../../arm-none-eabi/lib/thumb/v7e-m+fp/hard/libc.a(lib_a-strcmp.o)
                0x0000000008001f48                strcmp
 .text          0x000000000800221c       0xbc /usr/lib/gcc/arm-none-eabi/8.3.1/../../../arm-none-eabi/lib/thumb/v7e-m+fp/hard/libc.a(lib_a-strcpy.o)
                0x000000000800221c                strcpy
 *fill*         0x00000000080022d8       0x28 
 .text          0x0000000008002300       0xdc /usr/lib/gcc/arm-none-eabi/8.3.1/../../../arm-none-eabi/lib/thumb/v7e-m+fp/hard/libc.a(lib_a-strlen.o)
                0x0000000008002300                strlen
 .text          0x00000000080023dc       0x68 /usr/lib/gcc/arm-none-eabi/8.3.1/../../../arm-none-eabi/lib/thumb/v7e-m+fp/hard/libc.a(lib_a-__atexit.o)
                0x00000000080023dc                __register_exitproc
 *(.text*)
 .text.Reset_Handler
                0x0000000008002444       0x44 startup_stm32f4xx.o
                0x0000000008002444                Reset_Handler
 .text.Default_Handler
                0x0000000008002488        0x2 startup_stm32f4xx.o
                0x0000000008002488                OTG_FS_WKUP_IRQHandler
                0x0000000008002488                TIM8_TRG_COM_TIM14_IRQHandler
                0x0000000008002488                Default_Handler
                0x0000000008002488                EXTI1_IRQHandler
                0x0000000008002488                TIM5_IRQHandler
                0x0000000008002488                ADC_IRQHandler
                0x0000000008002488                EXTI4_IRQHandler
                0x0000000008002488                ETH_WKUP_IRQHandler
                0x0000000008002488                DMA1_Stream7_IRQHandler
                0x0000000008002488                CAN1_RX0_IRQHandler
                0x0000000008002488                CRYP_IRQHandler
                0x0000000008002488                CAN1_TX_IRQHandler
                0x0000000008002488                I2C3_ER_IRQHandler
                0x0000000008002488                DMA2_Stream6_IRQHandler
                0x0000000008002488                TIM1_UP_TIM10_IRQHandler
                0x0000000008002488                OTG_HS_IRQHandler
                0x0000000008002488                DMA1_Stream5_IRQHandler
                0x0000000008002488                OTG_HS_EP1_IN_IRQHandler
                0x0000000008002488                UART4_IRQHandler
                0x0000000008002488                USART1_IRQHandler
                0x0000000008002488                TIM8_UP_TIM13_IRQHandler
                0x0000000008002488                EXTI9_5_IRQHandler
                0x0000000008002488                I2C3_EV_IRQHandler
                0x0000000008002488                DMA2_Stream3_IRQHandler
                0x0000000008002488                TIM1_BRK_TIM9_IRQHandler
                0x0000000008002488                FLASH_IRQHandler
                0x0000000008002488                DMA2_Stream4_IRQHandler
                0x0000000008002488                SysTick_Handler
                0x0000000008002488                I2C2_EV_IRQHandler
                0x0000000008002488                RCC_IRQHandler
                0x0000000008002488                UART5_IRQHandler
                0x0000000008002488                RTC_WKUP_IRQHandler
                0x0000000008002488                I2C2_ER_IRQHandler
                0x0000000008002488                SPI2_IRQHandler
                0x0000000008002488                USART3_IRQHandler
                0x0000000008002488                FSMC_IRQHandler
                0x0000000008002488                OTG_HS_WKUP_IRQHandler
                0x0000000008002488                SPI1_IRQHandler
                0x0000000008002488                CAN2_RX1_IRQHandler
                0x0000000008002488                EXTI15_10_IRQHandler
                0x0000000008002488                HASH_RNG_IRQHandler
                0x0000000008002488                OTG_HS_EP1_OUT_IRQHandler
                0x0000000008002488                EXTI3_IRQHandler
                0x0000000008002488                I2C1_EV_IRQHandler
                0x0000000008002488                TIM6_DAC_IRQHandler
                0x0000000008002488                TAMP_STAMP_IRQHandler
                0x0000000008002488                EXTI0_IRQHandler
                0x0000000008002488                TIM4_IRQHandler
                0x0000000008002488                DMA1_Stream0_IRQHandler
                0x0000000008002488                USART6_IRQHandler
                0x0000000008002488                OTG_FS_IRQHandler
                0x0000000008002488                SPI3_IRQHandler
                0x0000000008002488                TIM1_TRG_COM_TIM11_IRQHandler
                0x0000000008002488                TIM2_IRQHandler
                0x0000000008002488                CAN2_RX0_IRQHandler
                0x0000000008002488                TIM7_IRQHandler
                0x0000000008002488                CAN2_TX_IRQHandler
                0x0000000008002488                DCMI_IRQHandler
                0x0000000008002488                CAN1_SCE_IRQHandler
                0x0000000008002488                ETH_IRQHandler
                0x0000000008002488                DMA2_Stream7_IRQHandler
                0x0000000008002488                I2C1_ER_IRQHandler
                0x0000000008002488                TIM3_IRQHandler
                0x0000000008002488                CAN1_RX1_IRQHandler
                0x0000000008002488                DMA1_Stream1_IRQHandler
                0x0000000008002488                RTC_Alarm_IRQHandler
                0x0000000008002488                TIM8_CC_IRQHandler
                0x0000000008002488                DMA1_Stream2_IRQHandler
                0x0000000008002488                SDIO_IRQHandler
                0x0000000008002488                USART2_IRQHandler
                0x0000000008002488                DMA2_Stream2_IRQHandler
                0x0000000008002488                FPU_IRQHandler
                0x0000000008002488                DMA1_Stream4_IRQHandler
                0x0000000008002488                PVD_IRQHandler
                0x0000000008002488                TIM1_CC_IRQHandler
                0x0000000008002488                WWDG_IRQHandler
                0x0000000008002488                DMA2_Stream5_IRQHandler
                0x0000000008002488                EXTI2_IRQHandler
                0x0000000008002488                CAN2_SCE_IRQHandler
                0x0000000008002488                TIM8_BRK_TIM12_IRQHandler
                0x0000000008002488                DMA2_Stream1_IRQHandler
                0x0000000008002488                DMA1_Stream6_IRQHandler
 *fill*         0x000000000800248a        0x2 
 .text.SystemInit
                0x000000000800248c      0x118 system_stm32f4xx.o
                0x000000000800248c                SystemInit
 .text.startup.main
                0x00000000080025a4       0xb8 main.o
                0x00000000080025a4                main
 .text.NMI_Handler
                0x000000000800265c        0x2 main.o
                0x000000000800265c                NMI_Handler
 .text.HardFault_Handler
                0x000000000800265e        0x2 main.o
                0x000000000800265e                HardFault_Handler
 .text.MemManage_Handler
                0x0000000008002660        0x2 main.o
                0x0000000008002660                MemManage_Handler
 .text.BusFault_Handler
                0x0000000008002662        0x2 main.o
                0x0000000008002662                BusFault_Handler
 .text.UsageFault_Handler
                0x0000000008002664        0x2 main.o
                0x0000000008002664                UsageFault_Handler
 .text.SVC_Handler
                0x0000000008002666        0x2 main.o
                0x0000000008002666                SVC_Handler
 .text.DebugMon_Handler
                0x0000000008002668        0x2 main.o
                0x0000000008002668                DebugMon_Handler
 .text.PendSV_Handler
                0x000000000800266a        0x2 main.o
                0x000000000800266a                PendSV_Handler
 .text.Codec_WriteRegister
                0x000000000800266c      0x104 codec.o
                0x000000000800266c                Codec_WriteRegister
 .text.Codec_Reset
                0x0000000008002770       0x24 codec.o
                0x0000000008002770                Codec_Reset
 .text.Codec_CtrlInterface_Init
                0x0000000008002794       0x4c codec.o
                0x0000000008002794                Codec_CtrlInterface_Init
 .text.Codec_AudioInterface_Init
                0x00000000080027e0       0x48 codec.o
                0x00000000080027e0                Codec_AudioInterface_Init
 .text.Codec_GPIO_Init
                0x0000000008002828       0x98 codec.o
                0x0000000008002828                Codec_GPIO_Init
 .text.Codec_Init
                0x00000000080028c0       0x1a codec.o
                0x00000000080028c0                Codec_Init
 *fill*         0x00000000080028da        0x2 
 .text.I2S_Block_Init
                0x00000000080028dc      0x224 i2s.o
                0x00000000080028dc                I2S_Block_Init
 .text.I2S_Block_PlayRec
                0x0000000008002b00       0x80 i2s.o
                0x0000000008002b00                I2S_Block_PlayRec
 .text.DMA1_Stream3_IRQHandler
                0x0000000008002b80       0x74 i2s.o
                0x0000000008002b80                DMA1_Stream3_IRQHandler
 .text.ADC1_Init
                0x0000000008002bf4      0x158 adc.o
                0x0000000008002bf4                ADC1_Init
 .text.DMA2_Stream0_IRQHandler
                0x0000000008002d4c       0x2c adc.o
                0x0000000008002d4c                DMA2_Stream0_IRQHandler
 .text.GPIO_Init
                0x0000000008002d78       0x9e stm32f4xx_gpio.o
                0x0000000008002d78                GPIO_Init
 .text.GPIO_PinAFConfig
                0x0000000008002e16       0x24 stm32f4xx_gpio.o
                0x0000000008002e16                GPIO_PinAFConfig
 *fill*         0x0000000008002e3a        0x2 
 .text.I2C_DeInit
                0x0000000008002e3c       0x60 stm32f4xx_i2c.o
                0x0000000008002e3c                I2C_DeInit
 .text.I2C_Init
                0x0000000008002e9c       0xc0 stm32f4xx_i2c.o
                0x0000000008002e9c                I2C_Init
 .text.I2C_Cmd  0x0000000008002f5c       0x12 stm32f4xx_i2c.o
                0x0000000008002f5c                I2C_Cmd
 .text.I2C_GenerateSTART
                0x0000000008002f6e       0x12 stm32f4xx_i2c.o
                0x0000000008002f6e                I2C_GenerateSTART
 .text.I2C_GenerateSTOP
                0x0000000008002f80       0x12 stm32f4xx_i2c.o
                0x0000000008002f80                I2C_GenerateSTOP
 .text.I2C_Send7bitAddress
                0x0000000008002f92       0x10 stm32f4xx_i2c.o
                0x0000000008002f92                I2C_Send7bitAddress
 .text.I2C_SendData
                0x0000000008002fa2        0x4 stm32f4xx_i2c.o
                0x0000000008002fa2                I2C_SendData
 .text.I2C_CheckEvent
                0x0000000008002fa6       0x16 stm32f4xx_i2c.o
                0x0000000008002fa6                I2C_CheckEvent
 .text.I2C_GetFlagStatus
                0x0000000008002fbc       0x34 stm32f4xx_i2c.o
                0x0000000008002fbc                I2C_GetFlagStatus
 .text.RCC_GetClocksFreq
                0x0000000008002ff0       0x9c stm32f4xx_rcc.o
                0x0000000008002ff0                RCC_GetClocksFreq
 .text.RCC_AHB1PeriphClockCmd
                0x000000000800308c       0x1c stm32f4xx_rcc.o
                0x000000000800308c                RCC_AHB1PeriphClockCmd
 .text.RCC_APB1PeriphClockCmd
                0x00000000080030a8       0x1c stm32f4xx_rcc.o
                0x00000000080030a8                RCC_APB1PeriphClockCmd
 .text.RCC_APB2PeriphClockCmd
                0x00000000080030c4       0x1c stm32f4xx_rcc.o
                0x00000000080030c4                RCC_APB2PeriphClockCmd
 .text.RCC_APB1PeriphResetCmd
                0x00000000080030e0       0x1c stm32f4xx_rcc.o
                0x00000000080030e0                RCC_APB1PeriphResetCmd
 .text.RCC_APB2PeriphResetCmd
                0x00000000080030fc       0x1c stm32f4xx_rcc.o
                0x00000000080030fc                RCC_APB2PeriphResetCmd
 .text.SPI_I2S_DeInit
                0x0000000008003118       0x64 stm32f4xx_spi.o
                0x0000000008003118                SPI_I2S_DeInit
 .text.I2S_Init
                0x000000000800317c       0xd8 stm32f4xx_spi.o
                0x000000000800317c                I2S_Init
 .text.I2S_Cmd  0x0000000008003254       0x12 stm32f4xx_spi.o
                0x0000000008003254                I2S_Cmd
 .text.I2S_FullDuplexConfig
                0x0000000008003266       0x4a stm32f4xx_spi.o
                0x0000000008003266                I2S_FullDuplexConfig
 .text.SPI_I2S_DMACmd
                0x00000000080032b0       0x14 stm32f4xx_spi.o
                0x00000000080032b0                SPI_I2S_DMACmd
 .text.DMA_DeInit
                0x00000000080032c4      0x164 stm32f4xx_dma.o
                0x00000000080032c4                DMA_DeInit
 .text.DMA_Init
                0x0000000008003428       0x54 stm32f4xx_dma.o
                0x0000000008003428                DMA_Init
 .text.DMA_Cmd  0x000000000800347c       0x12 stm32f4xx_dma.o
                0x000000000800347c                DMA_Cmd
 *fill*         0x000000000800348e        0x2 
 .text.DMA_GetFlagStatus
                0x0000000008003490       0x38 stm32f4xx_dma.o
                0x0000000008003490                DMA_GetFlagStatus
 .text.DMA_ClearFlag
                0x00000000080034c8       0x30 stm32f4xx_dma.o
                0x00000000080034c8                DMA_ClearFlag
 .text.DMA_ITConfig
                0x00000000080034f8       0x3e stm32f4xx_dma.o
                0x00000000080034f8                DMA_ITConfig
 .text.ADC_DeInit
                0x0000000008003536       0x1a stm32f4xx_adc.o
                0x0000000008003536                ADC_DeInit
 .text.ADC_Init
                0x0000000008003550       0x50 stm32f4xx_adc.o
                0x0000000008003550                ADC_Init
 .text.ADC_CommonInit
                0x00000000080035a0       0x28 stm32f4xx_adc.o
                0x00000000080035a0                ADC_CommonInit
 .text.ADC_Cmd  0x00000000080035c8       0x12 stm32f4xx_adc.o
                0x00000000080035c8                ADC_Cmd
 .text.ADC_RegularChannelConfig
                0x00000000080035da       0x8c stm32f4xx_adc.o
                0x00000000080035da                ADC_RegularChannelConfig
 .text.ADC_SoftwareStartConv
                0x0000000008003666        0xa stm32f4xx_adc.o
                0x0000000008003666                ADC_SoftwareStartConv
 .text.ADC_DMACmd
                0x0000000008003670       0x12 stm32f4xx_adc.o
                0x0000000008003670                ADC_DMACmd
 .text.ADC_DMARequestAfterLastTransferCmd
                0x0000000008003682       0x12 stm32f4xx_adc.o
                0x0000000008003682                ADC_DMARequestAfterLastTransferCmd
 .text.doadc    0x0000000008003694      0x100 audio.o
 .text.doadc_compost
                0x0000000008003794       0x34 audio.o
 .text.compost_get_sample
                0x00000000080037c8      0x1f4 audio.o
                0x00000000080037c8                compost_get_sample
 .text.compost_newsay_frozen
                0x00000000080039bc       0x10 audio.o
                0x00000000080039bc                compost_newsay_frozen
 .text.compost_newsay
                0x00000000080039cc       0x60 audio.o
                0x00000000080039cc                compost_newsay
 .text.I2S_RX_CallBack
                0x0000000008003a2c      0x390 audio.o
                0x0000000008003a2c                I2S_RX_CallBack
 .text.bitrev32
                0x0000000008003dbc       0x2e sp0256.o
 *fill*         0x0000000008003dea        0x2 
 .text.lpc12_update.constprop.2
                0x0000000008003dec      0x1bc sp0256.o
 .text.getb     0x0000000008003fa8       0xb4 sp0256.o
                0x0000000008003fa8                getb
 .text.micro    0x000000000800405c      0x3dc sp0256.o
                0x000000000800405c                micro
 .text.sp0256_newsay1219
                0x0000000008004438       0xac sp0256.o
                0x0000000008004438                sp0256_newsay1219
 .text.sp0256_get_sample1219
                0x00000000080044e4       0x40 sp0256.o
                0x00000000080044e4                sp0256_get_sample1219
 .text.sp0256_newsay
                0x0000000008004524       0x70 sp0256.o
                0x0000000008004524                sp0256_newsay
 .text.sp0256_get_sample
                0x0000000008004594       0x40 sp0256.o
                0x0000000008004594                sp0256_get_sample
 .text.sp0256_get_sample_sing
                0x00000000080045d4       0x40 sp0256.o
                0x00000000080045d4                sp0256_get_sample_sing
 .text.sp0256_newsayTTS
                0x0000000008004614       0x80 sp0256.o
                0x0000000008004614                sp0256_newsayTTS
 .text.sp0256_get_sampleTTS
                0x0000000008004694       0x40 sp0256.o
                0x0000000008004694                sp0256_get_sampleTTS
 .text.sp0256_retriggerTTS
                0x00000000080046d4       0x74 sp0256.o
                0x00000000080046d4                sp0256_retriggerTTS
 .text.sp0256_newsayvocabbankone
                0x0000000008004748       0xb4 sp0256.o
                0x0000000008004748                sp0256_newsayvocabbankone
 .text.sp0256_get_samplevocabbankone
                0x00000000080047fc       0x44 sp0256.o
                0x00000000080047fc                sp0256_get_samplevocabbankone
 .text.sp0256_newsayvocabbankonea
                0x0000000008004840        0x6 sp0256.o
                0x0000000008004840                sp0256_newsayvocabbankonea
 *fill*         0x0000000008004846        0x2 
 .text.sp0256_newsayvocabbanktwo
                0x0000000008004848       0xb4 sp0256.o
                0x0000000008004848                sp0256_newsayvocabbanktwo
 .text.sp0256_get_samplevocabbanktwo
                0x00000000080048fc       0x44 sp0256.o
                0x00000000080048fc                sp0256_get_samplevocabbanktwo
 .text.sp0256_newsayvocabbanktwoa
                0x0000000008004940        0x6 sp0256.o
                0x0000000008004940                sp0256_newsayvocabbanktwoa
 *fill*         0x0000000008004946        0x2 
 .text.sp0256_init
                0x0000000008004948       0xb8 sp0256.o
                0x0000000008004948                sp0256_init
 .text.simpleklatt_init
                0x0000000008004a00       0x48 simpleklatt.o
                0x0000000008004a00                simpleklatt_init
 .text.generate_exy_frame
                0x0000000008004a48       0x58 simpleklatt.o
                0x0000000008004a48                generate_exy_frame
 .text.simpleklatt_newsay
                0x0000000008004aa0       0x30 simpleklatt.o
                0x0000000008004aa0                simpleklatt_newsay
 .text.simpleklatt_get_sample
                0x0000000008004ad0       0x68 simpleklatt.o
                0x0000000008004ad0                simpleklatt_get_sample
 .text.resonator
                0x0000000008004b38       0x3a parwave.o
 *fill*         0x0000000008004b72        0x2 
 .text.sampled_source
                0x0000000008004b74       0x78 parwave.o
 .text.impulsive_source
                0x0000000008004bec       0x30 parwave.o
 .text.DBtoLIN  0x0000000008004c1c       0x2c parwave.o
 .text.gen_noise
                0x0000000008004c48       0x44 parwave.o
 .text.setabc   0x0000000008004c8c       0x94 parwave.o
 .text.pitch_synch_par_reset
                0x0000000008004d20      0x1b0 parwave.o
 .text.natural_source
                0x0000000008004ed0       0x58 parwave.o
 .text.single_single_parwave
                0x0000000008004f28      0x2b8 parwave.o
                0x0000000008004f28                single_single_parwave
 .text.simple_parwave_init
                0x00000000080051e0       0xec parwave.o
                0x00000000080051e0                simple_parwave_init
 .text.frame_init
                0x00000000080052cc      0x3ac parwave.o
                0x00000000080052cc                frame_init
 .text.Init     0x0000000008005678       0x70 sam.o
                0x0000000008005678                Init
 .text.CopyStress
                0x00000000080056e8       0x4c sam.o
                0x00000000080056e8                CopyStress
 .text.Insert   0x0000000008005734       0x50 sam.o
                0x0000000008005734                Insert
 .text.InsertBreath
                0x0000000008005784       0xb4 sam.o
                0x0000000008005784                InsertBreath
 .text.Parser1  0x0000000008005838      0x124 sam.o
                0x0000000008005838                Parser1
 .text.SetPhonemeLength
                0x000000000800595c       0x3c sam.o
                0x000000000800595c                SetPhonemeLength
 .text.Code41240
                0x0000000008005998       0xbc sam.o
                0x0000000008005998                Code41240
 .text.Parser2  0x0000000008005a54      0x238 sam.o
                0x0000000008005a54                Parser2
 .text.AdjustLengths
                0x0000000008005c8c      0x1c8 sam.o
                0x0000000008005c8c                AdjustLengths
 .text.sam_newsay_banks0.part.0
                0x0000000008005e54       0xd8 sam.o
 .text.sam_newsay_xy
                0x0000000008005f2c       0x98 sam.o
                0x0000000008005f2c                sam_newsay_xy
 .text.sam_get_sample_xy
                0x0000000008005fc4       0x5c sam.o
                0x0000000008005fc4                sam_get_sample_xy
 .text.sam_get_sample_xya
                0x0000000008006020       0x28 sam.o
                0x0000000008006020                sam_get_sample_xya
 .text.sam_get_sample_bend
                0x0000000008006048       0x5c sam.o
                0x0000000008006048                sam_get_sample_bend
 .text.sam_get_sample_benda
                0x00000000080060a4       0x28 sam.o
                0x00000000080060a4                sam_get_sample_benda
 .text.sam_newsay_param
                0x00000000080060cc       0x7c sam.o
                0x00000000080060cc                sam_newsay_param
 .text.sam_get_sample_param
                0x0000000008006148       0x5c sam.o
                0x0000000008006148                sam_get_sample_param
 .text.sam_get_sample_parama
                0x00000000080061a4       0x28 sam.o
                0x00000000080061a4                sam_get_sample_parama
 .text.sam_newsay_banks0
                0x00000000080061cc       0xc4 sam.o
                0x00000000080061cc                sam_newsay_banks0
 .text.sam_init
                0x0000000008006290       0x20 sam.o
                0x0000000008006290                sam_init
 .text.sam_get_sample_banks0
                0x00000000080062b0       0x5c sam.o
                0x00000000080062b0                sam_get_sample_banks0
 .text.sam_get_sample_banks0a
                0x000000000800630c       0x28 sam.o
                0x000000000800630c                sam_get_sample_banks0a
 .text.sam_get_sample_banks1
                0x0000000008006334       0x5c sam.o
                0x0000000008006334                sam_get_sample_banks1
 .text.sam_get_sample_banks1a
                0x0000000008006390       0x28 sam.o
                0x0000000008006390                sam_get_sample_banks1a
 .text.sam_newsay_TTS.part.1
                0x00000000080063b8       0xd8 sam.o
 .text.sam_newsay_phon
                0x0000000008006490       0xc4 sam.o
                0x0000000008006490                sam_newsay_phon
 .text.sam_get_sample_phon
                0x0000000008006554       0x98 sam.o
                0x0000000008006554                sam_get_sample_phon
 .text.sam_get_sample_phona
                0x00000000080065ec       0x28 sam.o
                0x00000000080065ec                sam_get_sample_phona
 .text.sam_get_sample_phons
                0x0000000008006614       0x98 sam.o
                0x0000000008006614                sam_get_sample_phons
 .text.sam_get_sample_phonsa
                0x00000000080066ac       0x28 sam.o
                0x00000000080066ac                sam_get_sample_phonsa
 .text.sam_newsay_phonsing
                0x00000000080066d4       0xc4 sam.o
                0x00000000080066d4                sam_newsay_phonsing
 .text.sam_get_sample_phonsing
                0x0000000008006798       0x98 sam.o
                0x0000000008006798                sam_get_sample_phonsing
 .text.sam_get_sample_phonsinga
                0x0000000008006830       0x28 sam.o
                0x0000000008006830                sam_get_sample_phonsinga
 .text.sam_newsay_TTS
                0x0000000008006858       0x9c sam.o
                0x0000000008006858                sam_newsay_TTS
 .text.sam_get_sample_TTS
                0x00000000080068f4       0x5c sam.o
                0x00000000080068f4                sam_get_sample_TTS
 .text.sam_get_sample_TTSa
                0x0000000008006950       0x28 sam.o
                0x0000000008006950                sam_get_sample_TTSa
 .text.sam_get_sample_TTSs
                0x0000000008006978       0x5c sam.o
                0x0000000008006978                sam_get_sample_TTSs
 .text.sam_get_sample_TTSsa
                0x00000000080069d4       0x28 sam.o
                0x00000000080069d4                sam_get_sample_TTSsa
 .text.Output   0x00000000080069fc       0x18 render.o
 .text.renderunvoicedsample.isra.1
                0x0000000008006a14       0xf0 render.o
 .text.rendervoicedsample.constprop.3
                0x0000000008006b04      0x1c4 render.o
 .text.Read     0x0000000008006cc8       0x50 render.o
                0x0000000008006cc8                Read
 .text.Write    0x0000000008006d18       0x4c render.o
                0x0000000008006d18                Write
 .text.sam_frame_rerun
                0x0000000008006d64      0x190 render.o
                0x0000000008006d64                sam_frame_rerun
 .text.rendersamsample
                0x0000000008006ef4      0x6bc render.o
                0x0000000008006ef4                rendersamsample
 .text.AddInflection
                0x00000000080075b0       0x74 render.o
                0x00000000080075b0                AddInflection
 .text.renderframe
                0x0000000008007624      0x558 render.o
                0x0000000008007624                renderframe
 .text.trans    0x0000000008007b7c       0x58 render.o
                0x0000000008007b7c                trans
 .text.SetMouthThroat
                0x0000000008007bd4       0xa4 render.o
                0x0000000008007bd4                SetMouthThroat
 .text.clip_analog
                0x0000000008007c78       0x1e tms5200x.o
 .text.matrix_multiply
                0x0000000008007c96       0x42 tms5200x.o
 .text.parse_frame_raw_5100.part.1
                0x0000000008007cd8       0x84 tms5200x.o
 .text.extract_bits
                0x0000000008007d5c       0x60 tms5200x.o
                0x0000000008007d5c                extract_bits
 .text.lattice_filter
                0x0000000008007dbc      0x194 tms5200x.o
                0x0000000008007dbc                lattice_filter
 .text.parse_frame
                0x0000000008007f50       0xb8 tms5200x.o
                0x0000000008007f50                parse_frame
 .text.parse_frame_bend_5200
                0x0000000008008008      0x304 tms5200x.o
                0x0000000008008008                parse_frame_bend_5200
 .text.parse_frame_raw_5100
                0x000000000800830c       0xb4 tms5200x.o
                0x000000000800830c                parse_frame_raw_5100
 .text.parse_frame_raw_5200
                0x00000000080083c0       0xb8 tms5200x.o
                0x00000000080083c0                parse_frame_raw_5200
 .text.process  0x0000000008008478      0x57c tms5200x.o
                0x0000000008008478                process
 .text.process_k_tabled5100
                0x00000000080089f4      0x3d8 tms5200x.o
                0x00000000080089f4                process_k_tabled5100
 .text.process_pitchk_tabled5100
                0x0000000008008dcc      0x434 tms5200x.o
                0x0000000008008dcc                process_pitchk_tabled5100
 .text.process_pitch_tabled5100
                0x0000000008009200      0x390 tms5200x.o
                0x0000000008009200                process_pitch_tabled5100
 .text.processbend5100
                0x0000000008009590      0x458 tms5200x.o
                0x0000000008009590                processbend5100
 .text.process5100raw
                0x00000000080099e8      0x338 tms5200x.o
                0x00000000080099e8                process5100raw
 .text.tms_init
                0x0000000008009d20       0x84 tms5200x.o
                0x0000000008009d20                tms_init
 .text.tms_newsay
                0x0000000008009da4       0xd0 tms5200x.o
                0x0000000008009da4                tms_newsay
 .text.tms_newsay_lowbit
                0x0000000008009e74       0xd0 tms5200x.o
                0x0000000008009e74                tms_newsay_lowbit
 .text.tms_newsay_allphon
                0x0000000008009f44       0x9c tms5200x.o
                0x0000000008009f44                tms_newsay_allphon
 .text.tms_newsay_TTS
                0x0000000008009fe0       0xa4 tms5200x.o
                0x0000000008009fe0                tms_newsay_TTS
 .text.tms_retriggerTTS
                0x000000000800a084       0x98 tms5200x.o
                0x000000000800a084                tms_retriggerTTS
 .text.tms_newsay_raw5100
                0x000000000800a11c       0x54 tms5200x.o
                0x000000000800a11c                tms_newsay_raw5100
 .text.tms_newsay_raw5200
                0x000000000800a170       0x50 tms5200x.o
                0x000000000800a170                tms_newsay_raw5200
 .text.tms_newsay_raw5220
                0x000000000800a1c0       0x34 tms5200x.o
                0x000000000800a1c0                tms_newsay_raw5220
 .text.tms_newsay_specific
                0x000000000800a1f4       0x9c tms5200x.o
                0x000000000800a1f4                tms_newsay_specific
 .text.tms_newsay_specifica
                0x000000000800a290        0x6 tms5200x.o
                0x000000000800a290                tms_newsay_specifica
 .text.tms_newsay_specificx
                0x000000000800a296        0x6 tms5200x.o
                0x000000000800a296                tms_newsay_specificx
 .text.tms_newsay_specific5100
                0x000000000800a29c        0x6 tms5200x.o
                0x000000000800a29c                tms_newsay_specific5100
 *fill*         0x000000000800a2a2        0x2 
 .text.tms_get_sample_allphon
                0x000000000800a2a4       0x30 tms5200x.o
                0x000000000800a2a4                tms_get_sample_allphon
 .text.tms_get_sample_allphon_sing
                0x000000000800a2d4       0x30 tms5200x.o
                0x000000000800a2d4                tms_get_sample_allphon_sing
 .text.tms_get_sample
                0x000000000800a304       0x30 tms5200x.o
                0x000000000800a304                tms_get_sample
 .text.tms_get_sample_sing
                0x000000000800a334       0x30 tms5200x.o
                0x000000000800a334                tms_get_sample_sing
 .text.tms_get_sample_lowbit
                0x000000000800a364       0x30 tms5200x.o
                0x000000000800a364                tms_get_sample_lowbit
 .text.tms_get_sample_TTS
                0x000000000800a394       0x30 tms5200x.o
                0x000000000800a394                tms_get_sample_TTS
 .text.tms_get_sample_bendlength
                0x000000000800a3c4       0x30 tms5200x.o
                0x000000000800a3c4                tms_get_sample_bendlength
 .text.tms_get_sample_raw5100
                0x000000000800a3f4       0x1c tms5200x.o
                0x000000000800a3f4                tms_get_sample_raw5100
 .text.tms_get_sample_raw5200
                0x000000000800a410       0x1c tms5200x.o
                0x000000000800a410                tms_get_sample_raw5200
 .text.tms_get_sample_raw5220
                0x000000000800a42c       0x1c tms5200x.o
                0x000000000800a42c                tms_get_sample_raw5220
 .text.tms_get_sample_bend5100
                0x000000000800a448       0x40 tms5200x.o
                0x000000000800a448                tms_get_sample_bend5100
 .text.tms_get_sample_bend5100w
                0x000000000800a488        0x6 tms5200x.o
                0x000000000800a488                tms_get_sample_bend5100w
 *fill*         0x000000000800a48e        0x2 
 .text.tms_get_sample_bend5200
                0x000000000800a490       0x40 tms5200x.o
                0x000000000800a490                tms_get_sample_bend5200
 .text.tms_get_sample_bend5200a
                0x000000000800a4d0        0x6 tms5200x.o
                0x000000000800a4d0                tms_get_sample_bend5200a
 .text.tms_get_sample_bend5200x
                0x000000000800a4d6        0x6 tms5200x.o
                0x000000000800a4d6                tms_get_sample_bend5200x
 .text.tms_get_sample_5100pitchtable
                0x000000000800a4dc       0x40 tms5200x.o
                0x000000000800a4dc                tms_get_sample_5100pitchtable
 .text.tms_get_sample_5100pitchtablew
                0x000000000800a51c        0x6 tms5200x.o
                0x000000000800a51c                tms_get_sample_5100pitchtablew
 *fill*         0x000000000800a522        0x2 
 .text.tms_get_sample_5200pitchtable
                0x000000000800a524       0x40 tms5200x.o
                0x000000000800a524                tms_get_sample_5200pitchtable
 .text.tms_get_sample_5200pitchtablea
                0x000000000800a564        0x6 tms5200x.o
                0x000000000800a564                tms_get_sample_5200pitchtablea
 .text.tms_get_sample_5200pitchtablex
                0x000000000800a56a        0x6 tms5200x.o
                0x000000000800a56a                tms_get_sample_5200pitchtablex
 .text.tms_get_sample_5100ktable
                0x000000000800a570       0x40 tms5200x.o
                0x000000000800a570                tms_get_sample_5100ktable
 .text.tms_get_sample_5100ktablew
                0x000000000800a5b0        0x6 tms5200x.o
                0x000000000800a5b0                tms_get_sample_5100ktablew
 *fill*         0x000000000800a5b6        0x2 
 .text.tms_get_sample_5200ktable
                0x000000000800a5b8       0x40 tms5200x.o
                0x000000000800a5b8                tms_get_sample_5200ktable
 .text.tms_get_sample_5200ktablea
                0x000000000800a5f8        0x6 tms5200x.o
                0x000000000800a5f8                tms_get_sample_5200ktablea
 *fill*         0x000000000800a5fe        0x2 
 .text.tms_get_sample_5100kandpitchtable
                0x000000000800a600       0x40 tms5200x.o
                0x000000000800a600                tms_get_sample_5100kandpitchtable
 .text.tms_get_sample_5100kandpitchtablew
                0x000000000800a640        0x6 tms5200x.o
                0x000000000800a640                tms_get_sample_5100kandpitchtablew
 *fill*         0x000000000800a646        0x2 
 .text.tms_get_sample_5200kandpitchtable
                0x000000000800a648       0x40 tms5200x.o
                0x000000000800a648                tms_get_sample_5200kandpitchtable
 .text.tms_get_sample_5200kandpitchtablea
                0x000000000800a688        0x6 tms5200x.o
                0x000000000800a688                tms_get_sample_5200kandpitchtablea
 .text.tms_get_sample_5200kandpitchtablex
                0x000000000800a68e        0x6 tms5200x.o
                0x000000000800a68e                tms_get_sample_5200kandpitchtablex
 .text.digitalker_write
                0x000000000800a694       0x44 digitalker.o
                0x000000000800a694                digitalker_write
 .text.digitalker_pitch_next
                0x000000000800a6d8       0x1c digitalker.o
                0x000000000800a6d8                digitalker_pitch_next
 .text.digitalker_start_command
                0x000000000800a6f4       0x58 digitalker.o
                0x000000000800a6f4                digitalker_start_command
 .text.digitalker_step_mode_0
                0x000000000800a74c      0x174 digitalker.o
                0x000000000800a74c                digitalker_step_mode_0
 .text.digitalker_step_mode_0p
                0x000000000800a8c0      0x1c4 digitalker.o
                0x000000000800a8c0                digitalker_step_mode_0p
 .text.digitalker_step_mode_1
                0x000000000800aa84       0x1c digitalker.o
                0x000000000800aa84                digitalker_step_mode_1
 .text.digitalker_step_mode_2
                0x000000000800aaa0      0x220 digitalker.o
                0x000000000800aaa0                digitalker_step_mode_2
 .text.digitalker_step_mode_2p
                0x000000000800acc0      0x268 digitalker.o
                0x000000000800acc0                digitalker_step_mode_2p
 .text.digitalker_step_mode_3
                0x000000000800af28       0xe8 digitalker.o
                0x000000000800af28                digitalker_step_mode_3
 .text.digitalker_step_mode_3p
                0x000000000800b010      0x138 digitalker.o
                0x000000000800b010                digitalker_step_mode_3p
 .text.digitalker_step
                0x000000000800b148      0x1b4 digitalker.o
                0x000000000800b148                digitalker_step
 .text.digitalker_step_bendp
                0x000000000800b2fc      0x130 digitalker.o
                0x000000000800b2fc                digitalker_step_bendp
 .text.digitalk_init
                0x000000000800b42c       0x28 digitalker.o
                0x000000000800b42c                digitalk_init
 .text.digitalk_newsay
                0x000000000800b454       0x54 digitalker.o
                0x000000000800b454                digitalk_newsay
 .text.digitalk_get_sample_sing
                0x000000000800b4a8       0xdc digitalker.o
                0x000000000800b4a8                digitalk_get_sample_sing
 .text.digitalk_get_sample
                0x000000000800b584       0xe4 digitalker.o
                0x000000000800b584                digitalk_get_sample
 .text.digitalk_get_sample_bendpitchvals
                0x000000000800b668       0x8c digitalker.o
                0x000000000800b668                digitalk_get_sample_bendpitchvals
 .text.init_nvp
                0x000000000800b6f4      0x194 nvp.o
                0x000000000800b6f4                init_nvp
 .text.nvp_init
                0x000000000800b888       0x20 nvp.o
                0x000000000800b888                nvp_init
 .text.doadc    0x000000000800b8a8      0x100 samplerate.o
 .text.samplerate_init
                0x000000000800b9a8        0x2 samplerate.o
                0x000000000800b9a8                samplerate_init
 *fill*         0x000000000800b9aa        0x2 
 .text.samplerate_simple
                0x000000000800b9ac       0xf0 samplerate.o
                0x000000000800b9ac                samplerate_simple
 .text.samplerate_simple_exy
                0x000000000800ba9c      0x15c samplerate.o
                0x000000000800ba9c                samplerate_simple_exy
 .text.samplerate_simple_exy_trigger
                0x000000000800bbf8      0x14c samplerate.o
                0x000000000800bbf8                samplerate_simple_exy_trigger
 .text.bits_to_caps
                0x000000000800bd44       0x28 newvotrax.o
 .text.shift_hist
                0x000000000800bd6c       0x18 newvotrax.o
 .text.apply_filter
                0x000000000800bd84       0x48 newvotrax.o
 .text.writer   0x000000000800bdcc       0x18 newvotrax.o
                0x000000000800bdcc                writer
 .text.inflection_w
                0x000000000800bde4       0x14 newvotrax.o
                0x000000000800bde4                inflection_w
 .text.device_start
                0x000000000800bdf8       0x2c newvotrax.o
                0x000000000800bdf8                device_start
 .text.phone_commit
                0x000000000800be24      0x200 newvotrax.o
                0x000000000800be24                phone_commit
 .text.analog_calc
                0x000000000800c024      0x268 newvotrax.o
                0x000000000800c024                analog_calc
 .text.build_standard_filter
                0x000000000800c28c      0x108 newvotrax.o
                0x000000000800c28c                build_standard_filter
 .text.build_lowpass_filter
                0x000000000800c394       0x74 newvotrax.o
                0x000000000800c394                build_lowpass_filter
 .text.build_noise_shaper_filter
                0x000000000800c408       0xc0 newvotrax.o
                0x000000000800c408                build_noise_shaper_filter
 .text.filters_commit
                0x000000000800c4c8      0x2bc newvotrax.o
                0x000000000800c4c8                filters_commit
 .text.device_reset
                0x000000000800c784      0x184 newvotrax.o
                0x000000000800c784                device_reset
 .text.chip_update_bend
                0x000000000800c908      0x3ac newvotrax.o
                0x000000000800c908                chip_update_bend
 .text.chip_update_raw
                0x000000000800ccb4      0x1a8 newvotrax.o
                0x000000000800ccb4                chip_update_raw
 .text.chip_update
                0x000000000800ce5c      0x264 newvotrax.o
                0x000000000800ce5c                chip_update
 .text.chip_updateTTS
                0x000000000800d0c0      0x248 newvotrax.o
                0x000000000800d0c0                chip_updateTTS
 .text.votrax_init
                0x000000000800d308       0x18 newvotrax.o
                0x000000000800d308                votrax_init
 .text.votrax_newsay
                0x000000000800d320       0xec newvotrax.o
                0x000000000800d320                votrax_newsay
 .text.votrax_newsay_sing
                0x000000000800d40c       0xbc newvotrax.o
                0x000000000800d40c                votrax_newsay_sing
 .text.votrax_get_sample
                0x000000000800d4c8       0x3c newvotrax.o
                0x000000000800d4c8                votrax_get_sample
 .text.votrax_get_sample_sing
                0x000000000800d504       0x3c newvotrax.o
                0x000000000800d504                votrax_get_sample_sing
 .text.votrax_get_sample_rawparam
                0x000000000800d540       0x28 newvotrax.o
                0x000000000800d540                votrax_get_sample_rawparam
 .text.votrax_rawparam_newsay
                0x000000000800d568       0x24 newvotrax.o
                0x000000000800d568                votrax_rawparam_newsay
 .text.votrax_newsay_bend
                0x000000000800d58c      0x128 newvotrax.o
                0x000000000800d58c                votrax_newsay_bend
 .text.votrax_newsay_bendr
                0x000000000800d6b4        0x6 newvotrax.o
                0x000000000800d6b4                votrax_newsay_bendr
 *fill*         0x000000000800d6ba        0x2 
 .text.votrax_get_sample_bend
                0x000000000800d6bc       0x40 newvotrax.o
                0x000000000800d6bc                votrax_get_sample_bend
 .text.votrax_newsaygorf
                0x000000000800d6fc      0x130 newvotrax.o
                0x000000000800d6fc                votrax_newsaygorf
 .text.votrax_newsaygorfr
                0x000000000800d82c        0x6 newvotrax.o
                0x000000000800d82c                votrax_newsaygorfr
 *fill*         0x000000000800d832        0x2 
 .text.votrax_newsaywow
                0x000000000800d834      0x130 newvotrax.o
                0x000000000800d834                votrax_newsaywow
 .text.votrax_newsaywowr
                0x000000000800d964        0x6 newvotrax.o
                0x000000000800d964                votrax_newsaywowr
 *fill*         0x000000000800d96a        0x2 
 .text.votrax_newsaywow_bendfilter
                0x000000000800d96c       0xfc newvotrax.o
                0x000000000800d96c                votrax_newsaywow_bendfilter
 .text.votrax_newsaywow_bendfilterr
                0x000000000800da68        0x6 newvotrax.o
                0x000000000800da68                votrax_newsaywow_bendfilterr
 *fill*         0x000000000800da6e        0x2 
 .text.votrax_get_samplegorf
                0x000000000800da70       0x40 newvotrax.o
                0x000000000800da70                votrax_get_samplegorf
 .text.votrax_get_samplewow_bendfilter
                0x000000000800dab0       0x40 newvotrax.o
                0x000000000800dab0                votrax_get_samplewow_bendfilter
 .text.votrax_get_samplewow
                0x000000000800daf0       0x40 newvotrax.o
                0x000000000800daf0                votrax_get_samplewow
 .text.votrax_newsayTTS
                0x000000000800db30       0x78 newvotrax.o
                0x000000000800db30                votrax_newsayTTS
 .text.votrax_retriggerTTS
                0x000000000800dba8       0x84 newvotrax.o
                0x000000000800dba8                votrax_retriggerTTS
 .text.votrax_get_sampleTTS
                0x000000000800dc2c       0x3c newvotrax.o
                0x000000000800dc2c                votrax_get_sampleTTS
 .text.bitrev32
                0x000000000800dc68       0x2e sp0256bend.o
 *fill*         0x000000000800dc96        0x2 
 .text.getb     0x000000000800dc98       0xb4 sp0256bend.o
 .text.sp0256_initbend
                0x000000000800dd4c       0x84 sp0256bend.o
                0x000000000800dd4c                sp0256_initbend
 .text.sp0256_newsaybend
                0x000000000800ddd0       0xa8 sp0256bend.o
                0x000000000800ddd0                sp0256_newsaybend
 .text.sp0256_get_samplebend
                0x000000000800de78      0x57c sp0256bend.o
                0x000000000800de78                sp0256_get_samplebend
 .text.makeupper
                0x000000000800e3f4        0xc ./english2phoneme/parse.o
                0x000000000800e3f4                makeupper
 .text.new_char
                0x000000000800e400       0xec ./english2phoneme/parse.o
                0x000000000800e400                new_char
 .text.have_special
                0x000000000800e4ec       0x24 ./english2phoneme/parse.o
                0x000000000800e4ec                have_special
 .text.have_number
                0x000000000800e510      0x118 ./english2phoneme/parse.o
                0x000000000800e510                have_number
 .text.abbrev   0x000000000800e628       0x70 ./english2phoneme/parse.o
                0x000000000800e628                abbrev
 .text.have_letter
                0x000000000800e698       0xbc ./english2phoneme/parse.o
                0x000000000800e698                have_letter
 .text.xlate_file
                0x000000000800e754       0x58 ./english2phoneme/parse.o
                0x000000000800e754                xlate_file
 .text.text2speechfor256
                0x000000000800e7ac       0x84 ./english2phoneme/parse.o
                0x000000000800e7ac                text2speechfor256
 .text.text2speechforvotrax
                0x000000000800e830       0x90 ./english2phoneme/parse.o
                0x000000000800e830                text2speechforvotrax
 .text.text2speechforSAM
                0x000000000800e8c0       0x64 ./english2phoneme/parse.o
                0x000000000800e8c0                text2speechforSAM
 .text.text2speechforTMS
                0x000000000800e924       0x64 ./english2phoneme/parse.o
                0x000000000800e924                text2speechforTMS
 .text.say_cardinal
                0x000000000800e988      0x118 ./english2phoneme/saynum.o
                0x000000000800e988                say_cardinal
 .text.say_ordinal
                0x000000000800eaa0      0x120 ./english2phoneme/saynum.o
                0x000000000800eaa0                say_ordinal
 .text.isvowel  0x000000000800ebc0       0x1c ./english2phoneme/phoneme.o
                0x000000000800ebc0                isvowel
 .text.isconsonant
                0x000000000800ebdc       0x1e ./english2phoneme/phoneme.o
                0x000000000800ebdc                isconsonant
 *fill*         0x000000000800ebfa        0x2 
 .text.outnum   0x000000000800ebfc       0x24 ./english2phoneme/phoneme.o
                0x000000000800ebfc                outnum
 .text.leftmatch
                0x000000000800ec20       0xcc ./english2phoneme/phoneme.o
                0x000000000800ec20                leftmatch
 .text.rightmatch
                0x000000000800ecec      0x10c ./english2phoneme/phoneme.o
                0x000000000800ecec                rightmatch
 .text.find_rule
                0x000000000800edf8       0x5a ./english2phoneme/phoneme.o
                0x000000000800edf8                find_rule
 *fill*         0x000000000800ee52        0x2 
 .text.xlate_word
                0x000000000800ee54       0x30 ./english2phoneme/phoneme.o
                0x000000000800ee54                xlate_word
 .text.say_ascii
                0x000000000800ee84       0x14 ./english2phoneme/spellwor.o
                0x000000000800ee84                say_ascii
 .text.spell_word
                0x000000000800ee98       0x28 ./english2phoneme/spellwor.o
                0x000000000800ee98                spell_word
 .text.set_trans.isra.0
                0x000000000800eec0       0x80 rsynth_2005/holmes.o
 .text.linear   0x000000000800ef40       0x2c rsynth_2005/holmes.o
                0x000000000800ef40                linear
 .text.interpolate
                0x000000000800ef6c       0xba rsynth_2005/holmes.o
                0x000000000800ef6c                interpolate
 *fill*         0x000000000800f026        0x2 
 .text.rsynth_newsay_single
                0x000000000800f028       0xe8 rsynth_2005/holmes.o
                0x000000000800f028                rsynth_newsay_single
 .text.rsynth_newsay_singlex
                0x000000000800f110        0x6 rsynth_2005/holmes.o
                0x000000000800f110                rsynth_newsay_singlex
 *fill*         0x000000000800f116        0x2 
 .text.rsynth_newsay
                0x000000000800f118       0xe8 rsynth_2005/holmes.o
                0x000000000800f118                rsynth_newsay
 .text.rsynth_newsay_elm
                0x000000000800f200       0x84 rsynth_2005/holmes.o
                0x000000000800f200                rsynth_newsay_elm
 .text.rsynth_get_sample
                0x000000000800f284      0x33c rsynth_2005/holmes.o
                0x000000000800f284                rsynth_get_sample
 .text.rsynth_get_sample_sing
                0x000000000800f5c0      0x2b4 rsynth_2005/holmes.o
                0x000000000800f5c0                rsynth_get_sample_sing
 .text.rsynth_get_sample_single
                0x000000000800f874      0x250 rsynth_2005/holmes.o
                0x000000000800f874                rsynth_get_sample_single
 .text.rsynth_get_sample_elm
                0x000000000800fac4      0x2a4 rsynth_2005/holmes.o
                0x000000000800fac4                rsynth_get_sample_elm
 .text.rsynth_speaker
                0x000000000800fd68       0x74 rsynth_2005/elements.o
                0x000000000800fd68                rsynth_speaker
 .text.resonator.isra.0
                0x000000000800fddc       0x3a rsynth_2005/opsynth.o
 *fill*         0x000000000800fe16        0x2 
 .text.DBtoLIN  0x000000000800fe18       0x48 rsynth_2005/opsynth.o
 .text.set_pole_fbw.isra.3
                0x000000000800fe60       0xc8 rsynth_2005/opsynth.o
 .text.gen_noise
                0x000000000800ff28       0x38 rsynth_2005/opsynth.o
                0x000000000800ff28                gen_noise
 .text.rsynth_filter
                0x000000000800ff60       0xf4 rsynth_2005/opsynth.o
                0x000000000800ff60                rsynth_filter
 .text.rsynth_frame_single
                0x0000000008010054      0x4fc rsynth_2005/opsynth.o
                0x0000000008010054                rsynth_frame_single
 .text.rsynth_init
                0x0000000008010550       0x7c rsynth_2005/opsynth.o
                0x0000000008010550                rsynth_init
 .text.linear   0x00000000080105cc       0x2c ./rsynth-2.0-port/holmes.o
 .text.set_trans.isra.0
                0x00000000080105f8       0x74 ./rsynth-2.0-port/holmes.o
 .text.interpolate.isra.1
                0x000000000801066c       0xba ./rsynth-2.0-port/holmes.o
 *fill*         0x0000000008010726        0x2 
 .text.klatt_newsay_single
                0x0000000008010728      0x15c ./rsynth-2.0-port/holmes.o
                0x0000000008010728                klatt_newsay_single
 .text.klatt_get_sample_single
                0x0000000008010884      0x570 ./rsynth-2.0-port/holmes.o
                0x0000000008010884                klatt_get_sample_single
 .text.klatt_get_sample_single_sing
                0x0000000008010df4      0x53c ./rsynth-2.0-port/holmes.o
                0x0000000008010df4                klatt_get_sample_single_sing
 .text.klatt_newsay
                0x0000000008011330      0x110 ./rsynth-2.0-port/holmes.o
                0x0000000008011330                klatt_newsay
 .text.klatt_get_sample
                0x0000000008011440      0x64c ./rsynth-2.0-port/holmes.o
                0x0000000008011440                klatt_get_sample
 .text.klatt_newsay_vocab
                0x0000000008011a8c      0x160 ./rsynth-2.0-port/holmes.o
                0x0000000008011a8c                klatt_newsay_vocab
 .text.klatt_get_sample_vocab
                0x0000000008011bec      0x55c ./rsynth-2.0-port/holmes.o
                0x0000000008011bec                klatt_get_sample_vocab
 .text.klatt_get_sample_vocab_sing
                0x0000000008012148      0x534 ./rsynth-2.0-port/holmes.o
                0x0000000008012148                klatt_get_sample_vocab_sing
 .text.resonator
                0x000000000801267c       0x3a ./rsynth-2.0-port/nsynth.o
 *fill*         0x00000000080126b6        0x2 
 .text.setabc   0x00000000080126b8       0x78 ./rsynth-2.0-port/nsynth.o
 .text.natural_source.part.0
                0x0000000008012730       0x3c ./rsynth-2.0-port/nsynth.o
 .text.DBtoLIN.isra.1
                0x000000000801276c       0x28 ./rsynth-2.0-port/nsynth.o
 .text.pitch_synch_par_reset
                0x0000000008012794      0x1b4 ./rsynth-2.0-port/nsynth.o
 .text.initparwave
                0x0000000008012948      0x3ec ./rsynth-2.0-port/nsynth.o
                0x0000000008012948                initparwave
 .text.parwavesinglesample
                0x0000000008012d34      0x2f8 ./rsynth-2.0-port/nsynth.o
                0x0000000008012d34                parwavesinglesample
 .text.parwave_init
                0x000000000801302c      0x140 ./rsynth-2.0-port/nsynth.o
                0x000000000801302c                parwave_init
 .text.klatt_init
                0x000000000801316c       0x94 ./rsynth-2.0-port/def_pars.o
                0x000000000801316c                klatt_init
 .text.startup  0x0000000008013200       0x14 /usr/lib/gcc/arm-none-eabi/8.3.1/../../../arm-none-eabi/lib/thumb/v7e-m+fp/hard/libc.a(lib_a-__call_atexit.o)
 *(.rodata)
 .rodata        0x0000000008013214       0x9c nvp.o
 .rodata        0x00000000080132b0       0x44 newvotrax.o
 .rodata        0x00000000080132f4       0x18 /usr/lib/gcc/arm-none-eabi/8.3.1/../../../arm-none-eabi/lib/thumb/v7e-m+fp/hard/libm.a(lib_a-ef_exp.o)
 .rodata        0x000000000801330c      0x398 /usr/lib/gcc/arm-none-eabi/8.3.1/../../../arm-none-eabi/lib/thumb/v7e-m+fp/hard/libm.a(lib_a-ef_rem_pio2.o)
 .rodata        0x00000000080136a4       0x38 /usr/lib/gcc/arm-none-eabi/8.3.1/../../../arm-none-eabi/lib/thumb/v7e-m+fp/hard/libm.a(lib_a-kf_rem_pio2.o)
 .rodata        0x00000000080136dc        0x8 /usr/lib/gcc/arm-none-eabi/8.3.1/../../../arm-none-eabi/lib/thumb/v7e-m+fp/hard/libm.a(lib_a-sf_rint.o)
 .rodata        0x00000000080136e4      0x101 /usr/lib/gcc/arm-none-eabi/8.3.1/../../../arm-none-eabi/lib/thumb/v7e-m+fp/hard/libc.a(lib_a-ctype_.o)
                0x00000000080136e4                _ctype_
 *fill*         0x00000000080137e5        0x3 
 .rodata        0x00000000080137e8        0x4 /usr/lib/gcc/arm-none-eabi/8.3.1/../../../arm-none-eabi/lib/thumb/v7e-m+fp/hard/libc.a(lib_a-impure.o)
                0x00000000080137e8                _global_impure_ptr
 *(.rodata*)
 .rodata.w8731_init_data
                0x00000000080137ec       0x14 codec.o
                0x00000000080137ec                w8731_init_data
 .rodata.composter
                0x0000000008013800        0xf audio.o
 .rodata.compostfrer
                0x000000000801380f        0xf audio.o
 .rodata.digitalker
                0x000000000801381e        0xf audio.o
 .rodata.digitalker_bendpitchvals
                0x000000000801382d        0xf audio.o
 .rodata.digitalker_sing
                0x000000000801383c        0xf audio.o
 .rodata.klatter
                0x000000000801384b        0xf audio.o
 .rodata.klattsingle
                0x000000000801385a        0xf audio.o
 .rodata.klattsinglesing
                0x0000000008013869        0xf audio.o
 .rodata.klattvocab
                0x0000000008013878        0xf audio.o
 .rodata.klattvocabsing
                0x0000000008013887        0xf audio.o
 .rodata.rsynthelm
                0x0000000008013896        0xf audio.o
 .rodata.rsynthsingle
                0x00000000080138a5        0xf audio.o
 .rodata.rsynthy
                0x00000000080138b4        0xf audio.o
 .rodata.rsynthysing
                0x00000000080138c3        0xf audio.o
 .rodata.samTTSer
                0x00000000080138d2        0xf audio.o
 .rodata.samTTSser
                0x00000000080138e1        0xf audio.o
 .rodata.sambanks0er
                0x00000000080138f0        0xf audio.o
 .rodata.sambanks1er
                0x00000000080138ff        0xf audio.o
 .rodata.sambender
                0x000000000801390e        0xf audio.o
 .rodata.samparamer
                0x000000000801391d        0xf audio.o
 .rodata.samphoner
                0x000000000801392c        0xf audio.o
 .rodata.samphonser
                0x000000000801393b        0xf audio.o
 .rodata.samphonsinger
                0x000000000801394a        0xf audio.o
 .rodata.samxyer
                0x0000000008013959        0xf audio.o
 .rodata.simpleklatter
                0x0000000008013968        0xf audio.o
 .rodata.sp02561219er
                0x0000000008013977        0xf audio.o
 .rodata.sp0256TTSer
                0x0000000008013986        0xf audio.o
 .rodata.sp0256bender
                0x0000000008013995        0xf audio.o
 .rodata.sp0256er
                0x00000000080139a4        0xf audio.o
 .rodata.sp0256singer
                0x00000000080139b3        0xf audio.o
 .rodata.sp0256vocaboneer
                0x00000000080139c2        0xf audio.o
 .rodata.sp0256vocabtwoer
                0x00000000080139d1        0xf audio.o
 .rodata.tms5100kandpitchtablebender
                0x00000000080139e0        0xf audio.o
 .rodata.tms5100ktablebender
                0x00000000080139ef        0xf audio.o
 .rodata.tms5100pitchtablebender
                0x00000000080139fe        0xf audio.o
 .rodata.tms5200kandpitchtablebender
                0x0000000008013a0d        0xf audio.o
 .rodata.tms5200kandpitchtablebenderx
                0x0000000008013a1c        0xf audio.o
 .rodata.tms5200ktablebender
                0x0000000008013a2b        0xf audio.o
 .rodata.tms5200pitchtablebender
                0x0000000008013a3a        0xf audio.o
 .rodata.tms5200pitchtablebenderx
                0x0000000008013a49        0xf audio.o
 .rodata.tmsbend5100er
                0x0000000008013a58        0xf audio.o
 .rodata.tmsbend5200er
                0x0000000008013a67        0xf audio.o
 .rodata.tmsbend5200erx
                0x0000000008013a76        0xf audio.o
 .rodata.tmsbendlengther
                0x0000000008013a85        0xf audio.o
 .rodata.tmser  0x0000000008013a94        0xf audio.o
 .rodata.tmslowbiter
                0x0000000008013aa3        0xf audio.o
 .rodata.tmsphoner
                0x0000000008013ab2        0xf audio.o
 .rodata.tmsphonsinger
                0x0000000008013ac1        0xf audio.o
 .rodata.tmsraw5100er
                0x0000000008013ad0        0xf audio.o
 .rodata.tmsraw5200er
                0x0000000008013adf        0xf audio.o
 .rodata.tmsraw5220er
                0x0000000008013aee        0xf audio.o
 .rodata.tmssinger
                0x0000000008013afd        0xf audio.o
 .rodata.tmsttser
                0x0000000008013b0c        0xf audio.o
 .rodata.votraxTTSer
                0x0000000008013b1b        0xf audio.o
 .rodata.votraxbender
                0x0000000008013b2a        0xf audio.o
 .rodata.votraxer
                0x0000000008013b39        0xf audio.o
 .rodata.votraxgorfer
                0x0000000008013b48        0xf audio.o
 .rodata.votraxparamer
                0x0000000008013b57        0xf audio.o
 .rodata.votraxsinger
                0x0000000008013b66        0xf audio.o
 .rodata.votraxwower
                0x0000000008013b75        0xf audio.o
 .rodata.votraxwowfilterbender
                0x0000000008013b84        0xf audio.o
 *fill*         0x0000000008013b93        0x1 
 .rodata.wormlist
                0x0000000008013b94      0x100 audio.o
 .rodata.stage_map
                0x0000000008013c94        0x6 sp0256.o
 .rodata.natural_samples
                0x0000000008013c9a       0xc8 simpleklatt.o
 .rodata.B0.11224
                0x0000000008013d62      0x1c0 parwave.o
 *fill*         0x0000000008013f22        0x2 
 .rodata.amptable.11248
                0x0000000008013f24      0x160 parwave.o
 .rodata.doublet.11210
                0x0000000008014084        0xc parwave.o
 .rodata.phoneme_list
                0x0000000008014090       0xe0 sam.o
 .rodata.sam_newsay_phon.str1.1
                0x0000000008014170        0x0 sam.o
                                          0x3 (size before relaxing)
 .rodata.str1.1
                0x0000000008014170     0x38d3 sam.o
                                       0x3b62 (size before relaxing)
 .rodata.timetable
                0x0000000008017a43       0x19 render.o
 .rodata.T0280B_0281A_coeff
                0x0000000008017a5c      0xba8 tms5200x.o
 .rodata.T0280F_2801A_coeff
                0x0000000008018604      0xba8 tms5200x.o
 .rodata.T0285_2501E_coeff
                0x00000000080191ac      0xba8 tms5200x.o
 .rodata.koffset
                0x0000000008019d54        0xa tms5200x.o
                0x0000000008019d54                koffset
 .rodata.reload_table
                0x0000000008019d5e        0x4 tms5200x.o
 .rodata.tms5220_coeff
                0x0000000008019d62      0xba8 tms5200x.o
 .rodata.vocab_2303
                0x000000000801a90a        0xe tms5200x.o
                0x000000000801a90a                vocab_2303
 .rodata.vocab_2350_1
                0x000000000801a918        0xe tms5200x.o
                0x000000000801a918                vocab_2350_1
 .rodata.vocab_2350_2
                0x000000000801a926        0xe tms5200x.o
                0x000000000801a926                vocab_2350_2
 .rodata.vocab_2352_1
                0x000000000801a934        0xe tms5200x.o
                0x000000000801a934                vocab_2352_1
 .rodata.vocab_2352_2
                0x000000000801a942        0xe tms5200x.o
                0x000000000801a942                vocab_2352_2
 .rodata.vocab_D000_1
                0x000000000801a950        0xe tms5200x.o
                0x000000000801a950                vocab_D000_1
 .rodata.vocab_D000_2
                0x000000000801a95e        0xe tms5200x.o
                0x000000000801a95e                vocab_D000_2
 .rodata.vocab_D001_1
                0x000000000801a96c        0xe tms5200x.o
                0x000000000801a96c                vocab_D001_1
 .rodata.vocab_D001_2
                0x000000000801a97a        0xe tms5200x.o
                0x000000000801a97a                vocab_D001_2
 .rodata.vocab_D002_1
                0x000000000801a988        0xe tms5200x.o
                0x000000000801a988                vocab_D002_1
 .rodata.vocab_D002_2
                0x000000000801a996        0xe tms5200x.o
                0x000000000801a996                vocab_D002_2
 .rodata.vocab_D003
                0x000000000801a9a4        0xe tms5200x.o
                0x000000000801a9a4                vocab_D003
 .rodata.vocab_D004_1
                0x000000000801a9b2        0xe tms5200x.o
                0x000000000801a9b2                vocab_D004_1
 .rodata.vocab_D004_2
                0x000000000801a9c0        0xe tms5200x.o
                0x000000000801a9c0                vocab_D004_2
 .rodata.vocab_D005_1
                0x000000000801a9ce        0xe tms5200x.o
                0x000000000801a9ce                vocab_D005_1
 .rodata.vocab_D005_2
                0x000000000801a9dc        0xe tms5200x.o
                0x000000000801a9dc                vocab_D005_2
 .rodata.vocab_D006_1
                0x000000000801a9ea        0xe tms5200x.o
                0x000000000801a9ea                vocab_D006_1
 .rodata.vocab_D006_2
                0x000000000801a9f8        0xe tms5200x.o
                0x000000000801a9f8                vocab_D006_2
 .rodata.vocab_D007_1
                0x000000000801aa06        0xe tms5200x.o
                0x000000000801aa06                vocab_D007_1
 .rodata.vocab_D007_2
                0x000000000801aa14        0xe tms5200x.o
                0x000000000801aa14                vocab_D007_2
 .rodata.vocab_D008
                0x000000000801aa22        0xe tms5200x.o
                0x000000000801aa22                vocab_D008
 .rodata.vocab_D009_1
                0x000000000801aa30        0xe tms5200x.o
                0x000000000801aa30                vocab_D009_1
 .rodata.vocab_D009_2
                0x000000000801aa3e        0xe tms5200x.o
                0x000000000801aa3e                vocab_D009_2
 .rodata.vocab_D010_1
                0x000000000801aa4c        0xe tms5200x.o
                0x000000000801aa4c                vocab_D010_1
 .rodata.vocab_D010_2
                0x000000000801aa5a        0xe tms5200x.o
                0x000000000801aa5a                vocab_D010_2
 .rodata.vocab_D011
                0x000000000801aa68        0xe tms5200x.o
                0x000000000801aa68                vocab_D011
 .rodata.vocab_D012_1
                0x000000000801aa76        0xe tms5200x.o
                0x000000000801aa76                vocab_D012_1
 .rodata.vocab_D012_2
                0x000000000801aa84        0xe tms5200x.o
                0x000000000801aa84                vocab_D012_2
 .rodata.vocab_D013
                0x000000000801aa92        0xe tms5200x.o
                0x000000000801aa92                vocab_D013
 .rodata.vocab_D014
                0x000000000801aaa0        0xe tms5200x.o
                0x000000000801aaa0                vocab_D014
 .rodata.vocab_D015_1
                0x000000000801aaae        0xe tms5200x.o
                0x000000000801aaae                vocab_D015_1
 .rodata.vocab_D015_2
                0x000000000801aabc        0xe tms5200x.o
                0x000000000801aabc                vocab_D015_2
 .rodata.vocab_D016
                0x000000000801aaca        0xe tms5200x.o
                0x000000000801aaca                vocab_D016
 .rodata.vocab_D017
                0x000000000801aad8        0xe tms5200x.o
                0x000000000801aad8                vocab_D017
 .rodata.vocab_D018
                0x000000000801aae6        0xe tms5200x.o
                0x000000000801aae6                vocab_D018
 .rodata.vocab_D019
                0x000000000801aaf4        0xe tms5200x.o
                0x000000000801aaf4                vocab_D019
 .rodata.vocab_D020_21
                0x000000000801ab02        0xe tms5200x.o
                0x000000000801ab02                vocab_D020_21
 .rodata.vocab_D022
                0x000000000801ab10        0xe tms5200x.o
                0x000000000801ab10                vocab_D022
 .rodata.vocab_D023
                0x000000000801ab1e        0xe tms5200x.o
                0x000000000801ab1e                vocab_D023
 .rodata.vocab_D024_25
                0x000000000801ab2c        0xe tms5200x.o
                0x000000000801ab2c                vocab_D024_25
 .rodata.vocab_D026
                0x000000000801ab3a        0xe tms5200x.o
                0x000000000801ab3a                vocab_D026
 .rodata.vocab_D027_34
                0x000000000801ab48        0xe tms5200x.o
                0x000000000801ab48                vocab_D027_34
 .rodata.vocab_acorn_1
                0x000000000801ab56        0xe tms5200x.o
                0x000000000801ab56                vocab_acorn_1
 .rodata.vocab_acorn_2
                0x000000000801ab64        0xe tms5200x.o
                0x000000000801ab64                vocab_acorn_2
 .rodata.vocab_alphons
                0x000000000801ab72        0xe tms5200x.o
                0x000000000801ab72                vocab_alphons
 .rodata.vocab_arcade_one
                0x000000000801ab80        0xe tms5200x.o
                0x000000000801ab80                vocab_arcade_one
 .rodata.vocab_arcade_two
                0x000000000801ab8e        0xe tms5200x.o
                0x000000000801ab8e                vocab_arcade_two
 .rodata.vocab_echofemale_1
                0x000000000801ab9c        0xe tms5200x.o
                0x000000000801ab9c                vocab_echofemale_1
 .rodata.vocab_echofemale_2
                0x000000000801abaa        0xe tms5200x.o
                0x000000000801abaa                vocab_echofemale_2
 .rodata.vocab_large_male_one_1
                0x000000000801abb8        0xe tms5200x.o
                0x000000000801abb8                vocab_large_male_one_1
 .rodata.vocab_large_male_one_2
                0x000000000801abc6        0xe tms5200x.o
                0x000000000801abc6                vocab_large_male_one_2
 .rodata.vocab_large_male_two_1
                0x000000000801abd4        0xe tms5200x.o
                0x000000000801abd4                vocab_large_male_two_1
 .rodata.vocab_large_male_two_2
                0x000000000801abe2        0xe tms5200x.o
                0x000000000801abe2                vocab_large_male_two_2
 .rodata.vocab_male_1
                0x000000000801abf0        0xe tms5200x.o
                0x000000000801abf0                vocab_male_1
 .rodata.vocab_male_2
                0x000000000801abfe        0xe tms5200x.o
                0x000000000801abfe                vocab_male_2
 .rodata.vocab_mpf
                0x000000000801ac0c        0xe tms5200x.o
                0x000000000801ac0c                vocab_mpf
 .rodata.vocab_spkspellone_1
                0x000000000801ac1a        0xe tms5200x.o
                0x000000000801ac1a                vocab_spkspellone_1
 .rodata.vocab_spkspellone_2
                0x000000000801ac28        0xe tms5200x.o
                0x000000000801ac28                vocab_spkspellone_2
 .rodata.vocab_spkspelltwo_1
                0x000000000801ac36        0xe tms5200x.o
                0x000000000801ac36                vocab_spkspelltwo_1
 .rodata.vocab_spkspelltwo_2
                0x000000000801ac44        0xe tms5200x.o
                0x000000000801ac44                vocab_spkspelltwo_2
 .rodata.vocab_ti99_one_1
                0x000000000801ac52        0xe tms5200x.o
                0x000000000801ac52                vocab_ti99_one_1
 .rodata.vocab_ti99_one_2
                0x000000000801ac60        0xe tms5200x.o
                0x000000000801ac60                vocab_ti99_one_2
 .rodata.vocab_ti99_two_1
                0x000000000801ac6e        0xe tms5200x.o
                0x000000000801ac6e                vocab_ti99_two_1
 .rodata.vocab_ti99_two_2
                0x000000000801ac7c        0xe tms5200x.o
                0x000000000801ac7c                vocab_ti99_two_2
 .rodata.vocab_vocaid
                0x000000000801ac8a        0xe tms5200x.o
                0x000000000801ac8a                vocab_vocaid
 .rodata.delta1
                0x000000000801ac98       0x40 digitalker.o
 .rodata.delta2
                0x000000000801acd8       0x40 digitalker.o
 .rodata.pcm_levels
                0x000000000801ad18       0x80 digitalker.o
 .rodata.pitch_vals
                0x000000000801ad98       0x80 digitalker.o
 .rodata.s_glottal_wave
                0x000000000801ae18       0x24 newvotrax.o
                0x000000000801ae18                s_glottal_wave
 .rodata.stage_map
                0x000000000801ae3c        0x6 sp0256bend.o
 .rodata.abbrev.str1.1
                0x000000000801ae42       0x31 ./english2phoneme/parse.o
 .rodata.str1.1
                0x000000000801ae73      0x2f2 ./english2phoneme/newenglish.o
                                        0x3c5 (size before relaxing)
 .rodata.rsynth_acid
                0x000000000801b165       0x41 rsynth_2005/holmes.o
 .rodata.rsynth_anguish
                0x000000000801b1a6       0x41 rsynth_2005/holmes.o
 .rodata.rsynth_atom
                0x000000000801b1e7       0x41 rsynth_2005/holmes.o
 .rodata.rsynth_beauty
                0x000000000801b228       0x41 rsynth_2005/holmes.o
 .rodata.rsynth_biological
                0x000000000801b269       0x41 rsynth_2005/holmes.o
 .rodata.rsynth_bit
                0x000000000801b2aa       0x41 rsynth_2005/holmes.o
 .rodata.rsynth_black
                0x000000000801b2eb       0x41 rsynth_2005/holmes.o
 .rodata.rsynth_blood
                0x000000000801b32c       0x41 rsynth_2005/holmes.o
 .rodata.rsynth_body
                0x000000000801b36d       0x41 rsynth_2005/holmes.o
 .rodata.rsynth_brain
                0x000000000801b3ae       0x41 rsynth_2005/holmes.o
 .rodata.rsynth_break
                0x000000000801b3ef       0x41 rsynth_2005/holmes.o
 .rodata.rsynth_bug
                0x000000000801b430       0x41 rsynth_2005/holmes.o
 .rodata.rsynth_byte
                0x000000000801b471       0x41 rsynth_2005/holmes.o
 .rodata.rsynth_central
                0x000000000801b4b2       0x41 rsynth_2005/holmes.o
 .rodata.rsynth_chamber
                0x000000000801b4f3       0x41 rsynth_2005/holmes.o
 .rodata.rsynth_circuit
                0x000000000801b534       0x41 rsynth_2005/holmes.o
 .rodata.rsynth_code
                0x000000000801b575       0x41 rsynth_2005/holmes.o
 .rodata.rsynth_color
                0x000000000801b5b6       0x41 rsynth_2005/holmes.o
 .rodata.rsynth_communication
                0x000000000801b5f7       0x41 rsynth_2005/holmes.o
 .rodata.rsynth_computer
                0x000000000801b638       0x41 rsynth_2005/holmes.o
 .rodata.rsynth_contact
                0x000000000801b679       0x41 rsynth_2005/holmes.o
 .rodata.rsynth_core
                0x000000000801b6ba       0x41 rsynth_2005/holmes.o
 .rodata.rsynth_cosmic
                0x000000000801b6fb       0x41 rsynth_2005/holmes.o
 .rodata.rsynth_crash
                0x000000000801b73c       0x41 rsynth_2005/holmes.o
 .rodata.rsynth_crow
                0x000000000801b77d       0x41 rsynth_2005/holmes.o
 .rodata.rsynth_crystal
                0x000000000801b7be       0x41 rsynth_2005/holmes.o
 .rodata.rsynth_curse
                0x000000000801b7ff       0x41 rsynth_2005/holmes.o
 .rodata.rsynth_danger
                0x000000000801b840       0x41 rsynth_2005/holmes.o
 .rodata.rsynth_dark
                0x000000000801b881       0x41 rsynth_2005/holmes.o
 .rodata.rsynth_darkness
                0x000000000801b8c2       0x41 rsynth_2005/holmes.o
 .rodata.rsynth_data
                0x000000000801b903       0x41 rsynth_2005/holmes.o
 .rodata.rsynth_death
                0x000000000801b944       0x41 rsynth_2005/holmes.o
 .rodata.rsynth_decay
                0x000000000801b985       0x41 rsynth_2005/holmes.o
 .rodata.rsynth_decompose
                0x000000000801b9c6       0x41 rsynth_2005/holmes.o
 .rodata.rsynth_device
                0x000000000801ba07       0x41 rsynth_2005/holmes.o
 .rodata.rsynth_digital
                0x000000000801ba48       0x41 rsynth_2005/holmes.o
 .rodata.rsynth_dirt
                0x000000000801ba89       0x41 rsynth_2005/holmes.o
 .rodata.rsynth_dissolution
                0x000000000801baca       0x41 rsynth_2005/holmes.o
 .rodata.rsynth_double
                0x000000000801bb0b       0x41 rsynth_2005/holmes.o
 .rodata.rsynth_earth
                0x000000000801bb4c       0x41 rsynth_2005/holmes.o
 .rodata.rsynth_electronic
                0x000000000801bb8d       0x41 rsynth_2005/holmes.o
 .rodata.rsynth_emotional
                0x000000000801bbce       0x41 rsynth_2005/holmes.o
 .rodata.rsynth_error
                0x000000000801bc0f       0x41 rsynth_2005/holmes.o
 .rodata.rsynth_evidence
                0x000000000801bc50       0x41 rsynth_2005/holmes.o
 .rodata.rsynth_execution
                0x000000000801bc91       0x41 rsynth_2005/holmes.o
 .rodata.rsynth_failure
                0x000000000801bcd2       0x41 rsynth_2005/holmes.o
 .rodata.rsynth_flesh
                0x000000000801bd13       0x41 rsynth_2005/holmes.o
 .rodata.rsynth_freeze
                0x000000000801bd54       0x41 rsynth_2005/holmes.o
 .rodata.rsynth_fucked
                0x000000000801bd95       0x41 rsynth_2005/holmes.o
 .rodata.rsynth_geology
                0x000000000801bdd6       0x41 rsynth_2005/holmes.o
 .rodata.rsynth_girl
                0x000000000801be17       0x41 rsynth_2005/holmes.o
 .rodata.rsynth_god
                0x000000000801be58       0x41 rsynth_2005/holmes.o
 .rodata.rsynth_gold
                0x000000000801be99       0x41 rsynth_2005/holmes.o
 .rodata.rsynth_grave
                0x000000000801beda       0x41 rsynth_2005/holmes.o
 .rodata.rsynth_green
                0x000000000801bf1b       0x41 rsynth_2005/holmes.o
 .rodata.rsynth_ground
                0x000000000801bf5c       0x41 rsynth_2005/holmes.o
 .rodata.rsynth_haunt
                0x000000000801bf9d       0x41 rsynth_2005/holmes.o
 .rodata.rsynth_hear
                0x000000000801bfde       0x41 rsynth_2005/holmes.o
 .rodata.rsynth_heart
                0x000000000801c01f       0x41 rsynth_2005/holmes.o
 .rodata.rsynth_horror
                0x000000000801c060       0x41 rsynth_2005/holmes.o
 .rodata.rsynth_human
                0x000000000801c0a1       0x41 rsynth_2005/holmes.o
 .rodata.rsynth_infection
                0x000000000801c0e2       0x41 rsynth_2005/holmes.o
 .rodata.rsynth_information
                0x000000000801c123       0x41 rsynth_2005/holmes.o
 .rodata.rsynth_instruction
                0x000000000801c164       0x41 rsynth_2005/holmes.o
 .rodata.rsynth_interpreter
                0x000000000801c1a5       0x41 rsynth_2005/holmes.o
 .rodata.rsynth_keyboard
                0x000000000801c1e6       0x41 rsynth_2005/holmes.o
 .rodata.rsynth_kill
                0x000000000801c227       0x41 rsynth_2005/holmes.o
 .rodata.rsynth_labyrinth
                0x000000000801c268       0x41 rsynth_2005/holmes.o
 .rodata.rsynth_laser
                0x000000000801c2a9       0x41 rsynth_2005/holmes.o
 .rodata.rsynth_live
                0x000000000801c2ea       0x41 rsynth_2005/holmes.o
 .rodata.rsynth_love
                0x000000000801c32b       0x41 rsynth_2005/holmes.o
 .rodata.rsynth_machine
                0x000000000801c36c       0x41 rsynth_2005/holmes.o
 .rodata.rsynth_mars
                0x000000000801c3ad       0x41 rsynth_2005/holmes.o
 .rodata.rsynth_matter
                0x000000000801c3ee       0x41 rsynth_2005/holmes.o
 .rodata.rsynth_memory
                0x000000000801c42f       0x41 rsynth_2005/holmes.o
 .rodata.rsynth_metal
                0x000000000801c470       0x41 rsynth_2005/holmes.o
 .rodata.rsynth_micro
                0x000000000801c4b1       0x41 rsynth_2005/holmes.o
 .rodata.rsynth_mind
                0x000000000801c4f2       0x41 rsynth_2005/holmes.o
 .rodata.rsynth_module
                0x000000000801c533       0x41 rsynth_2005/holmes.o
 .rodata.rsynth_moon
                0x000000000801c574       0x41 rsynth_2005/holmes.o
 .rodata.rsynth_negative
                0x000000000801c5b5       0x41 rsynth_2005/holmes.o
 .rodata.rsynth_network
                0x000000000801c5f6       0x41 rsynth_2005/holmes.o
 .rodata.rsynth_night
                0x000000000801c637       0x41 rsynth_2005/holmes.o
 .rodata.rsynth_nigredo
                0x000000000801c678       0x41 rsynth_2005/holmes.o
 .rodata.rsynth_noise
                0x000000000801c6b9       0x41 rsynth_2005/holmes.o
 .rodata.rsynth_nothing
                0x000000000801c6fa       0x41 rsynth_2005/holmes.o
 .rodata.rsynth_nuclear
                0x000000000801c73b       0x41 rsynth_2005/holmes.o
 .rodata.rsynth_obscure
                0x000000000801c77c       0x41 rsynth_2005/holmes.o
 .rodata.rsynth_off
                0x000000000801c7bd       0x41 rsynth_2005/holmes.o
 .rodata.rsynth_on
                0x000000000801c7fe       0x41 rsynth_2005/holmes.o
 .rodata.rsynth_physical
                0x000000000801c83f       0x41 rsynth_2005/holmes.o
 .rodata.rsynth_piss
                0x000000000801c880       0x41 rsynth_2005/holmes.o
 .rodata.rsynth_pixel
                0x000000000801c8c1       0x41 rsynth_2005/holmes.o
 .rodata.rsynth_plague
                0x000000000801c902       0x41 rsynth_2005/holmes.o
 .rodata.rsynth_processor
                0x000000000801c943       0x41 rsynth_2005/holmes.o
 .rodata.rsynth_program
                0x000000000801c984       0x41 rsynth_2005/holmes.o
 .rodata.rsynth_pure
                0x000000000801c9c5       0x41 rsynth_2005/holmes.o
 .rodata.rsynth_radioactivity
                0x000000000801ca06       0x41 rsynth_2005/holmes.o
 .rodata.rsynth_raven
                0x000000000801ca47       0x41 rsynth_2005/holmes.o
 .rodata.rsynth_real
                0x000000000801ca88       0x41 rsynth_2005/holmes.o
 .rodata.rsynth_red
                0x000000000801cac9       0x41 rsynth_2005/holmes.o
 .rodata.rsynth_return
                0x000000000801cb0a       0x41 rsynth_2005/holmes.o
 .rodata.rsynth_robot
                0x000000000801cb4b       0x41 rsynth_2005/holmes.o
 .rodata.rsynth_seclusion
                0x000000000801cb8c       0x41 rsynth_2005/holmes.o
 .rodata.rsynth_sediment
                0x000000000801cbcd       0x41 rsynth_2005/holmes.o
 .rodata.rsynth_serpent
                0x000000000801cc0e       0x41 rsynth_2005/holmes.o
 .rodata.rsynth_shell
                0x000000000801cc4f       0x41 rsynth_2005/holmes.o
 .rodata.rsynth_signal
                0x000000000801cc90       0x41 rsynth_2005/holmes.o
 .rodata.rsynth_skin
                0x000000000801ccd1       0x41 rsynth_2005/holmes.o
 .rodata.rsynth_space
                0x000000000801cd12       0x41 rsynth_2005/holmes.o
 .rodata.rsynth_speak
                0x000000000801cd53       0x41 rsynth_2005/holmes.o
 .rodata.rsynth_spectral
                0x000000000801cd94       0x41 rsynth_2005/holmes.o
 .rodata.rsynth_subject
                0x000000000801cdd5       0x41 rsynth_2005/holmes.o
 .rodata.rsynth_sun
                0x000000000801ce16       0x41 rsynth_2005/holmes.o
 .rodata.rsynth_surface
                0x000000000801ce57       0x41 rsynth_2005/holmes.o
 .rodata.rsynth_synthesizer
                0x000000000801ce98       0x41 rsynth_2005/holmes.o
 .rodata.rsynth_talk
                0x000000000801ced9       0x41 rsynth_2005/holmes.o
 .rodata.rsynth_time
                0x000000000801cf1a       0x41 rsynth_2005/holmes.o
 .rodata.rsynth_tomb
                0x000000000801cf5b       0x41 rsynth_2005/holmes.o
 .rodata.rsynth_vacuum
                0x000000000801cf9c       0x41 rsynth_2005/holmes.o
 .rodata.rsynth_video
                0x000000000801cfdd       0x41 rsynth_2005/holmes.o
 .rodata.rsynth_virus
                0x000000000801d01e       0x41 rsynth_2005/holmes.o
 .rodata.rsynth_voice
                0x000000000801d05f       0x41 rsynth_2005/holmes.o
 .rodata.rsynth_vomit
                0x000000000801d0a0       0x41 rsynth_2005/holmes.o
 .rodata.rsynth_white
                0x000000000801d0e1       0x41 rsynth_2005/holmes.o
 .rodata.rsynth_world
                0x000000000801d122       0x41 rsynth_2005/holmes.o
 .rodata.rsynth_worming
                0x000000000801d163       0x41 rsynth_2005/holmes.o
 .rodata.rsynth_zero
                0x000000000801d1a4       0x41 rsynth_2005/holmes.o
 .rodata.str1.1
                0x000000000801d1e5      0x139 rsynth_2005/elements.o
                                        0x1e6 (size before relaxing)
 *fill*         0x000000000801d31e        0x2 
 .rodata.vocabklatt
                0x000000000801d320      0x200 ./rsynth-2.0-port/holmes.o
 .rodata.str1.1
                0x000000000801d520       0x1b ./rsynth-2.0-port/elements.o
                                        0x136 (size before relaxing)
 .rodata.str1.1
                0x000000000801d53b      0x269 ./rsynth-2.0-port/nsynth.o
 .rodata.str1.4
                0x000000000801d7a4        0x1 /usr/lib/gcc/arm-none-eabi/8.3.1/../../../arm-none-eabi/lib/thumb/v7e-m+fp/hard/libm.a(lib_a-ef_pow.o)
 *(.glue_7)
 .glue_7        0x000000000801d7a5        0x0 linker stubs
 *(.glue_7t)
 .glue_7t       0x000000000801d7a5        0x0 linker stubs
 *(.eh_frame)
 *fill*         0x000000000801d7a5        0x3 
 .eh_frame      0x000000000801d7a8        0x0 /usr/lib/gcc/arm-none-eabi/8.3.1/thumb/v7e-m+fp/hard/crtbegin.o
 *(.init)
 .init          0x000000000801d7a8        0x4 /usr/lib/gcc/arm-none-eabi/8.3.1/thumb/v7e-m+fp/hard/crti.o
                0x000000000801d7a8                _init
 .init          0x000000000801d7ac        0x8 /usr/lib/gcc/arm-none-eabi/8.3.1/thumb/v7e-m+fp/hard/crtn.o
 *(.fini)