Archive member included because of file (symbol)

/root/CMSIS/CMSIS/Lib/GCC/libarm_cortexM4lf_math.a(arm_const_structs.o)
                              PV_vocoder.o (arm_cfft_sR_q15_len32)
/root/CMSIS/CMSIS/Lib/GCC/libarm_cortexM4lf_math.a(arm_common_tables.o)
                              /root/CMSIS/CMSIS/Lib/GCC/libarm_cortexM4lf_math.a(arm_const_structs.o) (armBitRevIndexTable_fixed_4096)
/root/CMSIS/CMSIS/Lib/GCC/libarm_cortexM4lf_math.a(arm_cfft_q15.o)
                              PV_vocoder.o (arm_cfft_q15)
/root/CMSIS/CMSIS/Lib/GCC/libarm_cortexM4lf_math.a(arm_bitreversal2.o)
                              /root/CMSIS/CMSIS/Lib/GCC/libarm_cortexM4lf_math.a(arm_cfft_q15.o) (arm_bitreversal_16)
/root/CMSIS/CMSIS/Lib/GCC/libarm_cortexM4lf_math.a(arm_cfft_radix4_q15.o)
                              /root/CMSIS/CMSIS/Lib/GCC/libarm_cortexM4lf_math.a(arm_cfft_q15.o) (arm_radix4_butterfly_q15)
/root/CMSIS/CMSIS/Lib/GCC/libarm_cortexM4lf_math.a(arm_biquad_cascade_df1_init_f32.o)
                              main.o (arm_biquad_cascade_df1_init_f32)
/root/CMSIS/CMSIS/Lib/GCC/libarm_cortexM4lf_math.a(arm_biquad_cascade_df1_f32.o)
                              effect.o (arm_biquad_cascade_df1_f32)
/root/CMSIS/CMSIS/Lib/GCC/libarm_cortexM4lf_math.a(arm_bitreversal.o)
                              /root/CMSIS/CMSIS/Lib/GCC/libarm_cortexM4lf_math.a(arm_cfft_radix4_q15.o) (arm_bitreversal_q15)
/opt/ARM/arm-linaro-eabi-4.6/lib/gcc/arm-none-eabi/4.7.3/../../../../arm-none-eabi/lib/thumb/cortex-m4/float-abi-hard/fpuv4-sp-d16/libm.a(lib_a-sf_cos.o)
                              effect.o (cosf)
/opt/ARM/arm-linaro-eabi-4.6/lib/gcc/arm-none-eabi/4.7.3/../../../../arm-none-eabi/lib/thumb/cortex-m4/float-abi-hard/fpuv4-sp-d16/libm.a(lib_a-sf_floor.o)
                              pureleak2.o (floorf)
/opt/ARM/arm-linaro-eabi-4.6/lib/gcc/arm-none-eabi/4.7.3/../../../../arm-none-eabi/lib/thumb/cortex-m4/float-abi-hard/fpuv4-sp-d16/libm.a(lib_a-s_floor.o)
                              mdavoc.o (floor)
/opt/ARM/arm-linaro-eabi-4.6/lib/gcc/arm-none-eabi/4.7.3/../../../../arm-none-eabi/lib/thumb/cortex-m4/float-abi-hard/fpuv4-sp-d16/libm.a(lib_a-sf_sin.o)
                              main.o (sinf)
/opt/ARM/arm-linaro-eabi-4.6/lib/gcc/arm-none-eabi/4.7.3/../../../../arm-none-eabi/lib/thumb/cortex-m4/float-abi-hard/fpuv4-sp-d16/libm.a(lib_a-sf_tan.o)
                              main.o (tanf)
/opt/ARM/arm-linaro-eabi-4.6/lib/gcc/arm-none-eabi/4.7.3/../../../../arm-none-eabi/lib/thumb/cortex-m4/float-abi-hard/fpuv4-sp-d16/libm.a(lib_a-wf_acos.o)
                              mdavocoder.o (acosf)
/opt/ARM/arm-linaro-eabi-4.6/lib/gcc/arm-none-eabi/4.7.3/../../../../arm-none-eabi/lib/thumb/cortex-m4/float-abi-hard/fpuv4-sp-d16/libm.a(lib_a-wf_exp.o)
                              vocode.o (expf)
/opt/ARM/arm-linaro-eabi-4.6/lib/gcc/arm-none-eabi/4.7.3/../../../../arm-none-eabi/lib/thumb/cortex-m4/float-abi-hard/fpuv4-sp-d16/libm.a(lib_a-wf_fmod.o)
                              simforstacksansmem2.o (fmodf)
/opt/ARM/arm-linaro-eabi-4.6/lib/gcc/arm-none-eabi/4.7.3/../../../../arm-none-eabi/lib/thumb/cortex-m4/float-abi-hard/fpuv4-sp-d16/libm.a(lib_a-wf_pow.o)
                              biquad.o (powf)
/opt/ARM/arm-linaro-eabi-4.6/lib/gcc/arm-none-eabi/4.7.3/../../../../arm-none-eabi/lib/thumb/cortex-m4/float-abi-hard/fpuv4-sp-d16/libm.a(lib_a-wf_sinh.o)
                              biquad.o (sinhf)
/opt/ARM/arm-linaro-eabi-4.6/lib/gcc/arm-none-eabi/4.7.3/../../../../arm-none-eabi/lib/thumb/cortex-m4/float-abi-hard/fpuv4-sp-d16/libm.a(lib_a-wf_sqrt.o)
                              biquad.o (sqrtf)
/opt/ARM/arm-linaro-eabi-4.6/lib/gcc/arm-none-eabi/4.7.3/../../../../arm-none-eabi/lib/thumb/cortex-m4/float-abi-hard/fpuv4-sp-d16/libm.a(lib_a-w_log10.o)
                              mdavoc.o (log10)
/opt/ARM/arm-linaro-eabi-4.6/lib/gcc/arm-none-eabi/4.7.3/../../../../arm-none-eabi/lib/thumb/cortex-m4/float-abi-hard/fpuv4-sp-d16/libm.a(lib_a-ef_acos.o)
                              /opt/ARM/arm-linaro-eabi-4.6/lib/gcc/arm-none-eabi/4.7.3/../../../../arm-none-eabi/lib/thumb/cortex-m4/float-abi-hard/fpuv4-sp-d16/libm.a(lib_a-wf_acos.o) (__ieee754_acosf)
/opt/ARM/arm-linaro-eabi-4.6/lib/gcc/arm-none-eabi/4.7.3/../../../../arm-none-eabi/lib/thumb/cortex-m4/float-abi-hard/fpuv4-sp-d16/libm.a(lib_a-ef_exp.o)
                              /opt/ARM/arm-linaro-eabi-4.6/lib/gcc/arm-none-eabi/4.7.3/../../../../arm-none-eabi/lib/thumb/cortex-m4/float-abi-hard/fpuv4-sp-d16/libm.a(lib_a-wf_exp.o) (__ieee754_expf)
/opt/ARM/arm-linaro-eabi-4.6/lib/gcc/arm-none-eabi/4.7.3/../../../../arm-none-eabi/lib/thumb/cortex-m4/float-abi-hard/fpuv4-sp-d16/libm.a(lib_a-ef_fmod.o)
                              /opt/ARM/arm-linaro-eabi-4.6/lib/gcc/arm-none-eabi/4.7.3/../../../../arm-none-eabi/lib/thumb/cortex-m4/float-abi-hard/fpuv4-sp-d16/libm.a(lib_a-wf_fmod.o) (__ieee754_fmodf)
[...]
Memory Configuration

Name             Origin             Length             Attributes
FLASH            0x08000000         0x00040000         xr
RAM              0x20000000         0x00020000         xrw
*default*        0x00000000         0xffffffff

Linker script and memory map

LOAD /opt/ARM/arm-linaro-eabi-4.6/lib/gcc/arm-none-eabi/4.7.3/thumb/cortex-m4/float-abi-hard/fpuv4-sp-d16/crti.o
LOAD /opt/ARM/arm-linaro-eabi-4.6/lib/gcc/arm-none-eabi/4.7.3/thumb/cortex-m4/float-abi-hard/fpuv4-sp-d16/crtbegin.o
LOAD /opt/ARM/arm-linaro-eabi-4.6/lib/gcc/arm-none-eabi/4.7.3/../../../../arm-none-eabi/lib/thumb/cortex-m4/float-abi-hard/fpuv4-sp-d16/crt0.o
LOAD startup_stm32f4xx.o
LOAD system_stm32f4xx.o
LOAD main.o
LOAD codec.o
LOAD i2s.o
LOAD stm32f4xx_tim.o
LOAD adc.o
LOAD stm32f4xx_pwr.o
LOAD stm32f4xx_gpio.o
LOAD stm32f4xx_i2c.o
LOAD stm32f4xx_rcc.o
LOAD stm32f4xx_spi.o
LOAD stm32f4xx_dma.o
LOAD stm32f4xx_adc.o
LOAD misc.o
LOAD syscalls.o
LOAD pureleak2.o
LOAD audio.o
LOAD hardware.o
LOAD effect.o
LOAD biquad.o
LOAD vocode.o
LOAD mdavocoder.o
LOAD mdavoc.o
LOAD PV_vocoder.o
LOAD simforstacksansmem2.o
LOAD cpuintrev4.o
LOAD CAforstacksansmem2.o
LOAD /root/CMSIS/CMSIS/Lib/GCC/libarm_cortexM4lf_math.a
LOAD /root/CMSIS/CMSIS/Lib/libdsplib_lm4f.a
LOAD /opt/ARM/arm-linaro-eabi-4.6/lib/gcc/arm-none-eabi/4.7.3/../../../../arm-none-eabi/lib/thumb/cortex-m4/float-abi-hard/fpuv4-sp-d16/libm.a
LOAD /opt/ARM/arm-linaro-eabi-4.6/lib/gcc/arm-none-eabi/4.7.3/../../../../arm-none-eabi/lib/thumb/cortex-m4/float-abi-hard/fpuv4-sp-d16/libc.a
START GROUP
LOAD /opt/ARM/arm-linaro-eabi-4.6/lib/gcc/arm-none-eabi/4.7.3/thumb/cortex-m4/float-abi-hard/fpuv4-sp-d16/libgcc.a
LOAD /opt/ARM/arm-linaro-eabi-4.6/lib/gcc/arm-none-eabi/4.7.3/../../../../arm-none-eabi/lib/thumb/cortex-m4/float-abi-hard/fpuv4-sp-d16/libc.a
END GROUP
LOAD /opt/ARM/arm-linaro-eabi-4.6/lib/gcc/arm-none-eabi/4.7.3/thumb/cortex-m4/float-abi-hard/fpuv4-sp-d16/crtend.o
LOAD /opt/ARM/arm-linaro-eabi-4.6/lib/gcc/arm-none-eabi/4.7.3/thumb/cortex-m4/float-abi-hard/fpuv4-sp-d16/crtn.o
                0x20020000                _estack = 0x20020000
                0x00000000                _Min_Heap_Size = 0x0
                0x00000800                _Min_Stack_Size = 0x800

.isr_vector     0x08000000      0x188
                0x08000000                . = ALIGN (0x4)
 *(.isr_vector)
 .isr_vector    0x08000000      0x188 startup_stm32f4xx.o
                0x08000000                g_pfnVectors
                0x08000188                . = ALIGN (0x4)

.flash          0x08000188     0x41ec
 .flash         0x08000188     0x412c main.o
 .flash         0x080042b4       0xc0 PV_vocoder.o

.text           0x08004378    0x191d0
                0x08004378                . = ALIGN (0x4)
 *(.text)
 .text          0x08004378       0xb0 /opt/ARM/arm-linaro-eabi-4.6/lib/gcc/arm-none-eabi/4.7.3/thumb/cortex-m4/float-abi-hard/fpuv4-sp-d16/crtbegin.o
 .text          0x08004428      0x1d8 system_stm32f4xx.o
                0x08004428                SystemInit
                0x08004574                SystemCoreClockUpdate
 .text          0x08004600      0x624 main.o
                0x08004600                fingerdir
                0x08004894                fingerdirupdown
                0x08004b24                nextdatagen
                0x08004c04                NMI_Handler
                0x08004c08                HardFault_Handler
                0x08004c0c                MemManage_Handler
                0x08004c10                BusFault_Handler
                0x08004c14                UsageFault_Handler
                0x08004c18                SVC_Handler
                0x08004c1c                DebugMon_Handler
                0x08004c20                PendSV_Handler
 .text          0x08004c24      0x404 codec.o
                0x08004c24                Codec_TIMEOUT_UserCallback
                0x08004c28                Codec_WriteRegister
                0x08004d4c                Codec_Reset
                0x08004dac                Codec_CtrlInterface_Init
                0x08004e14                Codec_AudioInterface_Init
                0x08004e68                Codec_GPIO_Init
                0x08004f1c                Codec_Init
 .text          0x08005028      0x218 i2s.o
                0x08005028                I2S_Block_Init
                0x0800513c                I2S_Block_PlayRec
                0x080051c4                DMA1_Stream3_IRQHandler
 .text          0x08005240      0xe2c stm32f4xx_tim.o
                0x08005240                TIM_DeInit
                0x08005414                TIM_TimeBaseInit
                0x080054ac                TIM_TimeBaseStructInit
                0x080054c0                TIM_PrescalerConfig
                0x080054c8                TIM_CounterModeConfig
                0x080054d8                TIM_SetCounter
                0x080054dc                TIM_SetAutoreload
                0x080054e0                TIM_GetCounter
                0x080054e4                TIM_GetPrescaler
                0x080054ec                TIM_UpdateDisableConfig
                0x08005508                TIM_UpdateRequestConfig
                0x08005524                TIM_ARRPreloadConfig
                0x08005540                TIM_SelectOnePulseMode
                0x08005558                TIM_SetClockDivision
                0x08005570                TIM_Cmd
                0x0800558c                TIM_OC1Init
                0x08005624                TIM_OC2Init
                0x080056c0                TIM_OC3Init
                0x08005758                TIM_OC4Init
                0x080057d4                TIM_OCStructInit
                0x080057e8                TIM_SelectOCxM
                0x08005834                TIM_SetCompare1
                0x08005838                TIM_SetCompare2
                0x0800583c                TIM_SetCompare3
                0x08005840                TIM_SetCompare4
                0x08005844                TIM_ForcedOC1Config
                0x08005854                TIM_ForcedOC2Config
                0x08005868                TIM_ForcedOC3Config
                0x08005878                TIM_ForcedOC4Config
                0x0800588c                TIM_OC1PreloadConfig
                0x0800589c                TIM_OC2PreloadConfig
                0x080058b0                TIM_OC3PreloadConfig
                0x080058c0                TIM_OC4PreloadConfig
                0x080058d4                TIM_OC1FastConfig
                0x080058e4                TIM_OC2FastConfig
                0x080058f8                TIM_OC3FastConfig
                0x08005908                TIM_OC4FastConfig
                0x0800591c                TIM_ClearOC1Ref
                0x0800592c                TIM_ClearOC2Ref
                0x0800593c                TIM_ClearOC3Ref
                0x0800594c                TIM_ClearOC4Ref
                0x0800595c                TIM_OC1PolarityConfig
                0x0800596c                TIM_OC1NPolarityConfig
                0x0800597c                TIM_OC2PolarityConfig
                0x08005990                TIM_OC2NPolarityConfig
                0x080059a4                TIM_OC3PolarityConfig
                0x080059b8                TIM_OC3NPolarityConfig
                0x080059cc                TIM_OC4PolarityConfig
                0x080059e0                TIM_CCxCmd
                0x08005a00                TIM_CCxNCmd
                0x08005a20                TIM_ICInit
                0x08005b8c                TIM_ICStructInit
                0x08005b9c                TIM_PWMIConfig
                0x08005d00                TIM_GetCapture1
                0x08005d04                TIM_GetCapture2
                0x08005d08                TIM_GetCapture3
                0x08005d0c                TIM_GetCapture4
                0x08005d10                TIM_SetIC1Prescaler
                0x08005d28                TIM_SetIC2Prescaler
                0x08005d44                TIM_SetIC3Prescaler
                0x08005d5c                TIM_SetIC4Prescaler
                0x08005d78                TIM_BDTRConfig
                0x08005da4                TIM_BDTRStructInit
                0x08005db8                TIM_CtrlPWMOutputs
                0x08005dd8                TIM_SelectCOM
                0x08005df4                TIM_CCPreloadControl
                0x08005e10                TIM_ITConfig
                0x08005e24                TIM_GenerateEvent
                0x08005e28                TIM_GetFlagStatus
                0x08005e34                TIM_ClearFlag
                0x08005e3c                TIM_GetITStatus
                0x08005e54                TIM_ClearITPendingBit
                0x08005e5c                TIM_DMAConfig
                0x08005e64                TIM_DMACmd
                0x08005e78                TIM_SelectCCDMA
                0x08005e94                TIM_InternalClockConfig
                0x08005ea4                TIM_ITRxExternalClockConfig
                0x08005ec0                TIM_TIxExternalClockConfig
                0x08005f50                TIM_ETRClockMode1Config
                0x08005f78                TIM_ETRClockMode2Config
                0x08005f98                TIM_SelectInputTrigger
                0x08005fa8                TIM_SelectOutputTrigger
                0x08005fc0                TIM_SelectSlaveMode
                0x08005fd8                TIM_SelectMasterSlaveMode
                0x08005ff0                TIM_ETRConfig
                0x08006008                TIM_EncoderInterfaceConfig
                0x08006048                TIM_SelectHallSensor
                0x08006064                TIM_RemapConfig
 .text          0x0800606c      0x2d4 adc.o
                0x0800606c                ADC1_Init
                0x08006214                ADC1_Measure
                0x08006264                ADC1_Initonce
                0x08006304                DMA2_Stream0_IRQHandler
 .text          0x08006340      0x290 stm32f4xx_gpio.o
                0x08006340                GPIO_DeInit
                0x08006468                GPIO_Init
                0x08006524                GPIO_StructInit
                0x08006538                GPIO_PinLockConfig
                0x0800655c                GPIO_ReadInputDataBit
                0x08006568                GPIO_ReadInputData
                0x08006570                GPIO_ReadOutputDataBit
                0x0800657c                GPIO_ReadOutputData
                0x08006584                GPIO_SetBits
                0x08006588                GPIO_ResetBits
                0x0800658c                GPIO_WriteBit
                0x08006598                GPIO_Write
                0x0800659c                GPIO_ToggleBits
                0x080065a4                GPIO_PinAFConfig
 .text          0x080065d0      0x448 stm32f4xx_i2c.o
                0x080065d0                I2C_DeInit
                0x08006640                I2C_Init
                0x08006728                I2C_StructInit
                0x08006748                I2C_Cmd
                0x08006764                I2C_GenerateSTART
                0x08006780                I2C_GenerateSTOP
                0x0800679c                I2C_Send7bitAddress
                0x080067b0                I2C_AcknowledgeConfig
                0x080067cc                I2C_OwnAddress2Config
                0x080067e0                I2C_DualAddressCmd
                0x080067fc                I2C_GeneralCallCmd
                0x08006818                I2C_SoftwareResetCmd
                0x08006834                I2C_StretchClockCmd
                0x08006850                I2C_FastModeDutyCycleConfig
                0x0800686c                I2C_NACKPositionConfig
                0x08006888                I2C_SMBusAlertConfig
                0x080068a4                I2C_ARPCmd
                0x080068c0                I2C_SendData
                0x080068c4                I2C_ReceiveData
                0x080068cc                I2C_TransmitPEC
                0x080068e8                I2C_PECPositionConfig
                0x08006904                I2C_CalculatePEC
                0x08006920                I2C_GetPEC
                0x08006928                I2C_DMACmd
                0x08006944                I2C_DMALastTransferCmd
                0x08006960                I2C_ReadRegister
                0x08006978                I2C_ITConfig
                0x0800698c                I2C_CheckEvent
                0x080069a4                I2C_GetLastEvent
                0x080069b4                I2C_GetFlagStatus
                0x080069ec                I2C_ClearFlag
                0x080069f4                I2C_GetITStatus
                0x08006a10                I2C_ClearITPendingBit
 .text          0x08006a18      0x4f4 stm32f4xx_rcc.o
                0x08006a18                RCC_DeInit
                0x08006a50                RCC_HSEConfig
                0x08006a60                RCC_WaitForHSEStartUp
                0x08006aa0                RCC_AdjustHSICalibrationValue
                0x08006ab8                RCC_HSICmd
                0x08006ac4                RCC_LSEConfig
                0x08006ae4                RCC_LSICmd
                0x08006af0                RCC_PLLConfig
                0x08006b14                RCC_PLLCmd
                0x08006b20                RCC_PLLI2SConfig
                0x08006b34                RCC_PLLI2SCmd
                0x08006b40                RCC_ClockSecuritySystemCmd
                0x08006b4c                RCC_MCO1Config
                0x08006b64                RCC_MCO2Config
                0x08006b7c                RCC_SYSCLKConfig
                0x08006b90                RCC_GetSYSCLKSource
                0x08006ba0                RCC_HCLKConfig
                0x08006bb4                RCC_PCLK1Config
                0x08006bc8                RCC_PCLK2Config
                0x08006be0                RCC_GetClocksFreq
                0x08006c8c                RCC_RTCCLKConfig
                0x08006cc4                RCC_RTCCLKCmd
                0x08006cd0                RCC_BackupResetCmd
                0x08006cdc                RCC_I2SCLKConfig
                0x08006ce8                RCC_AHB1PeriphClockCmd
                0x08006d04                RCC_AHB2PeriphClockCmd
                0x08006d20                RCC_AHB3PeriphClockCmd
                0x08006d3c                RCC_APB1PeriphClockCmd
                0x08006d58                RCC_APB2PeriphClockCmd
                0x08006d74                RCC_AHB1PeriphResetCmd
                0x08006d90                RCC_AHB2PeriphResetCmd
                0x08006dac                RCC_AHB3PeriphResetCmd
                0x08006dc8                RCC_APB1PeriphResetCmd
                0x08006de4                RCC_APB2PeriphResetCmd
                0x08006e00                RCC_AHB1PeriphClockLPModeCmd
                0x08006e1c                RCC_AHB2PeriphClockLPModeCmd
                0x08006e38                RCC_AHB3PeriphClockLPModeCmd
                0x08006e54                RCC_APB1PeriphClockLPModeCmd
                0x08006e70                RCC_APB2PeriphClockLPModeCmd
                0x08006e8c                RCC_ITConfig
                0x08006ea8                RCC_GetFlagStatus
                0x08006ed8                RCC_ClearFlag
                0x08006eec                RCC_GetITStatus
                0x08006f00                RCC_ClearITPendingBit
 .text          0x08006f0c      0x3b4 stm32f4xx_spi.o
                0x08006f0c                SPI_I2S_DeInit
                0x08006f7c                SPI_Init
                0x08006fd0                I2S_Init
                0x080070c0                SPI_StructInit
                0x080070d8                I2S_StructInit
                0x080070e8                SPI_Cmd
                0x08007104                I2S_Cmd
                0x08007120                SPI_DataSizeConfig
                0x08007138                SPI_BiDirectionalLineConfig
                0x08007154                SPI_NSSInternalSoftwareConfig
                0x08007174                SPI_SSOutputCmd
                0x08007190                SPI_TIModeCmd
                0x080071ac                I2S_FullDuplexConfig
                0x080071f4                SPI_I2S_ReceiveData
                0x080071fc                SPI_I2S_SendData
                0x08007200                SPI_CalculateCRC
                0x0800721c                SPI_TransmitCRC
                0x08007228                SPI_GetCRC
                0x08007234                SPI_GetCRCPolynomial
                0x0800723c                SPI_I2S_DMACmd
                0x08007250                SPI_I2S_ITConfig
                0x08007270                SPI_I2S_GetFlagStatus
                0x0800727c                SPI_I2S_ClearFlag
                0x08007284                SPI_I2S_GetITStatus
                0x080072ac                SPI_I2S_ClearITPendingBit
 .text          0x080072c0      0x464 stm32f4xx_dma.o
                0x080072c0                DMA_DeInit
                0x080074b4                DMA_Init
                0x08007520                DMA_StructInit
                0x08007544                DMA_Cmd
                0x08007558                DMA_PeriphIncOffsetSizeConfig
                0x0800756c                DMA_FlowControllerConfig
                0x08007580                DMA_SetCurrDataCounter
                0x08007584                DMA_GetCurrDataCounter
                0x0800758c                DMA_DoubleBufferModeConfig
                0x080075a4                DMA_DoubleBufferModeCmd
                0x080075b8                DMA_MemoryTargetConfig
                0x080075c4                DMA_GetCurrentMemoryTarget
                0x080075cc                DMA_GetCmdStatus
                0x080075d4                DMA_GetFIFOStatus
                0x080075dc                DMA_GetFlagStatus
                0x0800761c                DMA_ClearFlag
                0x08007654                DMA_ITConfig
                0x08007694                DMA_GetITStatus
                0x080076ec                DMA_ClearITPendingBit
 .text          0x08007724      0x3a8 stm32f4xx_adc.o
                0x08007724                ADC_DeInit
                0x08007740                ADC_Init
                0x08007794                ADC_StructInit
                0x080077a8                ADC_CommonInit
                0x080077d4                ADC_CommonStructInit
                0x080077e0                ADC_Cmd
                0x080077f4                ADC_AnalogWatchdogCmd
                0x08007804                ADC_AnalogWatchdogThresholdsConfig
                0x0800780c                ADC_AnalogWatchdogSingleChannelConfig
                0x08007818                ADC_TempSensorVrefintCmd
                0x08007834                ADC_VBATCmd
                0x08007850                ADC_RegularChannelConfig
                0x080078d4                ADC_SoftwareStartConv
                0x080078e0                ADC_GetSoftwareStartConvStatus
                0x080078e8                ADC_EOCOnEachRegularChannelCmd
                0x080078fc                ADC_ContinuousModeCmd
                0x08007910                ADC_DiscModeChannelCountConfig
                0x08007920                ADC_DiscModeCmd
                0x08007934                ADC_GetConversionValue
                0x0800793c                ADC_GetMultiModeConversionValue
                0x08007948                ADC_DMACmd
                0x0800795c                ADC_DMARequestAfterLastTransferCmd
                0x08007970                ADC_MultiModeDMARequestAfterLastTransferCmd
                0x0800798c                ADC_InjectedChannelConfig
                0x080079e0                ADC_InjectedSequencerLengthConfig
                0x080079f0                ADC_SetInjectedOffset
                0x08007a08                ADC_ExternalTrigInjectedConvConfig
                0x08007a14                ADC_ExternalTrigInjectedConvEdgeConfig
                0x08007a20                ADC_SoftwareStartInjectedConv
                0x08007a2c                ADC_GetSoftwareStartInjectedConvCmdStatus
                0x08007a34                ADC_AutoInjectedConvCmd
                0x08007a48                ADC_InjectedDiscModeCmd
                0x08007a5c                ADC_GetInjectedConversionValue
                0x08007a78                ADC_ITConfig
                0x08007a94                ADC_GetFlagStatus
                0x08007aa0                ADC_ClearFlag
                0x08007aa8                ADC_GetITStatus
                0x08007ac4                ADC_ClearITPendingBit
 .text          0x08007acc       0x40 syscalls.o
                0x08007acc                _close
                0x08007ad0                _fstat
                0x08007ad4                _isatty
                0x08007ad8                _lseek
                0x08007adc                _open
                0x08007ae4                _read
                0x08007ae8                _sbrk_r
 .text          0x08007b0c     0x52dc pureleak2.o
                0x08007b0c                cpustackpoppp
                0x08007b20                thread_stack_counttt
                0x08007b3c                antrule
                0x08007b4c                thread_pushhh
                0x08007b74                thread_poppp
                0x08007b9c                thread_toppp
                0x08007bbc                thread_runnn
                0x0800cd4c                machine_runnn
                0x0800cdc8                machine_pokeee
 .text          0x0800cde8      0x938 audio.o
                0x0800cde8                Audio_Init
                0x0800ce00                audio_split_stereo
                0x0800ce30                I2S_RX_CallBack
 .text          0x0800d720      0xc38 hardware.o
                0x0800d720                dohardwareswitch
                0x0800df34                reset_clocks
                0x0800dfa8                reset_switches
                0x0800dffc                setup_switches
                0x0800e068                switchalloff
                0x0800e080                setlmpwm
                0x0800e0e8                setmaximpwm
                0x0800e150                TIM_Config
                0x0800e220                initpwm
                0x0800e340                setlmmmpwm
                0x0800e34c                set40106pwm
 .text          0x0800e358     0x1464 effect.o
                0x0800e358                BPFSC_init
                0x0800e3c8                BPFSC_process
                0x0800e420                Formlet_init
                0x0800e480                Formlet_process
                0x0800e514                BBandPass_init
                0x0800e55c                BBandPass_process
                0x0800e5d4                convolve1D
                0x0800e670                bandpass
                0x0800e6d0                dobandpass
                0x0800e704                int_to_floot
                0x0800e730                intun_to_floot
                0x0800e764                floot_to_int
                0x0800e7b0                envelopefollower
                0x0800e7f8                doenvelopefollower
                0x0800e8b0                doringcopy
                0x0800e928                accumbuffer
                0x0800e954                doformantfilter
                0x0800eb58                doformantfilterf
                0x0800ecec                do_effect
                0x0800f740                test_effect
 .text          0x0800f7bc      0x880 mdavocoder.o
                0x0800f7bc                mdaVocoder_init
                0x0800fdf8                mdaVocodersuspend
                0x0800fe48                mdaVocoderprocess
 .text          0x0801003c      0x154 PV_vocoder.o
                0x0801003c                hanningprocess
                0x08010064                blackmanprocess
                0x0801008c                hammingprocess
                0x080100b4                pvvocprocess
                0x08010104                fftinit
                0x08010108                dofftin
                0x0801014c                dofftout
 .text          0x08010190     0x2e78 simforstacksansmem2.o
                0x08010190                runform
                0x08010368                runconv
                0x08010450                runsine
                0x080104b4                runnoise
                0x080104f4                runchunk
                0x0801060c                runderefchunk
                0x08010734                runwalkerchunk
                0x0801080c                runswapchunk
                0x080108f0                runinc
                0x08010938                rundec
                0x08010980                runleft
                0x080109c4                runright
                0x08010a08                runswap
                0x08010a64                runnextinc
                0x08010abc                runnextdec
                0x08010b10                runnextmult
                0x08010b6c                runnextdiv
                0x08010bd4                runcopy
                0x08010c28                runzero
                0x08010c68                runfull
                0x08010cac                runrand
                0x08010d04                runknob
                0x08010d54                runswapaudio
                0x08010dac                runORaudio
                0x08010eb0                simplesirinit
                0x08010f30                Diff
                0x08010f70                Runge_Kutta
                0x080110cc                runsimplesir
                0x080111b8                seirinit
                0x08011264                seirDiff
                0x08011320                seir_Runge_Kutta
                0x080114a0                runseir
                0x08011574                sicrinit
                0x08011644                sicrdiff
                0x080116b4                sicr_Runge_Kutta
                0x080118bc                runsicr
                0x080119e8                ifsinit
                0x08012318                runifs
                0x080124d8                rosslerinit
                0x0801253c                runrossler
                0x08012678                secondrosllerinit
                0x080126dc                runsecondrossler
                0x08012924                brusselinit
                0x08012984                runbrussel
                0x08012a84                spruceinit
                0x08012b20                runspruce
                0x08012cb0                oregoninit
                0x08012d14                runoregon
                0x08012e5c                fitzinit
                0x08012e9c                runfitz
 .text          0x08013008     0x2b84 cpuintrev4.o
                0x08013008                thread_stack_count
                0x08013018                thread_push
                0x08013030                thread_pop
                0x0801304c                thread_top
                0x0801305c                antrulee
                0x0801306c                xxrun1
                0x080131a8                xxrunworm
                0x080133a4                xxrunstack
                0x080137f4                xxrunbefunge
                0x08013f0c                xxrunlang
                0x08014014                xxrunturm
                0x080140bc                xxrunca
                0x0801419c                xxrunant
                0x08014250                xxrunca2
                0x080142dc                xxrunhodge
                0x08014640                xxrunworm2
                0x080148e8                xxrunleaky
                0x08014958                xxrunconvy
                0x080149c8                xxrunplague
                0x08014b24                xxrunmicro
                0x08014c40                xxruncw
                0x080151e8                xxrunmasque
                0x08015374                xxrunbf
                0x080154b4                xxrunbiota
                0x08015714                xxrunleakystack
 .text          0x08015b8c      0xe88 CAforstacksansmem2.o
                0x08015b8c                runnoney
                0x08015bd4                runhodge
                0x08015e6c                runhodgenet
                0x08016098                runlife
                0x08016190                runkrum
                0x0801626c                runcel
                0x08016310                inittable
                0x08016388                runcel1d
                0x0801648c                runfire
                0x080164e8                headcount
                0x08016580                runwire
                0x0801660c                runSIR
                0x08016730                runSIR16
 .text          0x08016a14       0xc4 /root/CMSIS/CMSIS/Lib/GCC/libarm_cortexM4lf_math.a(arm_bitreversal2.o)
                0x08016a14                arm_bitreversal_32
                0x08016a80                arm_bitreversal_16
 .text          0x08016ad8       0x74 /opt/ARM/arm-linaro-eabi-4.6/lib/gcc/arm-none-eabi/4.7.3/../../../../arm-none-eabi/lib/thumb/cortex-m4/float-abi-hard/fpuv4-sp-d16/libm.a(lib_a-sf_cos.o)
                0x08016ad8                cosf
 .text          0x08016b4c       0x88 /opt/ARM/arm-linaro-eabi-4.6/lib/gcc/arm-none-eabi/4.7.3/../../../../arm-none-eabi/lib/thumb/cortex-m4/float-abi-hard/fpuv4-sp-d16/libm.a(lib_a-sf_floor.o)
                0x08016b4c                floorf
 .text          0x08016bd4       0x78 /opt/ARM/arm-linaro-eabi-4.6/lib/gcc/arm-none-eabi/4.7.3/../../../../arm-none-eabi/lib/thumb/cortex-m4/float-abi-hard/fpuv4-sp-d16/libm.a(lib_a-sf_sin.o)
                0x08016bd4                sinf
 .text          0x08016c4c       0x58 /opt/ARM/arm-linaro-eabi-4.6/lib/gcc/arm-none-eabi/4.7.3/../../../../arm-none-eabi/lib/thumb/cortex-m4/float-abi-hard/fpuv4-sp-d16/libm.a(lib_a-sf_tan.o)
                0x08016c4c                tanf
 .text          0x08016ca4       0xb8 /opt/ARM/arm-linaro-eabi-4.6/lib/gcc/arm-none-eabi/4.7.3/../../../../arm-none-eabi/lib/thumb/cortex-m4/float-abi-hard/fpuv4-sp-d16/libm.a(lib_a-wf_acos.o)
                0x08016ca4                acosf
 .text          0x08016d5c       0xcc /opt/ARM/arm-linaro-eabi-4.6/lib/gcc/arm-none-eabi/4.7.3/../../../../arm-none-eabi/lib/thumb/cortex-m4/float-abi-hard/fpuv4-sp-d16/libm.a(lib_a-wf_fmod.o)
                0x08016d5c                fmodf
 .text          0x08016e28      0x37c /opt/ARM/arm-linaro-eabi-4.6/lib/gcc/arm-none-eabi/4.7.3/../../../../arm-none-eabi/lib/thumb/cortex-m4/float-abi-hard/fpuv4-sp-d16/libm.a(lib_a-wf_pow.o)
                0x08016e28                powf
 .text          0x080171a4      0x22c /opt/ARM/arm-linaro-eabi-4.6/lib/gcc/arm-none-eabi/4.7.3/../../../../arm-none-eabi/lib/thumb/cortex-m4/float-abi-hard/fpuv4-sp-d16/libm.a(lib_a-ef_acos.o)
                0x080171a4                __ieee754_acosf
 .text          0x080173d0      0x13c /opt/ARM/arm-linaro-eabi-4.6/lib/gcc/arm-none-eabi/4.7.3/../../../../arm-none-eabi/lib/thumb/cortex-m4/float-abi-hard/fpuv4-sp-d16/libm.a(lib_a-ef_fmod.o)
                0x080173d0                __ieee754_fmodf
 .text          0x0801750c      0x5d0 /opt/ARM/arm-linaro-eabi-4.6/lib/gcc/arm-none-eabi/4.7.3/../../../../arm-none-eabi/lib/thumb/cortex-m4/float-abi-hard/fpuv4-sp-d16/libm.a(lib_a-ef_pow.o)
                0x0801750c                __ieee754_powf
 .text          0x08017adc      0x284 /opt/ARM/arm-linaro-eabi-4.6/lib/gcc/arm-none-eabi/4.7.3/../../../../arm-none-eabi/lib/thumb/cortex-m4/float-abi-hard/fpuv4-sp-d16/libm.a(lib_a-ef_rem_pio2.o)
                0x08017adc                __ieee754_rem_pio2f
 .text          0x08017d60       0xa0 /opt/ARM/arm-linaro-eabi-4.6/lib/gcc/arm-none-eabi/4.7.3/../../../../arm-none-eabi/lib/thumb/cortex-m4/float-abi-hard/fpuv4-sp-d16/libm.a(lib_a-ef_sqrt.o)
                0x08017d60                __ieee754_sqrtf
 .text          0x08017e00      0x108 /opt/ARM/arm-linaro-eabi-4.6/lib/gcc/arm-none-eabi/4.7.3/../../../../arm-none-eabi/lib/thumb/cortex-m4/float-abi-hard/fpuv4-sp-d16/libm.a(lib_a-kf_cos.o)
                0x08017e00                __kernel_cosf
 .text          0x08017f08      0x5ac /opt/ARM/arm-linaro-eabi-4.6/lib/gcc/arm-none-eabi/4.7.3/../../../../arm-none-eabi/lib/thumb/cortex-m4/float-abi-hard/fpuv4-sp-d16/libm.a(lib_a-kf_rem_pio2.o)
                0x08017f08                __kernel_rem_pio2f
 .text          0x080184b4       0x90 /opt/ARM/arm-linaro-eabi-4.6/lib/gcc/arm-none-eabi/4.7.3/../../../../arm-none-eabi/lib/thumb/cortex-m4/float-abi-hard/fpuv4-sp-d16/libm.a(lib_a-kf_sin.o)
                0x080184b4                __kernel_sinf
 .text          0x08018544      0x1c4 /opt/ARM/arm-linaro-eabi-4.6/lib/gcc/arm-none-eabi/4.7.3/../../../../arm-none-eabi/lib/thumb/cortex-m4/float-abi-hard/fpuv4-sp-d16/libm.a(lib_a-kf_tan.o)
                0x08018544                __kernel_tanf
 .text          0x08018708       0x10 /opt/ARM/arm-linaro-eabi-4.6/lib/gcc/arm-none-eabi/4.7.3/../../../../arm-none-eabi/lib/thumb/cortex-m4/float-abi-hard/fpuv4-sp-d16/libm.a(lib_a-sf_fabs.o)
                0x08018708                fabsf
 .text          0x08018718       0x14 /opt/ARM/arm-linaro-eabi-4.6/lib/gcc/arm-none-eabi/4.7.3/../../../../arm-none-eabi/lib/thumb/cortex-m4/float-abi-hard/fpuv4-sp-d16/libm.a(lib_a-sf_finite.o)
                0x08018718                finitef
 .text          0x0801872c       0x38 /opt/ARM/arm-linaro-eabi-4.6/lib/gcc/arm-none-eabi/4.7.3/../../../../arm-none-eabi/lib/thumb/cortex-m4/float-abi-hard/fpuv4-sp-d16/libm.a(lib_a-sf_fpclassify.o)
                0x0801872c                __fpclassifyf
 .text          0x08018764        0xc /opt/ARM/arm-linaro-eabi-4.6/lib/gcc/arm-none-eabi/4.7.3/../../../../arm-none-eabi/lib/thumb/cortex-m4/float-abi-hard/fpuv4-sp-d16/libm.a(lib_a-sf_nan.o)
                0x08018764                nanf
 .text          0x08018770       0xcc /opt/ARM/arm-linaro-eabi-4.6/lib/gcc/arm-none-eabi/4.7.3/../../../../arm-none-eabi/lib/thumb/cortex-m4/float-abi-hard/fpuv4-sp-d16/libm.a(lib_a-sf_scalbn.o)
                0x08018770                scalbnf
 .text          0x0801883c        0x4 /opt/ARM/arm-linaro-eabi-4.6/lib/gcc/arm-none-eabi/4.7.3/../../../../arm-none-eabi/lib/thumb/cortex-m4/float-abi-hard/fpuv4-sp-d16/libm.a(lib_a-s_matherr.o)
                0x0801883c                matherr
 .text          0x08018840       0x10 /opt/ARM/arm-linaro-eabi-4.6/lib/gcc/arm-none-eabi/4.7.3/../../../../arm-none-eabi/lib/thumb/cortex-m4/float-abi-hard/fpuv4-sp-d16/libm.a(lib_a-s_nan.o)
                0x08018840                nan
 .text          0x08018850      0x124 /opt/ARM/arm-linaro-eabi-4.6/lib/gcc/arm-none-eabi/4.7.3/../../../../arm-none-eabi/lib/thumb/cortex-m4/float-abi-hard/fpuv4-sp-d16/libm.a(lib_a-s_rint.o)
                0x08018850                rint
 .text          0x08018974       0x18 /opt/ARM/arm-linaro-eabi-4.6/lib/gcc/arm-none-eabi/4.7.3/../../../../arm-none-eabi/lib/thumb/cortex-m4/float-abi-hard/fpuv4-sp-d16/libm.a(lib_a-sf_copysign.o)
                0x08018974                copysignf
 .text          0x0801898c       0x20 /opt/ARM/arm-linaro-eabi-4.6/lib/gcc/arm-none-eabi/4.7.3/../../../../arm-none-eabi/lib/thumb/cortex-m4/float-abi-hard/fpuv4-sp-d16/libc.a(lib_a-malloc.o)
                0x0801898c                malloc
                0x0801899c                free
 .text          0x080189ac      0x530 /opt/ARM/arm-linaro-eabi-4.6/lib/gcc/arm-none-eabi/4.7.3/../../../../arm-none-eabi/lib/thumb/cortex-m4/float-abi-hard/fpuv4-sp-d16/libc.a(lib_a-mallocr.o)
                0x080189ac                _malloc_r
 .text          0x08018edc       0x98 /opt/ARM/arm-linaro-eabi-4.6/lib/gcc/arm-none-eabi/4.7.3/../../../../arm-none-eabi/lib/thumb/cortex-m4/float-abi-hard/fpuv4-sp-d16/libc.a(lib_a-memcpy-stub.o)
                0x08018edc                memcpy
 .text          0x08018f74       0xa4 /opt/ARM/arm-linaro-eabi-4.6/lib/gcc/arm-none-eabi/4.7.3/../../../../arm-none-eabi/lib/thumb/cortex-m4/float-abi-hard/fpuv4-sp-d16/libc.a(lib_a-memset.o)
                0x08018f74                memset
 .text          0x08019018        0x8 /opt/ARM/arm-linaro-eabi-4.6/lib/gcc/arm-none-eabi/4.7.3/../../../../arm-none-eabi/lib/thumb/cortex-m4/float-abi-hard/fpuv4-sp-d16/libc.a(lib_a-mlock.o)
                0x08019018                __malloc_lock
                0x0801901c                __malloc_unlock
 .text          0x08019020       0x5c /opt/ARM/arm-linaro-eabi-4.6/lib/gcc/arm-none-eabi/4.7.3/../../../../arm-none-eabi/lib/thumb/cortex-m4/float-abi-hard/fpuv4-sp-d16/libc.a(lib_a-rand.o)
                0x08019020                srand
                0x08019038                rand
 .text          0x0801907c      0x228 /opt/ARM/arm-linaro-eabi-4.6/lib/gcc/arm-none-eabi/4.7.3/../../../../arm-none-eabi/lib/thumb/cortex-m4/float-abi-hard/fpuv4-sp-d16/libc.a(lib_a-freer.o)
                0x0801907c                _malloc_trim_r
                0x08019114                _free_r
 .text          0x080192a4      0x370 /opt/ARM/arm-linaro-eabi-4.6/lib/gcc/arm-none-eabi/4.7.3/thumb/cortex-m4/float-abi-hard/fpuv4-sp-d16/libgcc.a(_arm_addsubdf3.o)
                0x080192a4                __aeabi_drsub
                0x080192ac                __aeabi_dsub
                0x080192ac                __subdf3
                0x080192b0                __adddf3
                0x080192b0                __aeabi_dadd
                0x08019528                __aeabi_ui2d
                0x08019528                __floatunsidf
                0x08019548                __floatsidf
                0x08019548                __aeabi_i2d
                0x0801956c                __extendsfdf2
                0x0801956c                __aeabi_f2d
                0x080195a8                __aeabi_ul2d
                0x080195a8                __floatundidf
                0x080195b8                __floatdidf
                0x080195b8                __aeabi_l2d
 .text          0x08019614      0x424 /opt/ARM/arm-linaro-eabi-4.6/lib/gcc/arm-none-eabi/4.7.3/thumb/cortex-m4/float-abi-hard/fpuv4-sp-d16/libgcc.a(_arm_muldivdf3.o)
                0x08019614                __aeabi_dmul
                0x08019614                __muldf3
                0x08019868                __aeabi_ddiv
                0x08019868                __divdf3
 .text          0x08019a38      0x110 /opt/ARM/arm-linaro-eabi-4.6/lib/gcc/arm-none-eabi/4.7.3/thumb/cortex-m4/float-abi-hard/fpuv4-sp-d16/libgcc.a(_arm_cmpdf2.o)
                0x08019a38                __gtdf2
                0x08019a38                __gedf2
                0x08019a40                __ltdf2
                0x08019a40                __ledf2
                0x08019a48                __cmpdf2
                0x08019a48                __eqdf2
                0x08019a48                __nedf2
                0x08019ac4                __aeabi_cdrcmple
                0x08019ad4                __aeabi_cdcmple
                0x08019ad4                __aeabi_cdcmpeq
                0x08019ae4                __aeabi_dcmpeq
                0x08019af8                __aeabi_dcmplt
                0x08019b0c                __aeabi_dcmple
                0x08019b20                __aeabi_dcmpge
                0x08019b34                __aeabi_dcmpgt
 .text          0x08019b48       0xa0 /opt/ARM/arm-linaro-eabi-4.6/lib/gcc/arm-none-eabi/4.7.3/thumb/cortex-m4/float-abi-hard/fpuv4-sp-d16/libgcc.a(_arm_truncdfsf2.o)
                0x08019b48                __aeabi_d2f
                0x08019b48                __truncdfsf2
 *(.text*)
 .text.Reset_Handler
                0x08019be8       0x4c startup_stm32f4xx.o
                0x08019be8                Reset_Handler
 .text.Default_Handler
                0x08019c34        0x4 startup_stm32f4xx.o
                0x08019c34                RTC_Alarm_IRQHandler
                0x08019c34                HASH_RNG_IRQHandler
                0x08019c34                EXTI2_IRQHandler
                0x08019c34                TIM8_CC_IRQHandler
                0x08019c34                TIM1_CC_IRQHandler
                0x08019c34                DMA2_Stream5_IRQHandler
                0x08019c34                DMA1_Stream5_IRQHandler
                0x08019c34                SysTick_Handler
                0x08019c34                PVD_IRQHandler
                0x08019c34                SDIO_IRQHandler
                0x08019c34                TAMP_STAMP_IRQHandler
                0x08019c34                CAN2_RX1_IRQHandler
                0x08019c34                EXTI3_IRQHandler
                0x08019c34                TIM8_TRG_COM_TIM14_IRQHandler
                0x08019c34                TIM1_UP_TIM10_IRQHandler
                0x08019c34                TIM8_UP_TIM13_IRQHandler
                0x08019c34                I2C3_ER_IRQHandler
                0x08019c34                EXTI0_IRQHandler
                0x08019c34                I2C2_EV_IRQHandler
                0x08019c34                DMA1_Stream2_IRQHandler
                0x08019c34                CAN1_RX0_IRQHandler
                0x08019c34                FPU_IRQHandler
                0x08019c34                OTG_HS_WKUP_IRQHandler
                0x08019c34                CAN2_SCE_IRQHandler
                0x08019c34                DMA2_Stream2_IRQHandler
                0x08019c34                SPI1_IRQHandler
                0x08019c34                TIM6_DAC_IRQHandler
                0x08019c34                TIM1_BRK_TIM9_IRQHandler
                0x08019c34                DCMI_IRQHandler
                0x08019c34                CAN2_RX0_IRQHandler
                0x08019c34                DMA2_Stream3_IRQHandler
                0x08019c34                USART6_IRQHandler
                0x08019c34                USART3_IRQHandler
                0x08019c34                CRYP_IRQHandler
                0x08019c34                CAN1_RX1_IRQHandler
                0x08019c34                UART5_IRQHandler
                0x08019c34                TIM4_IRQHandler
                0x08019c34                I2C1_EV_IRQHandler
                0x08019c34                DMA1_Stream6_IRQHandler
                0x08019c34                DMA1_Stream1_IRQHandler
                0x08019c34                UART4_IRQHandler
                0x08019c34                TIM3_IRQHandler
                0x08019c34                RCC_IRQHandler
                0x08019c34                TIM8_BRK_TIM12_IRQHandler
                0x08019c34                Default_Handler
                0x08019c34                EXTI15_10_IRQHandler
                0x08019c34                ADC_IRQHandler
                0x08019c34                DMA1_Stream7_IRQHandler
                0x08019c34                TIM7_IRQHandler
                0x08019c34                CAN2_TX_IRQHandler
                0x08019c34                TIM5_IRQHandler
                0x08019c34                DMA2_Stream7_IRQHandler
                0x08019c34                I2C3_EV_IRQHandler
                0x08019c34                EXTI9_5_IRQHandler
                0x08019c34                RTC_WKUP_IRQHandler
                0x08019c34                ETH_WKUP_IRQHandler
                0x08019c34                SPI2_IRQHandler
                0x08019c34                OTG_HS_EP1_IN_IRQHandler
                0x08019c34                DMA1_Stream0_IRQHandler
                0x08019c34                CAN1_TX_IRQHandler
                0x08019c34                EXTI4_IRQHandler
                0x08019c34                FSMC_IRQHandler
                0x08019c34                ETH_IRQHandler
                0x08019c34                OTG_HS_EP1_OUT_IRQHandler
                0x08019c34                WWDG_IRQHandler
                0x08019c34                TIM2_IRQHandler
                0x08019c34                OTG_FS_WKUP_IRQHandler
                0x08019c34                TIM1_TRG_COM_TIM11_IRQHandler
                0x08019c34                OTG_HS_IRQHandler
                0x08019c34                EXTI1_IRQHandler
                0x08019c34                USART2_IRQHandler
                0x08019c34                I2C2_ER_IRQHandler
                0x08019c34                DMA2_Stream1_IRQHandler
                0x08019c34                CAN1_SCE_IRQHandler
                0x08019c34                FLASH_IRQHandler
                0x08019c34                DMA2_Stream4_IRQHandler
                0x08019c34                USART1_IRQHandler
                0x08019c34                OTG_FS_IRQHandler
                0x08019c34                SPI3_IRQHandler
                0x08019c34                DMA1_Stream4_IRQHandler
                0x08019c34                I2C1_ER_IRQHandler
                0x08019c34                DMA2_Stream6_IRQHandler
 .text.startup  0x08019c38     0x28d4 main.o
                0x08019c38                main
 .text.arm_cfft_radix4by2_q15
                0x0801c50c       0xd4 /root/CMSIS/CMSIS/Lib/GCC/libarm_cortexM4lf_math.a(arm_cfft_q15.o)
                0x0801c50c                arm_cfft_radix4by2_q15
 .text.arm_cfft_radix4by2_inverse_q15
                0x0801c5e0       0xd4 /root/CMSIS/CMSIS/Lib/GCC/libarm_cortexM4lf_math.a(arm_cfft_q15.o)
                0x0801c5e0                arm_cfft_radix4by2_inverse_q15
 .text.arm_cfft_q15
                0x0801c6b4       0xbc /root/CMSIS/CMSIS/Lib/GCC/libarm_cortexM4lf_math.a(arm_cfft_q15.o)
                0x0801c6b4                arm_cfft_q15
 .text.arm_radix4_butterfly_q15
                0x0801c770      0x2e0 /root/CMSIS/CMSIS/Lib/GCC/libarm_cortexM4lf_math.a(arm_cfft_radix4_q15.o)
                0x0801c770                arm_radix4_butterfly_q15
 .text.arm_radix4_butterfly_inverse_q15
                0x0801ca50      0x2e0 /root/CMSIS/CMSIS/Lib/GCC/libarm_cortexM4lf_math.a(arm_cfft_radix4_q15.o)
                0x0801ca50                arm_radix4_butterfly_inverse_q15
 .text.arm_biquad_cascade_df1_init_f32
                0x0801cd30       0x18 /root/CMSIS/CMSIS/Lib/GCC/libarm_cortexM4lf_math.a(arm_biquad_cascade_df1_init_f32.o)
                0x0801cd30                arm_biquad_cascade_df1_init_f32
 .text.arm_biquad_cascade_df1_f32
                0x0801cd48      0x1a0 /root/CMSIS/CMSIS/Lib/GCC/libarm_cortexM4lf_math.a(arm_biquad_cascade_df1_f32.o)
                0x0801cd48                arm_biquad_cascade_df1_f32
 *(.rodata)
 .rodata        0x0801cee8      0x12c main.o
                0x0801cef8                direction
 .rodata        0x0801d014       0x20 pureleak2.o
 .rodata        0x0801d034       0x14 audio.o
 .rodata        0x0801d048       0x20 cpuintrev4.o
 .rodata        0x0801d068        0x8 /opt/ARM/arm-linaro-eabi-4.6/lib/gcc/arm-none-eabi/4.7.3/../../../../arm-none-eabi/lib/thumb/cortex-m4/float-abi-hard/fpuv4-sp-d16/libm.a(lib_a-ef_fmod.o)
 .rodata        0x0801d070       0x18 /opt/ARM/arm-linaro-eabi-4.6/lib/gcc/arm-none-eabi/4.7.3/../../../../arm-none-eabi/lib/thumb/cortex-m4/float-abi-hard/fpuv4-sp-d16/libm.a(lib_a-ef_pow.o)
 .rodata        0x0801d088      0x398 /opt/ARM/arm-linaro-eabi-4.6/lib/gcc/arm-none-eabi/4.7.3/../../../../arm-none-eabi/lib/thumb/cortex-m4/float-abi-hard/fpuv4-sp-d16/libm.a(lib_a-ef_rem_pio2.o)
 .rodata        0x0801d420       0x38 /opt/ARM/arm-linaro-eabi-4.6/lib/gcc/arm-none-eabi/4.7.3/../../../../arm-none-eabi/lib/thumb/cortex-m4/float-abi-hard/fpuv4-sp-d16/libm.a(lib_a-kf_rem_pio2.o)
 .rodata        0x0801d458       0x10 /opt/ARM/arm-linaro-eabi-4.6/lib/gcc/arm-none-eabi/4.7.3/../../../../arm-none-eabi/lib/thumb/cortex-m4/float-abi-hard/fpuv4-sp-d16/libm.a(lib_a-s_rint.o)
 *(.rodata*)
 .rodata.arm_cfft_sR_q15_len32
                0x0801d468       0x10 /root/CMSIS/CMSIS/Lib/GCC/libarm_cortexM4lf_math.a(arm_const_structs.o)
                0x0801d468                arm_cfft_sR_q15_len32
 .rodata.twiddleCoef_32_q15
                0x0801d478       0x60 /root/CMSIS/CMSIS/Lib/GCC/libarm_cortexM4lf_math.a(arm_common_tables.o)
                0x0801d478                twiddleCoef_32_q15
 .rodata.armBitRevIndexTable_fixed_32
                0x0801d4d8       0x30 /root/CMSIS/CMSIS/Lib/GCC/libarm_cortexM4lf_math.a(arm_common_tables.o)
                0x0801d4d8                armBitRevIndexTable_fixed_32
 .rodata.str1.4
                0x0801d508        0x6 /opt/ARM/arm-linaro-eabi-4.6/lib/gcc/arm-none-eabi/4.7.3/../../../../arm-none-eabi/lib/thumb/cortex-m4/float-abi-hard/fpuv4-sp-d16/libm.a(lib_a-wf_acos.o)
                                  0xc (size before relaxing)
 *fill*         0x0801d50e        0x2 
 .rodata.str1.4
                0x0801d510        0x6 /opt/ARM/arm-linaro-eabi-4.6/lib/gcc/arm-none-eabi/4.7.3/../../../../arm-none-eabi/lib/thumb/cortex-m4/float-abi-hard/fpuv4-sp-d16/libm.a(lib_a-wf_fmod.o)
                                  0x8 (size before relaxing)
 *fill*         0x0801d516        0x2 
 .rodata.str1.4
                0x0801d518        0x5 /opt/ARM/arm-linaro-eabi-4.6/lib/gcc/arm-none-eabi/4.7.3/../../../../arm-none-eabi/lib/thumb/cortex-m4/float-abi-hard/fpuv4-sp-d16/libm.a(lib_a-wf_pow.o)
                                  0x8 (size before relaxing)
 .rodata.str1.4
                0x00000000        0x4 /opt/ARM/arm-linaro-eabi-4.6/lib/gcc/arm-none-eabi/4.7.3/../../../../arm-none-eabi/lib/thumb/cortex-m4/float-abi-hard/fpuv4-sp-d16/libm.a(lib_a-ef_pow.o)
 *fill*         0x0801d51d        0x3 
 .rodata.str1.4
                0x0801d520        0x4 /opt/ARM/arm-linaro-eabi-4.6/lib/gcc/arm-none-eabi/4.7.3/../../../../arm-none-eabi/lib/thumb/cortex-m4/float-abi-hard/fpuv4-sp-d16/libc.a(lib_a-impure.o)
 *(.glue_7)
 .glue_7        0x00000000        0x0 linker stubs
 *(.glue_7t)
 .glue_7t       0x00000000        0x0 linker stubs
 *(.eh_frame)
 .eh_frame      0x0801d524        0x0 /opt/ARM/arm-linaro-eabi-4.6/lib/gcc/arm-none-eabi/4.7.3/thumb/cortex-m4/float-abi-hard/fpuv4-sp-d16/crtbegin.o
 *(.init)
 .init          0x0801d524        0x4 /opt/ARM/arm-linaro-eabi-4.6/lib/gcc/arm-none-eabi/4.7.3/thumb/cortex-m4/float-abi-hard/fpuv4-sp-d16/crti.o
                0x0801d524                _init
 .init          0x0801d528        0x8 /opt/ARM/arm-linaro-eabi-4.6/lib/gcc/arm-none-eabi/4.7.3/thumb/cortex-m4/float-abi-hard/fpuv4-sp-d16/crtn.o
 *(.fini)
 .fini          0x0801d530        0x4 /opt/ARM/arm-linaro-eabi-4.6/lib/gcc/arm-none-eabi/4.7.3/thumb/cortex-m4/float-abi-hard/fpuv4-sp-d16/crti.o
                0x0801d530                _fini
 .fini          0x0801d534        0x8 /opt/ARM/arm-linaro-eabi-4.6/lib/gcc/arm-none-eabi/4.7.3/thumb/cortex-m4/float-abi-hard/fpuv4-sp-d16/crtn.o
 *fill*         0x0801d53c        0x4 
 .fini.__stub   0x0801d540        0x8 linker stubs
                0x0801d548                . = ALIGN (0x4)
                0x0801d548                _etext = .
                0x0801d548                _exit = .

.vfp11_veneer   0x0801d548        0x0
 .vfp11_veneer  0x00000000        0x0 linker stubs

.v4_bx          0x0801d548        0x0
 .v4_bx         0x00000000        0x0 linker stubs

.iplt           0x0801d548        0x0
 .iplt          0x00000000        0x0 /opt/ARM/arm-linaro-eabi-4.6/lib/gcc/arm-none-eabi/4.7.3/thumb/cortex-m4/float-abi-hard/fpuv4-sp-d16/crtbegin.o

.rel.dyn        0x0801d548        0x0
 .rel.iplt      0x00000000        0x0 /opt/ARM/arm-linaro-eabi-4.6/lib/gcc/arm-none-eabi/4.7.3/thumb/cortex-m4/float-abi-hard/fpuv4-sp-d16/crtbegin.o

.ARM.extab
 *(.ARM.extab* .gnu.linkonce.armextab.*)

.ARM            0x0801d548        0x0
                0x0801d548                __exidx_start = .
 *(.ARM.exidx*)
                0x0801d548                __exidx_end = .

.preinit_array  0x0801d548        0x0
                0x0801d548                PROVIDE (__preinit_array_start, .)
 *(.preinit_array*)
                0x0801d548                PROVIDE (__preinit_array_end, .)

.init_array     0x0801d548        0x4
                0x0801d548                PROVIDE (__init_array_start, .)
 *(SORT(.init_array.*))
 *(.init_array*)
 .init_array    0x0801d548        0x4 /opt/ARM/arm-linaro-eabi-4.6/lib/gcc/arm-none-eabi/4.7.3/thumb/cortex-m4/float-abi-hard/fpuv4-sp-d16/crtbegin.o
                0x0801d54c                PROVIDE (__init_array_end, .)

.fini_array     0x0801d54c        0x4
                0x0801d54c                PROVIDE (__fini_array_start, .)
 *(.fini_array*)
 .fini_array    0x0801d54c        0x4 /opt/ARM/arm-linaro-eabi-4.6/lib/gcc/arm-none-eabi/4.7.3/thumb/cortex-m4/float-abi-hard/fpuv4-sp-d16/crtbegin.o
 *(SORT(.fini_array.*))
                0x0801d550                PROVIDE (__fini_array_end, .)
                0x0801d550                _sidata = .

.data           0x20000000    0x108c0 load address 0x0801d550
                0x20000000                . = ALIGN (0x4)
                0x20000000                _sdata = .
 *(.data)
 .data          0x20000000       0x14 system_stm32f4xx.o
                0x20000000                AHBPrescTable
                0x20000010                SystemCoreClock
 .data          0x20000014       0x14 main.o
                0x20000014                howmanydatagenwalkervill
                0x20000018                datagenbuffer
                0x2000001c                howmanydatavill
                0x2000001d                howmanywritevill
                0x2000001e                howmanyreadvill
                0x2000001f                howmanyfiltoutvill
                0x20000020                howmany40106vill
                0x20000021                howmanylmvill
                0x20000022                howmanymaximvill
                0x20000023                howmanyhdgenervill
                0x20000024                howmanyhardvill
                0x20000025                hardcompress
 .data          0x20000028        0x4 codec.o
                0x20000028                CODECTimeout
 .data          0x2000002c       0x10 stm32f4xx_rcc.o
 .data          0x2000003c    0x10000 audio.o
                0x2000003c                audio_buffer
 .data          0x2001003c       0x30 simforstacksansmem2.o
 .data          0x2001006c       0x10 CAforstacksansmem2.o
                0x2001006c                biotadir
 .data          0x2001007c        0x1 /opt/ARM/arm-linaro-eabi-4.6/lib/gcc/arm-none-eabi/4.7.3/../../../../arm-none-eabi/lib/thumb/cortex-m4/float-abi-hard/fpuv4-sp-d16/libm.a(lib_a-s_lib_ver.o)
                0x2001007c                __fdlib_version
 *fill*         0x2001007d        0x3 
 .data          0x20010080      0x430 /opt/ARM/arm-linaro-eabi-4.6/lib/gcc/arm-none-eabi/4.7.3/../../../../arm-none-eabi/lib/thumb/cortex-m4/float-abi-hard/fpuv4-sp-d16/libc.a(lib_a-impure.o)
                0x20010080                _impure_ptr
 .data          0x200104b0      0x410 /opt/ARM/arm-linaro-eabi-4.6/lib/gcc/arm-none-eabi/4.7.3/../../../../arm-none-eabi/lib/thumb/cortex-m4/float-abi-hard/fpuv4-sp-d16/libc.a(lib_a-mallocr.o)
                0x200104b0                __malloc_av_
                0x200108b8                __malloc_sbrk_base
                0x200108bc                __malloc_trim_threshold
 *(.data*)
                0x200108c0                . = ALIGN (0x4)
                0x200108c0                _edata = .

.jcr            0x200108c0        0x0 load address 0x0802de10
 .jcr           0x200108c0        0x0 /opt/ARM/arm-linaro-eabi-4.6/lib/gcc/arm-none-eabi/4.7.3/thumb/cortex-m4/float-abi-hard/fpuv4-sp-d16/crtbegin.o

.tm_clone_table
                0x200108c0        0x0 load address 0x0802de10
 .tm_clone_table
                0x200108c0        0x0 /opt/ARM/arm-linaro-eabi-4.6/lib/gcc/arm-none-eabi/4.7.3/thumb/cortex-m4/float-abi-hard/fpuv4-sp-d16/crtbegin.o
 .tm_clone_table
                0x200108c0        0x0 /opt/ARM/arm-linaro-eabi-4.6/lib/gcc/arm-none-eabi/4.7.3/thumb/cortex-m4/float-abi-hard/fpuv4-sp-d16/crtend.o

.igot.plt       0x200108c0        0x0 load address 0x0802de10
 .igot.plt      0x00000000        0x0 /opt/ARM/arm-linaro-eabi-4.6/lib/gcc/arm-none-eabi/4.7.3/thumb/cortex-m4/float-abi-hard/fpuv4-sp-d16/crtbegin.o
                0x200108c0                . = ALIGN (0x4)

.bss            0x200108c0     0x4198 load address 0x0802de10
                0x200108c0                _sbss = .
                0x200108c0                __bss_start__ = _sbss
 *(.bss)
 .bss           0x200108c0       0x1c /opt/ARM/arm-linaro-eabi-4.6/lib/gcc/arm-none-eabi/4.7.3/thumb/cortex-m4/float-abi-hard/fpuv4-sp-d16/crtbegin.o
 .bss           0x200108dc     0x3de8 main.o
                0x200108dc                adc_buffer
                0x200108f4                village_datagenwalker
                0x20010e08                wormdir
                0x20010e0c                buf16
                0x20010e10                mdavocod
                0x20010e14                coeffs
                0x20011008                df
                0x20011134                village_read
                0x20011a58                village_write
                0x20012174                village_datagen
                0x20012b9c                village_effect
                0x200135c4                village_filtout
                0x20013ce0                village_40106
                0x20013e34                village_hdgener
                0x20013f88                village_lm
                0x200140dc                village_maxim
                0x20014230                village_hardware
                0x20014298                sin_data
                0x20014498                tx_buffer
                0x20014598                rx_buffer
                0x20014698                howmanyeffectvill
                0x200146ac                table
 .bss           0x200146c4       0x84 i2s.o
                0x200146c4                DMA_InitStructure
                0x20014700                DMA_InitStructure2
                0x2001473c                txbuf
                0x20014740                rxbuf
                0x20014744                szbuf
 .bss           0x20014748        0x8 syscalls.o
                0x2001474c                __errno
 .bss           0x20014750       0x84 audio.o
                0x20014750                mono_buffer
                0x20014794                left_buffer
 .bss           0x200147d4       0x28 hardware.o
                0x200147d6                digfilterflag
                0x200147d8                PrescalerValue
                0x200147dc                TIM_TimeBaseStructure
                0x200147e8                TIM_OCInitStructure
 .bss           0x200147fc       0x1c effect.o
 .bss           0x20014818      0x20c simforstacksansmem2.o
                0x20014818                freqqq
                0x2001481c                w
 .bss           0x20014a24       0x34 /opt/ARM/arm-linaro-eabi-4.6/lib/gcc/arm-none-eabi/4.7.3/../../../../arm-none-eabi/lib/thumb/cortex-m4/float-abi-hard/fpuv4-sp-d16/libc.a(lib_a-mallocr.o)
                0x20014a24                __malloc_top_pad
                0x20014a28                __malloc_current_mallinfo
                0x20014a50                __malloc_max_sbrked_mem
                0x20014a54                __malloc_max_total_mem
 *(.bss*)
 *(COMMON)
                0x20014a58                . = ALIGN (0x4)
                0x20014a58                _ebss = .
                0x20014a58                __bss_end__ = _ebss

._user_heap_stack
                0x20014a58      0x800 load address 0x08031fa8
                0x20014a58                . = ALIGN (0x4)
                0x20014a58                PROVIDE (end, .)
                0x20014a58                PROVIDE (_end, .)
                0x20014a58                . = (. + _Min_Heap_Size)
                0x20015258                . = (. + _Min_Stack_Size)
 *fill*         0x20014a58      0x800 
                0x20015258                . = ALIGN (0x4)

.ARM.attributes
                0x00000000       0x35
 *(.ARM.attributes)
 .ARM.attributes
                0x00000000       0x27 /opt/ARM/arm-linaro-eabi-4.6/lib/gcc/arm-none-eabi/4.7.3/thumb/cortex-m4/float-abi-hard/fpuv4-sp-d16/crti.o
 .ARM.attributes
                0x00000027       0x39 /opt/ARM/arm-linaro-eabi-4.6/lib/gcc/arm-none-eabi/4.7.3/thumb/cortex-m4/float-abi-hard/fpuv4-sp-d16/crtbegin.o
 .ARM.attributes
                0x00000060       0x21 startup_stm32f4xx.o
 .ARM.attributes
                0x00000081       0x39 system_stm32f4xx.o
 .ARM.attributes
                0x000000ba       0x39 main.o
 .ARM.attributes
                0x000000f3       0x39 codec.o
 .ARM.attributes
                0x0000012c       0x39 i2s.o
 .ARM.attributes
                0x00000165       0x39 stm32f4xx_tim.o
 .ARM.attributes
                0x0000019e       0x39 adc.o
 .ARM.attributes
                0x000001d7       0x39 stm32f4xx_gpio.o
 .ARM.attributes
                0x00000210       0x39 stm32f4xx_i2c.o
 .ARM.attributes
                0x00000249       0x39 stm32f4xx_rcc.o
 .ARM.attributes
                0x00000282       0x39 stm32f4xx_spi.o
 .ARM.attributes
                0x000002bb       0x39 stm32f4xx_dma.o
 .ARM.attributes
                0x000002f4       0x39 stm32f4xx_adc.o
 .ARM.attributes
                0x0000032d       0x39 syscalls.o
 .ARM.attributes
                0x00000366       0x39 pureleak2.o
 .ARM.attributes
                0x0000039f       0x39 audio.o
 .ARM.attributes
                0x000003d8       0x39 hardware.o
 .ARM.attributes
                0x00000411       0x39 effect.o
 .ARM.attributes
                0x0000044a       0x39 mdavocoder.o
 .ARM.attributes
                0x00000483       0x39 PV_vocoder.o
 .ARM.attributes
                0x000004bc       0x39 simforstacksansmem2.o
 .ARM.attributes
                0x000004f5       0x39 cpuintrev4.o
 .ARM.attributes
                0x0000052e       0x39 CAforstacksansmem2.o
 .ARM.attributes
                0x00000567       0x39 /root/CMSIS/CMSIS/Lib/GCC/libarm_cortexM4lf_math.a(arm_const_structs.o)
 .ARM.attributes
                0x000005a0       0x39 /root/CMSIS/CMSIS/Lib/GCC/libarm_cortexM4lf_math.a(arm_common_tables.o)
 .ARM.attributes
                0x000005d9       0x39 /root/CMSIS/CMSIS/Lib/GCC/libarm_cortexM4lf_math.a(arm_cfft_q15.o)
 .ARM.attributes
                0x00000612       0x25 /root/CMSIS/CMSIS/Lib/GCC/libarm_cortexM4lf_math.a(arm_bitreversal2.o)
 .ARM.attributes
                0x00000637       0x39 /root/CMSIS/CMSIS/Lib/GCC/libarm_cortexM4lf_math.a(arm_cfft_radix4_q15.o)
 .ARM.attributes
                0x00000670       0x39 /root/CMSIS/CMSIS/Lib/GCC/libarm_cortexM4lf_math.a(arm_biquad_cascade_df1_init_f32.o)
 .ARM.attributes
                0x000006a9       0x39 /root/CMSIS/CMSIS/Lib/GCC/libarm_cortexM4lf_math.a(arm_biquad_cascade_df1_f32.o)
 .ARM.attributes
                0x000006e2       0x39 /opt/ARM/arm-linaro-eabi-4.6/lib/gcc/arm-none-eabi/4.7.3/../../../../arm-none-eabi/lib/thumb/cortex-m4/float-abi-hard/fpuv4-sp-d16/libm.a(lib_a-sf_cos.o)
 .ARM.attributes
                0x0000071b       0x39 /opt/ARM/arm-linaro-eabi-4.6/lib/gcc/arm-none-eabi/4.7.3/../../../../arm-none-eabi/lib/thumb/cortex-m4/float-abi-hard/fpuv4-sp-d16/libm.a(lib_a-sf_floor.o)
 .ARM.attributes
                0x00000754       0x39 /opt/ARM/arm-linaro-eabi-4.6/lib/gcc/arm-none-eabi/4.7.3/../../../../arm-none-eabi/lib/thumb/cortex-m4/float-abi-hard/fpuv4-sp-d16/libm.a(lib_a-sf_sin.o)
 .ARM.attributes
                0x0000078d       0x39 /opt/ARM/arm-linaro-eabi-4.6/lib/gcc/arm-none-eabi/4.7.3/../../../../arm-none-eabi/lib/thumb/cortex-m4/float-abi-hard/fpuv4-sp-d16/libm.a(lib_a-sf_tan.o)
 .ARM.attributes
                0x000007c6       0x39 /opt/ARM/arm-linaro-eabi-4.6/lib/gcc/arm-none-eabi/4.7.3/../../../../arm-none-eabi/lib/thumb/cortex-m4/float-abi-hard/fpuv4-sp-d16/libm.a(lib_a-wf_acos.o)
 .ARM.attributes
                0x000007ff       0x39 /opt/ARM/arm-linaro-eabi-4.6/lib/gcc/arm-none-eabi/4.7.3/../../../../arm-none-eabi/lib/thumb/cortex-m4/float-abi-hard/fpuv4-sp-d16/libm.a(lib_a-wf_fmod.o)
 .ARM.attributes
                0x00000838       0x39 /opt/ARM/arm-linaro-eabi-4.6/lib/gcc/arm-none-eabi/4.7.3/../../../../arm-none-eabi/lib/thumb/cortex-m4/float-abi-hard/fpuv4-sp-d16/libm.a(lib_a-wf_pow.o)
 .ARM.attributes
                0x00000871       0x39 /opt/ARM/arm-linaro-eabi-4.6/lib/gcc/arm-none-eabi/4.7.3/../../../../arm-none-eabi/lib/thumb/cortex-m4/float-abi-hard/fpuv4-sp-d16/libm.a(lib_a-ef_acos.o)
 .ARM.attributes
                0x000008aa       0x39 /opt/ARM/arm-linaro-eabi-4.6/lib/gcc/arm-none-eabi/4.7.3/../../../../arm-none-eabi/lib/thumb/cortex-m4/float-abi-hard/fpuv4-sp-d16/libm.a(lib_a-ef_fmod.o)
 .ARM.attributes
                0x000008e3       0x39 /opt/ARM/arm-linaro-eabi-4.6/lib/gcc/arm-none-eabi/4.7.3/../../../../arm-none-eabi/lib/thumb/cortex-m4/float-abi-hard/fpuv4-sp-d16/libm.a(lib_a-ef_pow.o)
 .ARM.attributes
                0x0000091c       0x39 /opt/ARM/arm-linaro-eabi-4.6/lib/gcc/arm-none-eabi/4.7.3/../../../../arm-none-eabi/lib/thumb/cortex-m4/float-abi-hard/fpuv4-sp-d16/libm.a(lib_a-ef_rem_pio2.o)
 .ARM.attributes
                0x00000955       0x39 /opt/ARM/arm-linaro-eabi-4.6/lib/gcc/arm-none-eabi/4.7.3/../../../../arm-none-eabi/lib/thumb/cortex-m4/float-abi-hard/fpuv4-sp-d16/libm.a(lib_a-ef_sqrt.o)
 .ARM.attributes
                0x0000098e       0x39 /opt/ARM/arm-linaro-eabi-4.6/lib/gcc/arm-none-eabi/4.7.3/../../../../arm-none-eabi/lib/thumb/cortex-m4/float-abi-hard/fpuv4-sp-d16/libm.a(lib_a-kf_cos.o)
 .ARM.attributes
                0x000009c7       0x39 /opt/ARM/arm-linaro-eabi-4.6/lib/gcc/arm-none-eabi/4.7.3/../../../../arm-none-eabi/lib/thumb/cortex-m4/float-abi-hard/fpuv4-sp-d16/libm.a(lib_a-kf_rem_pio2.o)
 .ARM.attributes
                0x00000a00       0x39 /opt/ARM/arm-linaro-eabi-4.6/lib/gcc/arm-none-eabi/4.7.3/../../../../arm-none-eabi/lib/thumb/cortex-m4/float-abi-hard/fpuv4-sp-d16/libm.a(lib_a-kf_sin.o)
 .ARM.attributes
                0x00000a39       0x39 /opt/ARM/arm-linaro-eabi-4.6/lib/gcc/arm-none-eabi/4.7.3/../../../../arm-none-eabi/lib/thumb/cortex-m4/float-abi-hard/fpuv4-sp-d16/libm.a(lib_a-kf_tan.o)
 .ARM.attributes
                0x00000a72       0x39 /opt/ARM/arm-linaro-eabi-4.6/lib/gcc/arm-none-eabi/4.7.3/../../../../arm-none-eabi/lib/thumb/cortex-m4/float-abi-hard/fpuv4-sp-d16/libm.a(lib_a-sf_fabs.o)
 .ARM.attributes
                0x00000aab       0x39 /opt/ARM/arm-linaro-eabi-4.6/lib/gcc/arm-none-eabi/4.7.3/../../../../arm-none-eabi/lib/thumb/cortex-m4/float-abi-hard/fpuv4-sp-d16/libm.a(lib_a-sf_finite.o)
 .ARM.attributes
                0x00000ae4       0x39 /opt/ARM/arm-linaro-eabi-4.6/lib/gcc/arm-none-eabi/4.7.3/../../../../arm-none-eabi/lib/thumb/cortex-m4/float-abi-hard/fpuv4-sp-d16/libm.a(lib_a-sf_fpclassify.o)
 .ARM.attributes
                0x00000b1d       0x39 /opt/ARM/arm-linaro-eabi-4.6/lib/gcc/arm-none-eabi/4.7.3/../../../../arm-none-eabi/lib/thumb/cortex-m4/float-abi-hard/fpuv4-sp-d16/libm.a(lib_a-sf_nan.o)
 .ARM.attributes
                0x00000b56       0x39 /opt/ARM/arm-linaro-eabi-4.6/lib/gcc/arm-none-eabi/4.7.3/../../../../arm-none-eabi/lib/thumb/cortex-m4/float-abi-hard/fpuv4-sp-d16/libm.a(lib_a-sf_scalbn.o)
 .ARM.attributes
                0x00000b8f       0x39 /opt/ARM/arm-linaro-eabi-4.6/lib/gcc/arm-none-eabi/4.7.3/../../../../arm-none-eabi/lib/thumb/cortex-m4/float-abi-hard/fpuv4-sp-d16/libm.a(lib_a-s_lib_ver.o)
 .ARM.attributes
                0x00000bc8       0x39 /opt/ARM/arm-linaro-eabi-4.6/lib/gcc/arm-none-eabi/4.7.3/../../../../arm-none-eabi/lib/thumb/cortex-m4/float-abi-hard/fpuv4-sp-d16/libm.a(lib_a-s_matherr.o)
 .ARM.attributes
                0x00000c01       0x39 /opt/ARM/arm-linaro-eabi-4.6/lib/gcc/arm-none-eabi/4.7.3/../../../../arm-none-eabi/lib/thumb/cortex-m4/float-abi-hard/fpuv4-sp-d16/libm.a(lib_a-s_nan.o)
 .ARM.attributes
                0x00000c3a       0x39 /opt/ARM/arm-linaro-eabi-4.6/lib/gcc/arm-none-eabi/4.7.3/../../../../arm-none-eabi/lib/thumb/cortex-m4/float-abi-hard/fpuv4-sp-d16/libm.a(lib_a-s_rint.o)
 .ARM.attributes
                0x00000c73       0x39 /opt/ARM/arm-linaro-eabi-4.6/lib/gcc/arm-none-eabi/4.7.3/../../../../arm-none-eabi/lib/thumb/cortex-m4/float-abi-hard/fpuv4-sp-d16/libm.a(lib_a-sf_copysign.o)
 .ARM.attributes
                0x00000cac       0x39 /opt/ARM/arm-linaro-eabi-4.6/lib/gcc/arm-none-eabi/4.7.3/../../../../arm-none-eabi/lib/thumb/cortex-m4/float-abi-hard/fpuv4-sp-d16/libc.a(lib_a-impure.o)
 .ARM.attributes
                0x00000ce5       0x39 /opt/ARM/arm-linaro-eabi-4.6/lib/gcc/arm-none-eabi/4.7.3/../../../../arm-none-eabi/lib/thumb/cortex-m4/float-abi-hard/fpuv4-sp-d16/libc.a(lib_a-malloc.o)
 .ARM.attributes
                0x00000d1e       0x39 /opt/ARM/arm-linaro-eabi-4.6/lib/gcc/arm-none-eabi/4.7.3/../../../../arm-none-eabi/lib/thumb/cortex-m4/float-abi-hard/fpuv4-sp-d16/libc.a(lib_a-mallocr.o)
 .ARM.attributes
                0x00000d57       0x39 /opt/ARM/arm-linaro-eabi-4.6/lib/gcc/arm-none-eabi/4.7.3/../../../../arm-none-eabi/lib/thumb/cortex-m4/float-abi-hard/fpuv4-sp-d16/libc.a(lib_a-memcpy-stub.o)
 .ARM.attributes
                0x00000d90       0x39 /opt/ARM/arm-linaro-eabi-4.6/lib/gcc/arm-none-eabi/4.7.3/../../../../arm-none-eabi/lib/thumb/cortex-m4/float-abi-hard/fpuv4-sp-d16/libc.a(lib_a-memset.o)
 .ARM.attributes
                0x00000dc9       0x39 /opt/ARM/arm-linaro-eabi-4.6/lib/gcc/arm-none-eabi/4.7.3/../../../../arm-none-eabi/lib/thumb/cortex-m4/float-abi-hard/fpuv4-sp-d16/libc.a(lib_a-mlock.o)
 .ARM.attributes
                0x00000e02       0x39 /opt/ARM/arm-linaro-eabi-4.6/lib/gcc/arm-none-eabi/4.7.3/../../../../arm-none-eabi/lib/thumb/cortex-m4/float-abi-hard/fpuv4-sp-d16/libc.a(lib_a-rand.o)
 .ARM.attributes
                0x00000e3b       0x39 /opt/ARM/arm-linaro-eabi-4.6/lib/gcc/arm-none-eabi/4.7.3/../../../../arm-none-eabi/lib/thumb/cortex-m4/float-abi-hard/fpuv4-sp-d16/libc.a(lib_a-freer.o)
 .ARM.attributes
                0x00000e74       0x27 /opt/ARM/arm-linaro-eabi-4.6/lib/gcc/arm-none-eabi/4.7.3/thumb/cortex-m4/float-abi-hard/fpuv4-sp-d16/libgcc.a(_arm_addsubdf3.o)
 .ARM.attributes
                0x00000e9b       0x27 /opt/ARM/arm-linaro-eabi-4.6/lib/gcc/arm-none-eabi/4.7.3/thumb/cortex-m4/float-abi-hard/fpuv4-sp-d16/libgcc.a(_arm_muldivdf3.o)
 .ARM.attributes
                0x00000ec2       0x27 /opt/ARM/arm-linaro-eabi-4.6/lib/gcc/arm-none-eabi/4.7.3/thumb/cortex-m4/float-abi-hard/fpuv4-sp-d16/libgcc.a(_arm_cmpdf2.o)
 .ARM.attributes
                0x00000ee9       0x27 /opt/ARM/arm-linaro-eabi-4.6/lib/gcc/arm-none-eabi/4.7.3/thumb/cortex-m4/float-abi-hard/fpuv4-sp-d16/libgcc.a(_arm_truncdfsf2.o)
 .ARM.attributes
                0x00000f10       0x39 /opt/ARM/arm-linaro-eabi-4.6/lib/gcc/arm-none-eabi/4.7.3/thumb/cortex-m4/float-abi-hard/fpuv4-sp-d16/crtend.o
 .ARM.attributes
                0x00000f49       0x27 /opt/ARM/arm-linaro-eabi-4.6/lib/gcc/arm-none-eabi/4.7.3/thumb/cortex-m4/float-abi-hard/fpuv4-sp-d16/crtn.o
OUTPUT(main.elf elf32-littlearm)

.comment        0x00000000       0xaa
 .comment       0x00000000       0x3a /opt/ARM/arm-linaro-eabi-4.6/lib/gcc/arm-none-eabi/4.7.3/thumb/cortex-m4/float-abi-hard/fpuv4-sp-d16/crtbegin.o
                                 0x3b (size before relaxing)
 .comment       0x00000000       0x3b system_stm32f4xx.o
 .comment       0x00000000       0x3b main.o
 .comment       0x00000000       0x3b codec.o
 .comment       0x00000000       0x3b i2s.o
 .comment       0x00000000       0x3b stm32f4xx_tim.o
 .comment       0x00000000       0x3b adc.o
 .comment       0x00000000       0x3b stm32f4xx_gpio.o
 .comment       0x00000000       0x3b stm32f4xx_i2c.o
 .comment       0x00000000       0x3b stm32f4xx_rcc.o
 .comment       0x00000000       0x3b stm32f4xx_spi.o
 .comment       0x00000000       0x3b stm32f4xx_dma.o
 .comment       0x00000000       0x3b stm32f4xx_adc.o
 .comment       0x00000000       0x3b syscalls.o
 .comment       0x00000000       0x3b pureleak2.o
 .comment       0x00000000       0x3b audio.o
 .comment       0x00000000       0x3b hardware.o
 .comment       0x00000000       0x3b effect.o
 .comment       0x00000000       0x3b mdavocoder.o
 .comment       0x00000000       0x3b PV_vocoder.o
 .comment       0x00000000       0x3b simforstacksansmem2.o
 .comment       0x00000000       0x3b cpuintrev4.o
 .comment       0x00000000       0x3b CAforstacksansmem2.o
 .comment       0x0000003a       0x70 /root/CMSIS/CMSIS/Lib/GCC/libarm_cortexM4lf_math.a(arm_const_structs.o)
                                 0x71 (size before relaxing)
 .comment       0x00000000       0x71 /root/CMSIS/CMSIS/Lib/GCC/libarm_cortexM4lf_math.a(arm_common_tables.o)
 .comment       0x00000000       0x71 /root/CMSIS/CMSIS/Lib/GCC/libarm_cortexM4lf_math.a(arm_cfft_q15.o)
 .comment       0x00000000       0x71 /root/CMSIS/CMSIS/Lib/GCC/libarm_cortexM4lf_math.a(arm_cfft_radix4_q15.o)
 .comment       0x00000000       0x71 /root/CMSIS/CMSIS/Lib/GCC/libarm_cortexM4lf_math.a(arm_biquad_cascade_df1_init_f32.o)
 .comment       0x00000000       0x71 /root/CMSIS/CMSIS/Lib/GCC/libarm_cortexM4lf_math.a(arm_biquad_cascade_df1_f32.o)
 .comment       0x00000000       0x3b /opt/ARM/arm-linaro-eabi-4.6/lib/gcc/arm-none-eabi/4.7.3/../../../../arm-none-eabi/lib/thumb/cortex-m4/float-abi-hard/fpuv4-sp-d16/libm.a(lib_a-sf_cos.o)
 .comment       0x00000000       0x3b /opt/ARM/arm-linaro-eabi-4.6/lib/gcc/arm-none-eabi/4.7.3/../../../../arm-none-eabi/lib/thumb/cortex-m4/float-abi-hard/fpuv4-sp-d16/libm.a(lib_a-sf_floor.o)
 .comment       0x00000000       0x3b /opt/ARM/arm-linaro-eabi-4.6/lib/gcc/arm-none-eabi/4.7.3/../../../../arm-none-eabi/lib/thumb/cortex-m4/float-abi-hard/fpuv4-sp-d16/libm.a(lib_a-sf_sin.o)
 .comment       0x00000000       0x3b /opt/ARM/arm-linaro-eabi-4.6/lib/gcc/arm-none-eabi/4.7.3/../../../../arm-none-eabi/lib/thumb/cortex-m4/float-abi-hard/fpuv4-sp-d16/libm.a(lib_a-sf_tan.o)
 .comment       0x00000000       0x3b /opt/ARM/arm-linaro-eabi-4.6/lib/gcc/arm-none-eabi/4.7.3/../../../../arm-none-eabi/lib/thumb/cortex-m4/float-abi-hard/fpuv4-sp-d16/libm.a(lib_a-wf_acos.o)
 .comment       0x00000000       0x3b /opt/ARM/arm-linaro-eabi-4.6/lib/gcc/arm-none-eabi/4.7.3/../../../../arm-none-eabi/lib/thumb/cortex-m4/float-abi-hard/fpuv4-sp-d16/libm.a(lib_a-wf_fmod.o)
 .comment       0x00000000       0x3b /opt/ARM/arm-linaro-eabi-4.6/lib/gcc/arm-none-eabi/4.7.3/../../../../arm-none-eabi/lib/thumb/cortex-m4/float-abi-hard/fpuv4-sp-d16/libm.a(lib_a-wf_pow.o)
 .comment       0x00000000       0x3b /opt/ARM/arm-linaro-eabi-4.6/lib/gcc/arm-none-eabi/4.7.3/../../../../arm-none-eabi/lib/thumb/cortex-m4/float-abi-hard/fpuv4-sp-d16/libm.a(lib_a-ef_acos.o)
 .comment       0x00000000       0x3b /opt/ARM/arm-linaro-eabi-4.6/lib/gcc/arm-none-eabi/4.7.3/../../../../arm-none-eabi/lib/thumb/cortex-m4/float-abi-hard/fpuv4-sp-d16/libm.a(lib_a-ef_fmod.o)
 .comment       0x00000000       0x3b /opt/ARM/arm-linaro-eabi-4.6/lib/gcc/arm-none-eabi/4.7.3/../../../../arm-none-eabi/lib/thumb/cortex-m4/float-abi-hard/fpuv4-sp-d16/libm.a(lib_a-ef_pow.o)
 .comment       0x00000000       0x3b /opt/ARM/arm-linaro-eabi-4.6/lib/gcc/arm-none-eabi/4.7.3/../../../../arm-none-eabi/lib/thumb/cortex-m4/float-abi-hard/fpuv4-sp-d16/libm.a(lib_a-ef_rem_pio2.o)
 .comment       0x00000000       0x3b /opt/ARM/arm-linaro-eabi-4.6/lib/gcc/arm-none-eabi/4.7.3/../../../../arm-none-eabi/lib/thumb/cortex-m4/float-abi-hard/fpuv4-sp-d16/libm.a(lib_a-ef_sqrt.o)
 .comment       0x00000000       0x3b /opt/ARM/arm-linaro-eabi-4.6/lib/gcc/arm-none-eabi/4.7.3/../../../../arm-none-eabi/lib/thumb/cortex-m4/float-abi-hard/fpuv4-sp-d16/libm.a(lib_a-kf_cos.o)
 .comment       0x00000000       0x3b /opt/ARM/arm-linaro-eabi-4.6/lib/gcc/arm-none-eabi/4.7.3/../../../../arm-none-eabi/lib/thumb/cortex-m4/float-abi-hard/fpuv4-sp-d16/libm.a(lib_a-kf_rem_pio2.o)
 .comment       0x00000000       0x3b /opt/ARM/arm-linaro-eabi-4.6/lib/gcc/arm-none-eabi/4.7.3/../../../../arm-none-eabi/lib/thumb/cortex-m4/float-abi-hard/fpuv4-sp-d16/libm.a(lib_a-kf_sin.o)
 .comment       0x00000000       0x3b /opt/ARM/arm-linaro-eabi-4.6/lib/gcc/arm-none-eabi/4.7.3/../../../../arm-none-eabi/lib/thumb/cortex-m4/float-abi-hard/fpuv4-sp-d16/libm.a(lib_a-kf_tan.o)
 .comment       0x00000000       0x3b /opt/ARM/arm-linaro-eabi-4.6/lib/gcc/arm-none-eabi/4.7.3/../../../../arm-none-eabi/lib/thumb/cortex-m4/float-abi-hard/fpuv4-sp-d16/libm.a(lib_a-sf_fabs.o)
 .comment       0x00000000       0x3b /opt/ARM/arm-linaro-eabi-4.6/lib/gcc/arm-none-eabi/4.7.3/../../../../arm-none-eabi/lib/thumb/cortex-m4/float-abi-hard/fpuv4-sp-d16/libm.a(lib_a-sf_finite.o)
 .comment       0x00000000       0x3b /opt/ARM/arm-linaro-eabi-4.6/lib/gcc/arm-none-eabi/4.7.3/../../../../arm-none-eabi/lib/thumb/cortex-m4/float-abi-hard/fpuv4-sp-d16/libm.a(lib_a-sf_fpclassify.o)
 .comment       0x00000000       0x3b /opt/ARM/arm-linaro-eabi-4.6/lib/gcc/arm-none-eabi/4.7.3/../../../../arm-none-eabi/lib/thumb/cortex-m4/float-abi-hard/fpuv4-sp-d16/libm.a(lib_a-sf_nan.o)
 .comment       0x00000000       0x3b /opt/ARM/arm-linaro-eabi-4.6/lib/gcc/arm-none-eabi/4.7.3/../../../../arm-none-eabi/lib/thumb/cortex-m4/float-abi-hard/fpuv4-sp-d16/libm.a(lib_a-sf_scalbn.o)
 .comment       0x00000000       0x3b /opt/ARM/arm-linaro-eabi-4.6/lib/gcc/arm-none-eabi/4.7.3/../../../../arm-none-eabi/lib/thumb/cortex-m4/float-abi-hard/fpuv4-sp-d16/libm.a(lib_a-s_lib_ver.o)
 .comment       0x00000000       0x3b /opt/ARM/arm-linaro-eabi-4.6/lib/gcc/arm-none-eabi/4.7.3/../../../../arm-none-eabi/lib/thumb/cortex-m4/float-abi-hard/fpuv4-sp-d16/libm.a(lib_a-s_matherr.o)
 .comment       0x00000000       0x3b /opt/ARM/arm-linaro-eabi-4.6/lib/gcc/arm-none-eabi/4.7.3/../../../../arm-none-eabi/lib/thumb/cortex-m4/float-abi-hard/fpuv4-sp-d16/libm.a(lib_a-s_nan.o)
 .comment       0x00000000       0x3b /opt/ARM/arm-linaro-eabi-4.6/lib/gcc/arm-none-eabi/4.7.3/../../../../arm-none-eabi/lib/thumb/cortex-m4/float-abi-hard/fpuv4-sp-d16/libm.a(lib_a-s_rint.o)
 .comment       0x00000000       0x3b /opt/ARM/arm-linaro-eabi-4.6/lib/gcc/arm-none-eabi/4.7.3/../../../../arm-none-eabi/lib/thumb/cortex-m4/float-abi-hard/fpuv4-sp-d16/libm.a(lib_a-sf_copysign.o)
 .comment       0x00000000       0x3b /opt/ARM/arm-linaro-eabi-4.6/lib/gcc/arm-none-eabi/4.7.3/../../../../arm-none-eabi/lib/thumb/cortex-m4/float-abi-hard/fpuv4-sp-d16/libc.a(lib_a-impure.o)
 .comment       0x00000000       0x3b /opt/ARM/arm-linaro-eabi-4.6/lib/gcc/arm-none-eabi/4.7.3/../../../../arm-none-eabi/lib/thumb/cortex-m4/float-abi-hard/fpuv4-sp-d16/libc.a(lib_a-malloc.o)
 .comment       0x00000000       0x3b /opt/ARM/arm-linaro-eabi-4.6/lib/gcc/arm-none-eabi/4.7.3/../../../../arm-none-eabi/lib/thumb/cortex-m4/float-abi-hard/fpuv4-sp-d16/libc.a(lib_a-mallocr.o)
 .comment       0x00000000       0x3b /opt/ARM/arm-linaro-eabi-4.6/lib/gcc/arm-none-eabi/4.7.3/../../../../arm-none-eabi/lib/thumb/cortex-m4/float-abi-hard/fpuv4-sp-d16/libc.a(lib_a-memcpy-stub.o)
 .comment       0x00000000       0x3b /opt/ARM/arm-linaro-eabi-4.6/lib/gcc/arm-none-eabi/4.7.3/../../../../arm-none-eabi/lib/thumb/cortex-m4/float-abi-hard/fpuv4-sp-d16/libc.a(lib_a-memset.o)
 .comment       0x00000000       0x3b /opt/ARM/arm-linaro-eabi-4.6/lib/gcc/arm-none-eabi/4.7.3/../../../../arm-none-eabi/lib/thumb/cortex-m4/float-abi-hard/fpuv4-sp-d16/libc.a(lib_a-mlock.o)
 .comment       0x00000000       0x3b /opt/ARM/arm-linaro-eabi-4.6/lib/gcc/arm-none-eabi/4.7.3/../../../../arm-none-eabi/lib/thumb/cortex-m4/float-abi-hard/fpuv4-sp-d16/libc.a(lib_a-rand.o)
 .comment       0x00000000       0x3b /opt/ARM/arm-linaro-eabi-4.6/lib/gcc/arm-none-eabi/4.7.3/../../../../arm-none-eabi/lib/thumb/cortex-m4/float-abi-hard/fpuv4-sp-d16/libc.a(lib_a-freer.o)
 .comment       0x00000000       0x3b /opt/ARM/arm-linaro-eabi-4.6/lib/gcc/arm-none-eabi/4.7.3/thumb/cortex-m4/float-abi-hard/fpuv4-sp-d16/crtend.o

.debug_info     0x00000000     0xbc91
 .debug_info    0x00000000      0x9f5 /root/CMSIS/CMSIS/Lib/GCC/libarm_cortexM4lf_math.a(arm_const_structs.o)
 .debug_info    0x000009f5      0x99d /root/CMSIS/CMSIS/Lib/GCC/libarm_cortexM4lf_math.a(arm_common_tables.o)
 .debug_info    0x00001392      0xa1b /root/CMSIS/CMSIS/Lib/GCC/libarm_cortexM4lf_math.a(arm_cfft_q15.o)
 .debug_info    0x00001dad       0x85 /root/CMSIS/CMSIS/Lib/GCC/libarm_cortexM4lf_math.a(arm_bitreversal2.o)
 .debug_info    0x00001e32     0x1e60 /root/CMSIS/CMSIS/Lib/GCC/libarm_cortexM4lf_math.a(arm_cfft_radix4_q15.o)
 .debug_info    0x00003c92      0x1a3 /root/CMSIS/CMSIS/Lib/GCC/libarm_cortexM4lf_math.a(arm_biquad_cascade_df1_init_f32.o)
 .debug_info    0x00003e35      0x250 /root/CMSIS/CMSIS/Lib/GCC/libarm_cortexM4lf_math.a(arm_biquad_cascade_df1_f32.o)
 .debug_info    0x00004085      0x1d7 /opt/ARM/arm-linaro-eabi-4.6/lib/gcc/arm-none-eabi/4.7.3/../../../../arm-none-eabi/lib/thumb/cortex-m4/float-abi-hard/fpuv4-sp-d16/libm.a(lib_a-sf_cos.o)
 .debug_info    0x0000425c      0x160 /opt/ARM/arm-linaro-eabi-4.6/lib/gcc/arm-none-eabi/4.7.3/../../../../arm-none-eabi/lib/thumb/cortex-m4/float-abi-hard/fpuv4-sp-d16/libm.a(lib_a-sf_floor.o)
 .debug_info    0x000043bc      0x1d5 /opt/ARM/arm-linaro-eabi-4.6/lib/gcc/arm-none-eabi/4.7.3/../../../../arm-none-eabi/lib/thumb/cortex-m4/float-abi-hard/fpuv4-sp-d16/libm.a(lib_a-sf_sin.o)
 .debug_info    0x00004591      0x185 /opt/ARM/arm-linaro-eabi-4.6/lib/gcc/arm-none-eabi/4.7.3/../../../../arm-none-eabi/lib/thumb/cortex-m4/float-abi-hard/fpuv4-sp-d16/libm.a(lib_a-sf_tan.o)
 .debug_info    0x00004716      0x298 /opt/ARM/arm-linaro-eabi-4.6/lib/gcc/arm-none-eabi/4.7.3/../../../../arm-none-eabi/lib/thumb/cortex-m4/float-abi-hard/fpuv4-sp-d16/libm.a(lib_a-wf_acos.o)
 .debug_info    0x000049ae      0x25f /opt/ARM/arm-linaro-eabi-4.6/lib/gcc/arm-none-eabi/4.7.3/../../../../arm-none-eabi/lib/thumb/cortex-m4/float-abi-hard/fpuv4-sp-d16/libm.a(lib_a-wf_fmod.o)
 .debug_info    0x00004c0d      0x3b2 /opt/ARM/arm-linaro-eabi-4.6/lib/gcc/arm-none-eabi/4.7.3/../../../../arm-none-eabi/lib/thumb/cortex-m4/float-abi-hard/fpuv4-sp-d16/libm.a(lib_a-wf_pow.o)
 .debug_info    0x00004fbf      0x301 /opt/ARM/arm-linaro-eabi-4.6/lib/gcc/arm-none-eabi/4.7.3/../../../../arm-none-eabi/lib/thumb/cortex-m4/float-abi-hard/fpuv4-sp-d16/libm.a(lib_a-ef_acos.o)
 .debug_info    0x000052c0      0x1eb /opt/ARM/arm-linaro-eabi-4.6/lib/gcc/arm-none-eabi/4.7.3/../../../../arm-none-eabi/lib/thumb/cortex-m4/float-abi-hard/fpuv4-sp-d16/libm.a(lib_a-ef_fmod.o)
 .debug_info    0x000054ab      0x670 /opt/ARM/arm-linaro-eabi-4.6/lib/gcc/arm-none-eabi/4.7.3/../../../../arm-none-eabi/lib/thumb/cortex-m4/float-abi-hard/fpuv4-sp-d16/libm.a(lib_a-ef_pow.o)
 .debug_info    0x00005b1b      0x37b /opt/ARM/arm-linaro-eabi-4.6/lib/gcc/arm-none-eabi/4.7.3/../../../../arm-none-eabi/lib/thumb/cortex-m4/float-abi-hard/fpuv4-sp-d16/libm.a(lib_a-ef_rem_pio2.o)
 .debug_info    0x00005e96      0x1b4 /opt/ARM/arm-linaro-eabi-4.6/lib/gcc/arm-none-eabi/4.7.3/../../../../arm-none-eabi/lib/thumb/cortex-m4/float-abi-hard/fpuv4-sp-d16/libm.a(lib_a-ef_sqrt.o)
 .debug_info    0x0000604a      0x192 /opt/ARM/arm-linaro-eabi-4.6/lib/gcc/arm-none-eabi/4.7.3/../../../../arm-none-eabi/lib/thumb/cortex-m4/float-abi-hard/fpuv4-sp-d16/libm.a(lib_a-kf_cos.o)
 .debug_info    0x000061dc      0x39b /opt/ARM/arm-linaro-eabi-4.6/lib/gcc/arm-none-eabi/4.7.3/../../../../arm-none-eabi/lib/thumb/cortex-m4/float-abi-hard/fpuv4-sp-d16/libm.a(lib_a-kf_rem_pio2.o)
 .debug_info    0x00006577      0x182 /opt/ARM/arm-linaro-eabi-4.6/lib/gcc/arm-none-eabi/4.7.3/../../../../arm-none-eabi/lib/thumb/cortex-m4/float-abi-hard/fpuv4-sp-d16/libm.a(lib_a-kf_sin.o)
 .debug_info    0x000066f9      0x236 /opt/ARM/arm-linaro-eabi-4.6/lib/gcc/arm-none-eabi/4.7.3/../../../../arm-none-eabi/lib/thumb/cortex-m4/float-abi-hard/fpuv4-sp-d16/libm.a(lib_a-kf_tan.o)
 .debug_info    0x0000692f       0xd0 /opt/ARM/arm-linaro-eabi-4.6/lib/gcc/arm-none-eabi/4.7.3/../../../../arm-none-eabi/lib/thumb/cortex-m4/float-abi-hard/fpuv4-sp-d16/libm.a(lib_a-sf_fabs.o)
 .debug_info    0x000069ff       0xcf /opt/ARM/arm-linaro-eabi-4.6/lib/gcc/arm-none-eabi/4.7.3/../../../../arm-none-eabi/lib/thumb/cortex-m4/float-abi-hard/fpuv4-sp-d16/libm.a(lib_a-sf_finite.o)
 .debug_info    0x00006ace       0xcc /opt/ARM/arm-linaro-eabi-4.6/lib/gcc/arm-none-eabi/4.7.3/../../../../arm-none-eabi/lib/thumb/cortex-m4/float-abi-hard/fpuv4-sp-d16/libm.a(lib_a-sf_fpclassify.o)
 .debug_info    0x00006b9a       0xd0 /opt/ARM/arm-linaro-eabi-4.6/lib/gcc/arm-none-eabi/4.7.3/../../../../arm-none-eabi/lib/thumb/cortex-m4/float-abi-hard/fpuv4-sp-d16/libm.a(lib_a-sf_nan.o)
 .debug_info    0x00006c6a      0x22d /opt/ARM/arm-linaro-eabi-4.6/lib/gcc/arm-none-eabi/4.7.3/../../../../arm-none-eabi/lib/thumb/cortex-m4/float-abi-hard/fpuv4-sp-d16/libm.a(lib_a-sf_scalbn.o)
 .debug_info    0x00006e97       0xc0 /opt/ARM/arm-linaro-eabi-4.6/lib/gcc/arm-none-eabi/4.7.3/../../../../arm-none-eabi/lib/thumb/cortex-m4/float-abi-hard/fpuv4-sp-d16/libm.a(lib_a-s_lib_ver.o)
 .debug_info    0x00006f57      0x139 /opt/ARM/arm-linaro-eabi-4.6/lib/gcc/arm-none-eabi/4.7.3/../../../../arm-none-eabi/lib/thumb/cortex-m4/float-abi-hard/fpuv4-sp-d16/libm.a(lib_a-s_matherr.o)
 .debug_info    0x00007090       0xd4 /opt/ARM/arm-linaro-eabi-4.6/lib/gcc/arm-none-eabi/4.7.3/../../../../arm-none-eabi/lib/thumb/cortex-m4/float-abi-hard/fpuv4-sp-d16/libm.a(lib_a-s_nan.o)
 .debug_info    0x00007164      0x21d /opt/ARM/arm-linaro-eabi-4.6/lib/gcc/arm-none-eabi/4.7.3/../../../../arm-none-eabi/lib/thumb/cortex-m4/float-abi-hard/fpuv4-sp-d16/libm.a(lib_a-s_rint.o)
 .debug_info    0x00007381      0x130 /opt/ARM/arm-linaro-eabi-4.6/lib/gcc/arm-none-eabi/4.7.3/../../../../arm-none-eabi/lib/thumb/cortex-m4/float-abi-hard/fpuv4-sp-d16/libm.a(lib_a-sf_copysign.o)
 .debug_info    0x000074b1      0x970 /opt/ARM/arm-linaro-eabi-4.6/lib/gcc/arm-none-eabi/4.7.3/../../../../arm-none-eabi/lib/thumb/cortex-m4/float-abi-hard/fpuv4-sp-d16/libc.a(lib_a-impure.o)
 .debug_info    0x00007e21      0xa01 /opt/ARM/arm-linaro-eabi-4.6/lib/gcc/arm-none-eabi/4.7.3/../../../../arm-none-eabi/lib/thumb/cortex-m4/float-abi-hard/fpuv4-sp-d16/libc.a(lib_a-malloc.o)
 .debug_info    0x00008822      0xe90 /opt/ARM/arm-linaro-eabi-4.6/lib/gcc/arm-none-eabi/4.7.3/../../../../arm-none-eabi/lib/thumb/cortex-m4/float-abi-hard/fpuv4-sp-d16/libc.a(lib_a-mallocr.o)
 .debug_info    0x000096b2      0x136 /opt/ARM/arm-linaro-eabi-4.6/lib/gcc/arm-none-eabi/4.7.3/../../../../arm-none-eabi/lib/thumb/cortex-m4/float-abi-hard/fpuv4-sp-d16/libc.a(lib_a-memcpy-stub.o)
 .debug_info    0x000097e8      0x11c /opt/ARM/arm-linaro-eabi-4.6/lib/gcc/arm-none-eabi/4.7.3/../../../../arm-none-eabi/lib/thumb/cortex-m4/float-abi-hard/fpuv4-sp-d16/libc.a(lib_a-memset.o)
 .debug_info    0x00009904      0x994 /opt/ARM/arm-linaro-eabi-4.6/lib/gcc/arm-none-eabi/4.7.3/../../../../arm-none-eabi/lib/thumb/cortex-m4/float-abi-hard/fpuv4-sp-d16/libc.a(lib_a-mlock.o)
 .debug_info    0x0000a298      0x98b /opt/ARM/arm-linaro-eabi-4.6/lib/gcc/arm-none-eabi/4.7.3/../../../../arm-none-eabi/lib/thumb/cortex-m4/float-abi-hard/fpuv4-sp-d16/libc.a(lib_a-rand.o)
 .debug_info    0x0000ac23      0xd1a /opt/ARM/arm-linaro-eabi-4.6/lib/gcc/arm-none-eabi/4.7.3/../../../../arm-none-eabi/lib/thumb/cortex-m4/float-abi-hard/fpuv4-sp-d16/libc.a(lib_a-freer.o)
 .debug_info    0x0000b93d       0xd5 /opt/ARM/arm-linaro-eabi-4.6/lib/gcc/arm-none-eabi/4.7.3/thumb/cortex-m4/float-abi-hard/fpuv4-sp-d16/libgcc.a(_arm_addsubdf3.o)
 .debug_info    0x0000ba12       0xd5 /opt/ARM/arm-linaro-eabi-4.6/lib/gcc/arm-none-eabi/4.7.3/thumb/cortex-m4/float-abi-hard/fpuv4-sp-d16/libgcc.a(_arm_muldivdf3.o)
 .debug_info    0x0000bae7       0xd5 /opt/ARM/arm-linaro-eabi-4.6/lib/gcc/arm-none-eabi/4.7.3/thumb/cortex-m4/float-abi-hard/fpuv4-sp-d16/libgcc.a(_arm_cmpdf2.o)
 .debug_info    0x0000bbbc       0xd5 /opt/ARM/arm-linaro-eabi-4.6/lib/gcc/arm-none-eabi/4.7.3/thumb/cortex-m4/float-abi-hard/fpuv4-sp-d16/libgcc.a(_arm_truncdfsf2.o)

.debug_abbrev   0x00000000     0x2ba3
 .debug_abbrev  0x00000000       0xa9 /root/CMSIS/CMSIS/Lib/GCC/libarm_cortexM4lf_math.a(arm_const_structs.o)
 .debug_abbrev  0x000000a9       0x84 /root/CMSIS/CMSIS/Lib/GCC/libarm_cortexM4lf_math.a(arm_common_tables.o)
 .debug_abbrev  0x0000012d      0x222 /root/CMSIS/CMSIS/Lib/GCC/libarm_cortexM4lf_math.a(arm_cfft_q15.o)
 .debug_abbrev  0x0000034f       0x14 /root/CMSIS/CMSIS/Lib/GCC/libarm_cortexM4lf_math.a(arm_bitreversal2.o)
 .debug_abbrev  0x00000363      0x243 /root/CMSIS/CMSIS/Lib/GCC/libarm_cortexM4lf_math.a(arm_cfft_radix4_q15.o)
 .debug_abbrev  0x000005a6       0xd9 /root/CMSIS/CMSIS/Lib/GCC/libarm_cortexM4lf_math.a(arm_biquad_cascade_df1_init_f32.o)
 .debug_abbrev  0x0000067f       0xe6 /root/CMSIS/CMSIS/Lib/GCC/libarm_cortexM4lf_math.a(arm_biquad_cascade_df1_f32.o)
 .debug_abbrev  0x00000765      0x10f /opt/ARM/arm-linaro-eabi-4.6/lib/gcc/arm-none-eabi/4.7.3/../../../../arm-none-eabi/lib/thumb/cortex-m4/float-abi-hard/fpuv4-sp-d16/libm.a(lib_a-sf_cos.o)
 .debug_abbrev  0x00000874       0xc4 /opt/ARM/arm-linaro-eabi-4.6/lib/gcc/arm-none-eabi/4.7.3/../../../../arm-none-eabi/lib/thumb/cortex-m4/float-abi-hard/fpuv4-sp-d16/libm.a(lib_a-sf_floor.o)
 .debug_abbrev  0x00000938       0xfd /opt/ARM/arm-linaro-eabi-4.6/lib/gcc/arm-none-eabi/4.7.3/../../../../arm-none-eabi/lib/thumb/cortex-m4/float-abi-hard/fpuv4-sp-d16/libm.a(lib_a-sf_sin.o)
 .debug_abbrev  0x00000a35      0x108 /opt/ARM/arm-linaro-eabi-4.6/lib/gcc/arm-none-eabi/4.7.3/../../../../arm-none-eabi/lib/thumb/cortex-m4/float-abi-hard/fpuv4-sp-d16/libm.a(lib_a-sf_tan.o)
 .debug_abbrev  0x00000b3d      0x156 /opt/ARM/arm-linaro-eabi-4.6/lib/gcc/arm-none-eabi/4.7.3/../../../../arm-none-eabi/lib/thumb/cortex-m4/float-abi-hard/fpuv4-sp-d16/libm.a(lib_a-wf_acos.o)
 .debug_abbrev  0x00000c93      0x13a /opt/ARM/arm-linaro-eabi-4.6/lib/gcc/arm-none-eabi/4.7.3/../../../../arm-none-eabi/lib/thumb/cortex-m4/float-abi-hard/fpuv4-sp-d16/libm.a(lib_a-wf_fmod.o)
 .debug_abbrev  0x00000dcd      0x158 /opt/ARM/arm-linaro-eabi-4.6/lib/gcc/arm-none-eabi/4.7.3/../../../../arm-none-eabi/lib/thumb/cortex-m4/float-abi-hard/fpuv4-sp-d16/libm.a(lib_a-wf_pow.o)
 .debug_abbrev  0x00000f25      0x122 /opt/ARM/arm-linaro-eabi-4.6/lib/gcc/arm-none-eabi/4.7.3/../../../../arm-none-eabi/lib/thumb/cortex-m4/float-abi-hard/fpuv4-sp-d16/libm.a(lib_a-ef_acos.o)
 .debug_abbrev  0x00001047       0xf2 /opt/ARM/arm-linaro-eabi-4.6/lib/gcc/arm-none-eabi/4.7.3/../../../../arm-none-eabi/lib/thumb/cortex-m4/float-abi-hard/fpuv4-sp-d16/libm.a(lib_a-ef_fmod.o)
 .debug_abbrev  0x00001139      0x1b5 /opt/ARM/arm-linaro-eabi-4.6/lib/gcc/arm-none-eabi/4.7.3/../../../../arm-none-eabi/lib/thumb/cortex-m4/float-abi-hard/fpuv4-sp-d16/libm.a(lib_a-ef_pow.o)
 .debug_abbrev  0x000012ee      0x15d /opt/ARM/arm-linaro-eabi-4.6/lib/gcc/arm-none-eabi/4.7.3/../../../../arm-none-eabi/lib/thumb/cortex-m4/float-abi-hard/fpuv4-sp-d16/libm.a(lib_a-ef_rem_pio2.o)
 .debug_abbrev  0x0000144b       0xd5 /opt/ARM/arm-linaro-eabi-4.6/lib/gcc/arm-none-eabi/4.7.3/../../../../arm-none-eabi/lib/thumb/cortex-m4/float-abi-hard/fpuv4-sp-d16/libm.a(lib_a-ef_sqrt.o)
 .debug_abbrev  0x00001520       0x87 /opt/ARM/arm-linaro-eabi-4.6/lib/gcc/arm-none-eabi/4.7.3/../../../../arm-none-eabi/lib/thumb/cortex-m4/float-abi-hard/fpuv4-sp-d16/libm.a(lib_a-kf_cos.o)
 .debug_abbrev  0x000015a7      0x14d /opt/ARM/arm-linaro-eabi-4.6/lib/gcc/arm-none-eabi/4.7.3/../../../../arm-none-eabi/lib/thumb/cortex-m4/float-abi-hard/fpuv4-sp-d16/libm.a(lib_a-kf_rem_pio2.o)
 .debug_abbrev  0x000016f4       0xa5 /opt/ARM/arm-linaro-eabi-4.6/lib/gcc/arm-none-eabi/4.7.3/../../../../arm-none-eabi/lib/thumb/cortex-m4/float-abi-hard/fpuv4-sp-d16/libm.a(lib_a-kf_sin.o)
 .debug_abbrev  0x00001799      0x124 /opt/ARM/arm-linaro-eabi-4.6/lib/gcc/arm-none-eabi/4.7.3/../../../../arm-none-eabi/lib/thumb/cortex-m4/float-abi-hard/fpuv4-sp-d16/libm.a(lib_a-kf_tan.o)
 .debug_abbrev  0x000018bd       0x6f /opt/ARM/arm-linaro-eabi-4.6/lib/gcc/arm-none-eabi/4.7.3/../../../../arm-none-eabi/lib/thumb/cortex-m4/float-abi-hard/fpuv4-sp-d16/libm.a(lib_a-sf_fabs.o)
 .debug_abbrev  0x0000192c       0x6f /opt/ARM/arm-linaro-eabi-4.6/lib/gcc/arm-none-eabi/4.7.3/../../../../arm-none-eabi/lib/thumb/cortex-m4/float-abi-hard/fpuv4-sp-d16/libm.a(lib_a-sf_finite.o)
 .debug_abbrev  0x0000199b       0x6f /opt/ARM/arm-linaro-eabi-4.6/lib/gcc/arm-none-eabi/4.7.3/../../../../arm-none-eabi/lib/thumb/cortex-m4/float-abi-hard/fpuv4-sp-d16/libm.a(lib_a-sf_fpclassify.o)
 .debug_abbrev  0x00001a0a       0x72 /opt/ARM/arm-linaro-eabi-4.6/lib/gcc/arm-none-eabi/4.7.3/../../../../arm-none-eabi/lib/thumb/cortex-m4/float-abi-hard/fpuv4-sp-d16/libm.a(lib_a-sf_nan.o)
 .debug_abbrev  0x00001a7c      0x113 /opt/ARM/arm-linaro-eabi-4.6/lib/gcc/arm-none-eabi/4.7.3/../../../../arm-none-eabi/lib/thumb/cortex-m4/float-abi-hard/fpuv4-sp-d16/libm.a(lib_a-sf_scalbn.o)
 .debug_abbrev  0x00001b8f       0x4f /opt/ARM/arm-linaro-eabi-4.6/lib/gcc/arm-none-eabi/4.7.3/../../../../arm-none-eabi/lib/thumb/cortex-m4/float-abi-hard/fpuv4-sp-d16/libm.a(lib_a-s_lib_ver.o)
 .debug_abbrev  0x00001bde       0x9a /opt/ARM/arm-linaro-eabi-4.6/lib/gcc/arm-none-eabi/4.7.3/../../../../arm-none-eabi/lib/thumb/cortex-m4/float-abi-hard/fpuv4-sp-d16/libm.a(lib_a-s_matherr.o)
 .debug_abbrev  0x00001c78       0x72 /opt/ARM/arm-linaro-eabi-4.6/lib/gcc/arm-none-eabi/4.7.3/../../../../arm-none-eabi/lib/thumb/cortex-m4/float-abi-hard/fpuv4-sp-d16/libm.a(lib_a-s_nan.o)
 .debug_abbrev  0x00001cea      0x11e /opt/ARM/arm-linaro-eabi-4.6/lib/gcc/arm-none-eabi/4.7.3/../../../../arm-none-eabi/lib/thumb/cortex-m4/float-abi-hard/fpuv4-sp-d16/libm.a(lib_a-s_rint.o)
 .debug_abbrev  0x00001e08       0xcc /opt/ARM/arm-linaro-eabi-4.6/lib/gcc/arm-none-eabi/4.7.3/../../../../arm-none-eabi/lib/thumb/cortex-m4/float-abi-hard/fpuv4-sp-d16/libm.a(lib_a-sf_copysign.o)
 .debug_abbrev  0x00001ed4      0x162 /opt/ARM/arm-linaro-eabi-4.6/lib/gcc/arm-none-eabi/4.7.3/../../../../arm-none-eabi/lib/thumb/cortex-m4/float-abi-hard/fpuv4-sp-d16/libc.a(lib_a-impure.o)
 .debug_abbrev  0x00002036      0x1dc /opt/ARM/arm-linaro-eabi-4.6/lib/gcc/arm-none-eabi/4.7.3/../../../../arm-none-eabi/lib/thumb/cortex-m4/float-abi-hard/fpuv4-sp-d16/libc.a(lib_a-malloc.o)