Archive member included because of file (symbol)

/root/CMSIS/CMSIS/Lib/GCC/libarm_cortexM4lf_math.a(arm_biquad_cascade_df1_init_f32.o)
                              audio.o (arm_biquad_cascade_df1_init_f32)
/root/CMSIS/CMSIS/Lib/GCC/libarm_cortexM4lf_math.a(arm_biquad_cascade_df1_f32.o)
                              effect.o (arm_biquad_cascade_df1_f32)
/opt/ARM/arm-linaro-eabi-4.6/lib/gcc/arm-none-eabi/4.7.3/../../../../arm-none-eabi/lib/thumb/cortex-m4/float-abi-hard/fpuv4-sp-d16/libm.a(lib_a-s_cos.o)
                              ./rsynth-2.0-port/nsynth.o (cos)
/opt/ARM/arm-linaro-eabi-4.6/lib/gcc/arm-none-eabi/4.7.3/../../../../arm-none-eabi/lib/thumb/cortex-m4/float-abi-hard/fpuv4-sp-d16/libm.a(lib_a-sf_cos.o)
                              mdavocoder.o (cosf)
/opt/ARM/arm-linaro-eabi-4.6/lib/gcc/arm-none-eabi/4.7.3/../../../../arm-none-eabi/lib/thumb/cortex-m4/float-abi-hard/fpuv4-sp-d16/libm.a(lib_a-s_floor.o)
                              audio.o (floor)
/opt/ARM/arm-linaro-eabi-4.6/lib/gcc/arm-none-eabi/4.7.3/../../../../arm-none-eabi/lib/thumb/cortex-m4/float-abi-hard/fpuv4-sp-d16/libm.a(lib_a-sf_sin.o)
                              vosim.o (sinf)
/opt/ARM/arm-linaro-eabi-4.6/lib/gcc/arm-none-eabi/4.7.3/../../../../arm-none-eabi/lib/thumb/cortex-m4/float-abi-hard/fpuv4-sp-d16/libm.a(lib_a-sf_tan.o)
                              audio.o (tanf)
/opt/ARM/arm-linaro-eabi-4.6/lib/gcc/arm-none-eabi/4.7.3/../../../../arm-none-eabi/lib/thumb/cortex-m4/float-abi-hard/fpuv4-sp-d16/libm.a(lib_a-s_sin.o)
                              ./rsynth-2.0-port/nsynth.o (sin)
/opt/ARM/arm-linaro-eabi-4.6/lib/gcc/arm-none-eabi/4.7.3/../../../../arm-none-eabi/lib/thumb/cortex-m4/float-abi-hard/fpuv4-sp-d16/libm.a(lib_a-w_exp.o)
                              ./rsynth-2.0-port/nsynth.o (exp)
/opt/ARM/arm-linaro-eabi-4.6/lib/gcc/arm-none-eabi/4.7.3/../../../../arm-none-eabi/lib/thumb/cortex-m4/float-abi-hard/fpuv4-sp-d16/libm.a(lib_a-wf_acos.o)
                              mdavocoder.o (acosf)
/opt/ARM/arm-linaro-eabi-4.6/lib/gcc/arm-none-eabi/4.7.3/../../../../arm-none-eabi/lib/thumb/cortex-m4/float-abi-hard/fpuv4-sp-d16/libm.a(lib_a-wf_exp.o)
                              vocode.o (expf)
/opt/ARM/arm-linaro-eabi-4.6/lib/gcc/arm-none-eabi/4.7.3/../../../../arm-none-eabi/lib/thumb/cortex-m4/float-abi-hard/fpuv4-sp-d16/libm.a(lib_a-wf_pow.o)
                              audio.o (powf)
/opt/ARM/arm-linaro-eabi-4.6/lib/gcc/arm-none-eabi/4.7.3/../../../../arm-none-eabi/lib/thumb/cortex-m4/float-abi-hard/fpuv4-sp-d16/libm.a(lib_a-wf_sqrt.o)
                              vocoder/vocode.o (sqrtf)
/opt/ARM/arm-linaro-eabi-4.6/lib/gcc/arm-none-eabi/4.7.3/../../../../arm-none-eabi/lib/thumb/cortex-m4/float-abi-hard/fpuv4-sp-d16/libm.a(lib_a-w_log10.o)
                              mdavoc.o (log10)
/opt/ARM/arm-linaro-eabi-4.6/lib/gcc/arm-none-eabi/4.7.3/../../../../arm-none-eabi/lib/thumb/cortex-m4/float-abi-hard/fpuv4-sp-d16/libm.a(lib_a-e_exp.o)
                              /opt/ARM/arm-linaro-eabi-4.6/lib/gcc/arm-none-eabi/4.7.3/../../../../arm-none-eabi/lib/thumb/cortex-m4/float-abi-hard/fpuv4-sp-d16/libm.a(lib_a-w_exp.o) (__ieee754_exp)
/opt/ARM/arm-linaro-eabi-4.6/lib/gcc/arm-none-eabi/4.7.3/../../../../arm-none-eabi/lib/thumb/cortex-m4/float-abi-hard/fpuv4-sp-d16/libm.a(lib_a-ef_acos.o)
                              /opt/ARM/arm-linaro-eabi-4.6/lib/gcc/arm-none-eabi/4.7.3/../../../../arm-none-eabi/lib/thumb/cortex-m4/float-abi-hard/fpuv4-sp-d16/libm.a(lib_a-wf_acos.o) (__ieee754_acosf)
/opt/ARM/arm-linaro-eabi-4.6/lib/gcc/arm-none-eabi/4.7.3/../../../../arm-none-eabi/lib/thumb/cortex-m4/float-abi-hard/fpuv4-sp-d16/libm.a(lib_a-ef_exp.o)
                              /opt/ARM/arm-linaro-eabi-4.6/lib/gcc/arm-none-eabi/4.7.3/../../../../arm-none-eabi/lib/thumb/cortex-m4/float-abi-hard/fpuv4-sp-d16/libm.a(lib_a-wf_exp.o) (__ieee754_expf)
/opt/ARM/arm-linaro-eabi-4.6/lib/gcc/arm-none-eabi/4.7.3/../../../../arm-none-eabi/lib/thumb/cortex-m4/float-abi-hard/fpuv4-sp-d16/libm.a(lib_a-ef_pow.o)
                              /opt/ARM/arm-linaro-eabi-4.6/lib/gcc/arm-none-eabi/4.7.3/../../../../arm-none-eabi/lib/thumb/cortex-m4/float-abi-hard/fpuv4-sp-d16/libm.a(lib_a-wf_pow.o) (__ieee754_powf)
/opt/ARM/arm-linaro-eabi-4.6/lib/gcc/arm-none-eabi/4.7.3/../../../../arm-none-eabi/lib/thumb/cortex-m4/float-abi-hard/fpuv4-sp-d16/libm.a(lib_a-ef_rem_pio2.o)
                              /opt/ARM/arm-linaro-eabi-4.6/lib/gcc/arm-none-eabi/4.7.3/../../../../arm-none-eabi/lib/thumb/cortex-m4/float-abi-hard/fpuv4-sp-d16/libm.a(lib_a-sf_cos.o) (__ieee754_rem_pio2f)
/opt/ARM/arm-linaro-eabi-4.6/lib/gcc/arm-none-eabi/4.7.3/../../../../arm-none-eabi/lib/thumb/cortex-m4/float-abi-hard/fpuv4-sp-d16/libm.a(lib_a-ef_sqrt.o)
                              /opt/ARM/arm-linaro-eabi-4.6/lib/gcc/arm-none-eabi/4.7.3/../../../../arm-none-eabi/lib/thumb/cortex-m4/float-abi-hard/fpuv4-sp-d16/libm.a(lib_a-wf_sqrt.o) (__ieee754_sqrtf)
[...]
Memory Configuration

Name             Origin             Length             Attributes
FLASH            0x08000000         0x00040000         xr
RAM              0x20000000         0x00020000         xrw
CCM              0x10000000         0x00010000         xrw
*default*        0x00000000         0xffffffff

Linker script and memory map

LOAD /opt/ARM/arm-linaro-eabi-4.6/lib/gcc/arm-none-eabi/4.7.3/thumb/cortex-m4/float-abi-hard/fpuv4-sp-d16/crti.o
LOAD /opt/ARM/arm-linaro-eabi-4.6/lib/gcc/arm-none-eabi/4.7.3/thumb/cortex-m4/float-abi-hard/fpuv4-sp-d16/crtbegin.o
LOAD /opt/ARM/arm-linaro-eabi-4.6/lib/gcc/arm-none-eabi/4.7.3/../../../../arm-none-eabi/lib/thumb/cortex-m4/float-abi-hard/fpuv4-sp-d16/crt0.o
LOAD startup_stm32f4xx.o
LOAD system_stm32f4xx.o
LOAD main.o
LOAD codec.o
LOAD i2s.o
LOAD stm32f4xx_tim.o
LOAD adc.o
LOAD stm32f4xx_pwr.o
LOAD stm32f4xx_gpio.o
LOAD stm32f4xx_i2c.o
LOAD stm32f4xx_rcc.o
LOAD stm32f4xx_spi.o
LOAD stm32f4xx_dma.o
LOAD stm32f4xx_adc.o
LOAD misc.o
LOAD syscalls.o
LOAD audio.o
LOAD vosim.o
LOAD mdavoc.o
LOAD mdavocoder.o
LOAD effect.o
LOAD vocode.o
LOAD klatt_phoneme.o
LOAD sam.o
LOAD render.o
LOAD LPC/lpc.o
LOAD vocoder/vocode.o
LOAD vocoder/fftn.o
LOAD vocoder/fftaux.o
LOAD scformant.o
LOAD ./rsynth-2.0-port/holmes.o
LOAD ./rsynth-2.0-port/elements.o
LOAD ./rsynth-2.0-port/nsynth.o
LOAD ./rsynth-2.0-port/say.o
LOAD ./rsynth-2.0-port/darray.o
LOAD ./rsynth-2.0-port/phtoelm.o
LOAD ./rsynth-2.0-port/def_pars.o
LOAD ./rsynth-2.0-port/trie.o
LOAD /root/CMSIS/CMSIS/Lib/GCC/libarm_cortexM4lf_math.a
LOAD /root/CMSIS/CMSIS/Lib/libdsplib_lm4f.a
LOAD /opt/ARM/arm-linaro-eabi-4.6/lib/gcc/arm-none-eabi/4.7.3/../../../../arm-none-eabi/lib/thumb/cortex-m4/float-abi-hard/fpuv4-sp-d16/libm.a
LOAD /opt/ARM/arm-linaro-eabi-4.6/lib/gcc/arm-none-eabi/4.7.3/../../../../arm-none-eabi/lib/thumb/cortex-m4/float-abi-hard/fpuv4-sp-d16/libc.a
START GROUP
LOAD /opt/ARM/arm-linaro-eabi-4.6/lib/gcc/arm-none-eabi/4.7.3/thumb/cortex-m4/float-abi-hard/fpuv4-sp-d16/libgcc.a
LOAD /opt/ARM/arm-linaro-eabi-4.6/lib/gcc/arm-none-eabi/4.7.3/../../../../arm-none-eabi/lib/thumb/cortex-m4/float-abi-hard/fpuv4-sp-d16/libc.a
END GROUP
LOAD /opt/ARM/arm-linaro-eabi-4.6/lib/gcc/arm-none-eabi/4.7.3/thumb/cortex-m4/float-abi-hard/fpuv4-sp-d16/crtend.o
LOAD /opt/ARM/arm-linaro-eabi-4.6/lib/gcc/arm-none-eabi/4.7.3/thumb/cortex-m4/float-abi-hard/fpuv4-sp-d16/crtn.o
                0x20020000                _estack = 0x20020000
                0x00000400                _Min_Heap_Size = 0x400
                0x00000800                _Min_Stack_Size = 0x800

.isr_vector     0x08000000      0x188
                0x08000000                . = ALIGN (0x4)
 *(.isr_vector)
 .isr_vector    0x08000000      0x188 startup_stm32f4xx.o
                0x08000000                g_pfnVectors
                0x08000188                . = ALIGN (0x4)

.flash          0x08000188     0xddb8
 .flash         0x08000188       0x40 main.o
                0x08000188                phoneme_prob_remap
 .flash         0x080001c8      0x12c audio.o
 .flash         0x080002f4       0x54 sam.o
                0x080002f4                flags
 .flash         0x08000348     0x1600 vocoder/fftn.o
 .flash         0x08001948     0x8000 scformant.o
                0x08001948                ftmSine
 .flash         0x08009948     0x42d8 ./rsynth-2.0-port/elements.o
                0x08009948                Elements
 .flash         0x0800dc20      0x320 ./rsynth-2.0-port/nsynth.o

.text           0x0800df40    0x18af8
                0x0800df40                . = ALIGN (0x4)
 *(.text)
 .text          0x0800df40       0xb0 /opt/ARM/arm-linaro-eabi-4.6/lib/gcc/arm-none-eabi/4.7.3/thumb/cortex-m4/float-abi-hard/fpuv4-sp-d16/crtbegin.o
 .text          0x0800dff0      0x1d8 system_stm32f4xx.o
                0x0800dff0                SystemInit
                0x0800e13c                SystemCoreClockUpdate
 .text          0x0800e1c8       0x20 main.o
                0x0800e1c8                NMI_Handler
                0x0800e1cc                HardFault_Handler
                0x0800e1d0                MemManage_Handler
                0x0800e1d4                BusFault_Handler
                0x0800e1d8                UsageFault_Handler
                0x0800e1dc                SVC_Handler
                0x0800e1e0                DebugMon_Handler
                0x0800e1e4                PendSV_Handler
 .text          0x0800e1e8      0x404 codec.o
                0x0800e1e8                Codec_TIMEOUT_UserCallback
                0x0800e1ec                Codec_WriteRegister
                0x0800e310                Codec_Reset
                0x0800e370                Codec_CtrlInterface_Init
                0x0800e3d8                Codec_AudioInterface_Init
                0x0800e42c                Codec_GPIO_Init
                0x0800e4e0                Codec_Init
 .text          0x0800e5ec      0x218 i2s.o
                0x0800e5ec                I2S_Block_Init
                0x0800e700                I2S_Block_PlayRec
                0x0800e788                DMA1_Stream3_IRQHandler
 .text          0x0800e804      0x2d4 adc.o
                0x0800e804                ADC1_Init
                0x0800e9ac                ADC1_Measure
                0x0800e9fc                ADC1_Initonce
                0x0800ea9c                DMA2_Stream0_IRQHandler
 .text          0x0800ead8      0x290 stm32f4xx_gpio.o
                0x0800ead8                GPIO_DeInit
                0x0800ec00                GPIO_Init
                0x0800ecbc                GPIO_StructInit
                0x0800ecd0                GPIO_PinLockConfig
                0x0800ecf4                GPIO_ReadInputDataBit
                0x0800ed00                GPIO_ReadInputData
                0x0800ed08                GPIO_ReadOutputDataBit
                0x0800ed14                GPIO_ReadOutputData
                0x0800ed1c                GPIO_SetBits
                0x0800ed20                GPIO_ResetBits
                0x0800ed24                GPIO_WriteBit
                0x0800ed30                GPIO_Write
                0x0800ed34                GPIO_ToggleBits
                0x0800ed3c                GPIO_PinAFConfig
 .text          0x0800ed68      0x448 stm32f4xx_i2c.o
                0x0800ed68                I2C_DeInit
                0x0800edd8                I2C_Init
                0x0800eec0                I2C_StructInit
                0x0800eee0                I2C_Cmd
                0x0800eefc                I2C_GenerateSTART
                0x0800ef18                I2C_GenerateSTOP
                0x0800ef34                I2C_Send7bitAddress
                0x0800ef48                I2C_AcknowledgeConfig
                0x0800ef64                I2C_OwnAddress2Config
                0x0800ef78                I2C_DualAddressCmd
                0x0800ef94                I2C_GeneralCallCmd
                0x0800efb0                I2C_SoftwareResetCmd
                0x0800efcc                I2C_StretchClockCmd
                0x0800efe8                I2C_FastModeDutyCycleConfig
                0x0800f004                I2C_NACKPositionConfig
                0x0800f020                I2C_SMBusAlertConfig
                0x0800f03c                I2C_ARPCmd
                0x0800f058                I2C_SendData
                0x0800f05c                I2C_ReceiveData
                0x0800f064                I2C_TransmitPEC
                0x0800f080                I2C_PECPositionConfig
                0x0800f09c                I2C_CalculatePEC
                0x0800f0b8                I2C_GetPEC
                0x0800f0c0                I2C_DMACmd
                0x0800f0dc                I2C_DMALastTransferCmd
                0x0800f0f8                I2C_ReadRegister
                0x0800f110                I2C_ITConfig
                0x0800f124                I2C_CheckEvent
                0x0800f13c                I2C_GetLastEvent
                0x0800f14c                I2C_GetFlagStatus
                0x0800f184                I2C_ClearFlag
                0x0800f18c                I2C_GetITStatus
                0x0800f1a8                I2C_ClearITPendingBit
 .text          0x0800f1b0      0x4f4 stm32f4xx_rcc.o
                0x0800f1b0                RCC_DeInit
                0x0800f1e8                RCC_HSEConfig
                0x0800f1f8                RCC_WaitForHSEStartUp
                0x0800f238                RCC_AdjustHSICalibrationValue
                0x0800f250                RCC_HSICmd
                0x0800f25c                RCC_LSEConfig
                0x0800f27c                RCC_LSICmd
                0x0800f288                RCC_PLLConfig
                0x0800f2ac                RCC_PLLCmd
                0x0800f2b8                RCC_PLLI2SConfig
                0x0800f2cc                RCC_PLLI2SCmd
                0x0800f2d8                RCC_ClockSecuritySystemCmd
                0x0800f2e4                RCC_MCO1Config
                0x0800f2fc                RCC_MCO2Config
                0x0800f314                RCC_SYSCLKConfig
                0x0800f328                RCC_GetSYSCLKSource
                0x0800f338                RCC_HCLKConfig
                0x0800f34c                RCC_PCLK1Config
                0x0800f360                RCC_PCLK2Config
                0x0800f378                RCC_GetClocksFreq
                0x0800f424                RCC_RTCCLKConfig
                0x0800f45c                RCC_RTCCLKCmd
                0x0800f468                RCC_BackupResetCmd
                0x0800f474                RCC_I2SCLKConfig
                0x0800f480                RCC_AHB1PeriphClockCmd
                0x0800f49c                RCC_AHB2PeriphClockCmd
                0x0800f4b8                RCC_AHB3PeriphClockCmd
                0x0800f4d4                RCC_APB1PeriphClockCmd
                0x0800f4f0                RCC_APB2PeriphClockCmd
                0x0800f50c                RCC_AHB1PeriphResetCmd
                0x0800f528                RCC_AHB2PeriphResetCmd
                0x0800f544                RCC_AHB3PeriphResetCmd
                0x0800f560                RCC_APB1PeriphResetCmd
                0x0800f57c                RCC_APB2PeriphResetCmd
                0x0800f598                RCC_AHB1PeriphClockLPModeCmd
                0x0800f5b4                RCC_AHB2PeriphClockLPModeCmd
                0x0800f5d0                RCC_AHB3PeriphClockLPModeCmd
                0x0800f5ec                RCC_APB1PeriphClockLPModeCmd
                0x0800f608                RCC_APB2PeriphClockLPModeCmd
                0x0800f624                RCC_ITConfig
                0x0800f640                RCC_GetFlagStatus
                0x0800f670                RCC_ClearFlag
                0x0800f684                RCC_GetITStatus
                0x0800f698                RCC_ClearITPendingBit
 .text          0x0800f6a4      0x3b4 stm32f4xx_spi.o
                0x0800f6a4                SPI_I2S_DeInit
                0x0800f714                SPI_Init
                0x0800f768                I2S_Init
                0x0800f858                SPI_StructInit
                0x0800f870                I2S_StructInit
                0x0800f880                SPI_Cmd
                0x0800f89c                I2S_Cmd
                0x0800f8b8                SPI_DataSizeConfig
                0x0800f8d0                SPI_BiDirectionalLineConfig
                0x0800f8ec                SPI_NSSInternalSoftwareConfig
                0x0800f90c                SPI_SSOutputCmd
                0x0800f928                SPI_TIModeCmd
                0x0800f944                I2S_FullDuplexConfig
                0x0800f98c                SPI_I2S_ReceiveData
                0x0800f994                SPI_I2S_SendData
                0x0800f998                SPI_CalculateCRC
                0x0800f9b4                SPI_TransmitCRC
                0x0800f9c0                SPI_GetCRC
                0x0800f9cc                SPI_GetCRCPolynomial
                0x0800f9d4                SPI_I2S_DMACmd
                0x0800f9e8                SPI_I2S_ITConfig
                0x0800fa08                SPI_I2S_GetFlagStatus
                0x0800fa14                SPI_I2S_ClearFlag
                0x0800fa1c                SPI_I2S_GetITStatus
                0x0800fa44                SPI_I2S_ClearITPendingBit
 .text          0x0800fa58      0x464 stm32f4xx_dma.o
                0x0800fa58                DMA_DeInit
                0x0800fc4c                DMA_Init
                0x0800fcb8                DMA_StructInit
                0x0800fcdc                DMA_Cmd
                0x0800fcf0                DMA_PeriphIncOffsetSizeConfig
                0x0800fd04                DMA_FlowControllerConfig
                0x0800fd18                DMA_SetCurrDataCounter
                0x0800fd1c                DMA_GetCurrDataCounter
                0x0800fd24                DMA_DoubleBufferModeConfig
                0x0800fd3c                DMA_DoubleBufferModeCmd
                0x0800fd50                DMA_MemoryTargetConfig
                0x0800fd5c                DMA_GetCurrentMemoryTarget
                0x0800fd64                DMA_GetCmdStatus
                0x0800fd6c                DMA_GetFIFOStatus
                0x0800fd74                DMA_GetFlagStatus
                0x0800fdb4                DMA_ClearFlag
                0x0800fdec                DMA_ITConfig
                0x0800fe2c                DMA_GetITStatus
                0x0800fe84                DMA_ClearITPendingBit
 .text          0x0800febc      0x3a8 stm32f4xx_adc.o
                0x0800febc                ADC_DeInit
                0x0800fed8                ADC_Init
                0x0800ff2c                ADC_StructInit
                0x0800ff40                ADC_CommonInit
                0x0800ff6c                ADC_CommonStructInit
                0x0800ff78                ADC_Cmd
                0x0800ff8c                ADC_AnalogWatchdogCmd
                0x0800ff9c                ADC_AnalogWatchdogThresholdsConfig
                0x0800ffa4                ADC_AnalogWatchdogSingleChannelConfig
                0x0800ffb0                ADC_TempSensorVrefintCmd
                0x0800ffcc                ADC_VBATCmd
                0x0800ffe8                ADC_RegularChannelConfig
                0x0801006c                ADC_SoftwareStartConv
                0x08010078                ADC_GetSoftwareStartConvStatus
                0x08010080                ADC_EOCOnEachRegularChannelCmd
                0x08010094                ADC_ContinuousModeCmd
                0x080100a8                ADC_DiscModeChannelCountConfig
                0x080100b8                ADC_DiscModeCmd
                0x080100cc                ADC_GetConversionValue
                0x080100d4                ADC_GetMultiModeConversionValue
                0x080100e0                ADC_DMACmd
                0x080100f4                ADC_DMARequestAfterLastTransferCmd
                0x08010108                ADC_MultiModeDMARequestAfterLastTransferCmd
                0x08010124                ADC_InjectedChannelConfig
                0x08010178                ADC_InjectedSequencerLengthConfig
                0x08010188                ADC_SetInjectedOffset
                0x080101a0                ADC_ExternalTrigInjectedConvConfig
                0x080101ac                ADC_ExternalTrigInjectedConvEdgeConfig
                0x080101b8                ADC_SoftwareStartInjectedConv
                0x080101c4                ADC_GetSoftwareStartInjectedConvCmdStatus
                0x080101cc                ADC_AutoInjectedConvCmd
                0x080101e0                ADC_InjectedDiscModeCmd
                0x080101f4                ADC_GetInjectedConversionValue
                0x08010210                ADC_ITConfig
                0x0801022c                ADC_GetFlagStatus
                0x08010238                ADC_ClearFlag
                0x08010240                ADC_GetITStatus
                0x0801025c                ADC_ClearITPendingBit
 .text          0x08010264       0x5c syscalls.o
                0x08010264                _write
                0x0801026c                _getpid
                0x08010270                _kill
                0x08010274                _close
                0x08010278                _fstat
                0x0801027c                _isatty
                0x08010280                _lseek
                0x08010284                _open
                0x0801028c                _read
                0x08010290                _sbrk
 .text          0x080102c0      0xae4 audio.o
                0x080102c0                Audio_Init
                0x0801064c                audio_split_stereo
                0x0801067c                I2S_RX_CallBack
 .text          0x08010da4      0x3b0 vosim.o
                0x08010da4                mapPhaseInc
                0x08010dc0                demandVOSIM_SC
                0x08010f7c                runVOSIM_SC
 .text          0x08011154      0x318 mdavoc.o
                0x08011154                mdavocal_init
                0x080111d8                mdavocal_process
 .text          0x0801146c      0x7f8 mdavocoder.o
                0x0801146c                mdaVocoder_init
                0x08011934                mdaVocodersuspend
                0x08011984                mdaVocoderprocess
 .text          0x08011c64      0xa3c effect.o
                0x08011c64                BPFSC_init
                0x08011cd4                BPFSC_process
                0x08011d2c                Formlet_init
                0x08011da4                Formlet_process
                0x08011e38                BBandPass_init
                0x08011e80                BBandPass_process
                0x08011ef8                convolve1D
                0x08011f94                bandpassx
                0x08011ff4                bandpassy
                0x08012054                dobandpass
                0x08012088                int_to_floot
                0x080120b4                floot_to_int
                0x08012100                envelopefollower
                0x08012154                doenvelopefollower
                0x08012204                doringcopy
                0x0801227c                accumbuffer
                0x080122a8                doformantfilter
                0x08012490                doformantfilterf
                0x08012624                test_effect
 .text          0x080126a0     0x1d28 vocode.o
                0x080126a0                instantiateVocoder
                0x08012898                vocoder_do_bandpasses
                0x08012f44                runVocoder
 .text          0x080143c8       0x64 klatt_phoneme.o
                0x080143c8                klatt_phoneme
 .text          0x0801442c     0x11ac sam.o
                0x0801442c                SetSpeed
                0x08014438                SetPitch
                0x08014444                SetMouth
                0x08014450                SetThroat
                0x0801445c                EnableSingmode
                0x0801446c                Init
                0x080144cc                PrepareOutput
                0x08014568                InsertBreath
                0x080146c8                CopyStress
                0x08014724                Insert
                0x0801478c                Parser1
                0x080148fc                SetPhonemeLength
                0x08014944                Code41240
                0x08014bcc                Parser2
                0x080150a4                AdjustLengths
                0x080152bc                SAMMain
                0x0801548c                Code47503
 .text          0x080155d8     0x1580 render.o
                0x080155d8                Output
                0x08015604                Read
                0x08015664                Write
                0x080156c0                RenderSample
                0x08015ca0                Render
                0x08016360                AddInflection
                0x080163f0                SetMouthThroat
                0x08016a18                trans
 .text          0x08016b58      0xa58 LPC/lpc.o
                0x08016b58                lpc_getBits
                0x08016bac                lpc_init
                0x08016c34                lpc_say
                0x08016c50                lpc_newsay
                0x08016c74                lpc_busy
                0x08016c84                lpc_update_coeffs
                0x0801726c                lpc_get_sample
                0x08017530                lpc_running
 .text          0x080175b0      0x300 vocoder/vocode.o
                0x080175b0                vocoder
 .text          0x080178b0      0x678 vocoder/fftn.o
                0x080178b0                halffft
                0x080179c4                fft
                0x08017ae4                invfft
                0x08017c04                normalize_fft
                0x08017c38                fft1n
                0x08017d84                vsqrtf
                0x08017da0                fastsqrt1
                0x08017db0                fastsqrt2
                0x08017dd0                fastsqrt3
                0x08017df4                realfftmag
 .text          0x08017f28       0xf8 scformant.o
                0x08017f28                Formant_init
                0x08017f3c                Formant_process
 .text          0x08018020      0xda0 ./rsynth-2.0-port/holmes.o
                0x08018270                holmes
                0x08018814                run_holmes
                0x08018db8                init_holmes
                0x08018dbc                term_holmes
 .text          0x08018dc0     0x23e4 ./rsynth-2.0-port/nsynth.o
                0x08019e70                show_parms
                0x08019ed4                parwave
                0x0801a760                new_parwave
                0x0801b010                parwave_init
 .text          0x0801b1a4       0x84 ./rsynth-2.0-port/say.o
                0x0801b1a4                PhonemeToWaveData
                0x0801b21c                FreePhonemeToWaveData
 .text          0x0801b228      0x128 ./rsynth-2.0-port/darray.o
                0x0801b228                darray_free
                0x0801b240                Darray_find
                0x0801b2e4                darray_delete
 .text          0x0801b350       0x50 ./rsynth-2.0-port/def_pars.o
                0x0801b350                init_synth
 .text          0x0801b3a0       0xb8 /opt/ARM/arm-linaro-eabi-4.6/lib/gcc/arm-none-eabi/4.7.3/../../../../arm-none-eabi/lib/thumb/cortex-m4/float-abi-hard/fpuv4-sp-d16/libm.a(lib_a-s_cos.o)
                0x0801b3a0                cos
 .text          0x0801b458       0x74 /opt/ARM/arm-linaro-eabi-4.6/lib/gcc/arm-none-eabi/4.7.3/../../../../arm-none-eabi/lib/thumb/cortex-m4/float-abi-hard/fpuv4-sp-d16/libm.a(lib_a-sf_cos.o)
                0x0801b458                cosf
 *fill*         0x0801b4cc        0x4 
 .text          0x0801b4d0      0x138 /opt/ARM/arm-linaro-eabi-4.6/lib/gcc/arm-none-eabi/4.7.3/../../../../arm-none-eabi/lib/thumb/cortex-m4/float-abi-hard/fpuv4-sp-d16/libm.a(lib_a-s_floor.o)
                0x0801b4d0                floor
 .text          0x0801b608       0x78 /opt/ARM/arm-linaro-eabi-4.6/lib/gcc/arm-none-eabi/4.7.3/../../../../arm-none-eabi/lib/thumb/cortex-m4/float-abi-hard/fpuv4-sp-d16/libm.a(lib_a-sf_sin.o)
                0x0801b608                sinf
 .text          0x0801b680       0x58 /opt/ARM/arm-linaro-eabi-4.6/lib/gcc/arm-none-eabi/4.7.3/../../../../arm-none-eabi/lib/thumb/cortex-m4/float-abi-hard/fpuv4-sp-d16/libm.a(lib_a-sf_tan.o)
                0x0801b680                tanf
 .text          0x0801b6d8       0xc0 /opt/ARM/arm-linaro-eabi-4.6/lib/gcc/arm-none-eabi/4.7.3/../../../../arm-none-eabi/lib/thumb/cortex-m4/float-abi-hard/fpuv4-sp-d16/libm.a(lib_a-s_sin.o)
                0x0801b6d8                sin
 .text          0x0801b798      0x110 /opt/ARM/arm-linaro-eabi-4.6/lib/gcc/arm-none-eabi/4.7.3/../../../../arm-none-eabi/lib/thumb/cortex-m4/float-abi-hard/fpuv4-sp-d16/libm.a(lib_a-w_exp.o)
                0x0801b798                exp
 .text          0x0801b8a8       0xb8 /opt/ARM/arm-linaro-eabi-4.6/lib/gcc/arm-none-eabi/4.7.3/../../../../arm-none-eabi/lib/thumb/cortex-m4/float-abi-hard/fpuv4-sp-d16/libm.a(lib_a-wf_acos.o)
                0x0801b8a8                acosf
 .text          0x0801b960      0x108 /opt/ARM/arm-linaro-eabi-4.6/lib/gcc/arm-none-eabi/4.7.3/../../../../arm-none-eabi/lib/thumb/cortex-m4/float-abi-hard/fpuv4-sp-d16/libm.a(lib_a-wf_exp.o)
                0x0801b960                expf
 .text          0x0801ba68      0x37c /opt/ARM/arm-linaro-eabi-4.6/lib/gcc/arm-none-eabi/4.7.3/../../../../arm-none-eabi/lib/thumb/cortex-m4/float-abi-hard/fpuv4-sp-d16/libm.a(lib_a-wf_pow.o)
                0x0801ba68                powf
 .text          0x0801bde4       0xb4 /opt/ARM/arm-linaro-eabi-4.6/lib/gcc/arm-none-eabi/4.7.3/../../../../arm-none-eabi/lib/thumb/cortex-m4/float-abi-hard/fpuv4-sp-d16/libm.a(lib_a-wf_sqrt.o)
                0x0801bde4                sqrtf
 .text          0x0801be98       0xfc /opt/ARM/arm-linaro-eabi-4.6/lib/gcc/arm-none-eabi/4.7.3/../../../../arm-none-eabi/lib/thumb/cortex-m4/float-abi-hard/fpuv4-sp-d16/libm.a(lib_a-w_log10.o)
                0x0801be98                log10
 *fill*         0x0801bf94        0x4 
 .text          0x0801bf98      0x328 /opt/ARM/arm-linaro-eabi-4.6/lib/gcc/arm-none-eabi/4.7.3/../../../../arm-none-eabi/lib/thumb/cortex-m4/float-abi-hard/fpuv4-sp-d16/libm.a(lib_a-e_exp.o)
                0x0801bf98                __ieee754_exp
 .text          0x0801c2c0      0x22c /opt/ARM/arm-linaro-eabi-4.6/lib/gcc/arm-none-eabi/4.7.3/../../../../arm-none-eabi/lib/thumb/cortex-m4/float-abi-hard/fpuv4-sp-d16/libm.a(lib_a-ef_acos.o)
                0x0801c2c0                __ieee754_acosf
 .text          0x0801c4ec      0x1b0 /opt/ARM/arm-linaro-eabi-4.6/lib/gcc/arm-none-eabi/4.7.3/../../../../arm-none-eabi/lib/thumb/cortex-m4/float-abi-hard/fpuv4-sp-d16/libm.a(lib_a-ef_exp.o)
                0x0801c4ec                __ieee754_expf
 .text          0x0801c69c      0x5d0 /opt/ARM/arm-linaro-eabi-4.6/lib/gcc/arm-none-eabi/4.7.3/../../../../arm-none-eabi/lib/thumb/cortex-m4/float-abi-hard/fpuv4-sp-d16/libm.a(lib_a-ef_pow.o)
                0x0801c69c                __ieee754_powf
 .text          0x0801cc6c      0x284 /opt/ARM/arm-linaro-eabi-4.6/lib/gcc/arm-none-eabi/4.7.3/../../../../arm-none-eabi/lib/thumb/cortex-m4/float-abi-hard/fpuv4-sp-d16/libm.a(lib_a-ef_rem_pio2.o)
                0x0801cc6c                __ieee754_rem_pio2f
 .text          0x0801cef0       0xa0 /opt/ARM/arm-linaro-eabi-4.6/lib/gcc/arm-none-eabi/4.7.3/../../../../arm-none-eabi/lib/thumb/cortex-m4/float-abi-hard/fpuv4-sp-d16/libm.a(lib_a-ef_sqrt.o)
                0x0801cef0                __ieee754_sqrtf
 .text          0x0801cf90      0x138 /opt/ARM/arm-linaro-eabi-4.6/lib/gcc/arm-none-eabi/4.7.3/../../../../arm-none-eabi/lib/thumb/cortex-m4/float-abi-hard/fpuv4-sp-d16/libm.a(lib_a-e_log10.o)
                0x0801cf90                __ieee754_log10
 .text          0x0801d0c8      0x418 /opt/ARM/arm-linaro-eabi-4.6/lib/gcc/arm-none-eabi/4.7.3/../../../../arm-none-eabi/lib/thumb/cortex-m4/float-abi-hard/fpuv4-sp-d16/libm.a(lib_a-e_log.o)
                0x0801d0c8                __ieee754_log
 .text          0x0801d4e0      0x458 /opt/ARM/arm-linaro-eabi-4.6/lib/gcc/arm-none-eabi/4.7.3/../../../../arm-none-eabi/lib/thumb/cortex-m4/float-abi-hard/fpuv4-sp-d16/libm.a(lib_a-e_rem_pio2.o)
                0x0801d4e0                __ieee754_rem_pio2
 .text          0x0801d938      0x278 /opt/ARM/arm-linaro-eabi-4.6/lib/gcc/arm-none-eabi/4.7.3/../../../../arm-none-eabi/lib/thumb/cortex-m4/float-abi-hard/fpuv4-sp-d16/libm.a(lib_a-k_cos.o)
                0x0801d938                __kernel_cos
 .text          0x0801dbb0      0x108 /opt/ARM/arm-linaro-eabi-4.6/lib/gcc/arm-none-eabi/4.7.3/../../../../arm-none-eabi/lib/thumb/cortex-m4/float-abi-hard/fpuv4-sp-d16/libm.a(lib_a-kf_cos.o)
                0x0801dbb0                __kernel_cosf
 .text          0x0801dcb8      0x5ac /opt/ARM/arm-linaro-eabi-4.6/lib/gcc/arm-none-eabi/4.7.3/../../../../arm-none-eabi/lib/thumb/cortex-m4/float-abi-hard/fpuv4-sp-d16/libm.a(lib_a-kf_rem_pio2.o)
                0x0801dcb8                __kernel_rem_pio2f
 .text          0x0801e264       0x90 /opt/ARM/arm-linaro-eabi-4.6/lib/gcc/arm-none-eabi/4.7.3/../../../../arm-none-eabi/lib/thumb/cortex-m4/float-abi-hard/fpuv4-sp-d16/libm.a(lib_a-kf_sin.o)
                0x0801e264                __kernel_sinf
 .text          0x0801e2f4      0x1c4 /opt/ARM/arm-linaro-eabi-4.6/lib/gcc/arm-none-eabi/4.7.3/../../../../arm-none-eabi/lib/thumb/cortex-m4/float-abi-hard/fpuv4-sp-d16/libm.a(lib_a-kf_tan.o)
                0x0801e2f4                __kernel_tanf
 .text          0x0801e4b8      0x7a8 /opt/ARM/arm-linaro-eabi-4.6/lib/gcc/arm-none-eabi/4.7.3/../../../../arm-none-eabi/lib/thumb/cortex-m4/float-abi-hard/fpuv4-sp-d16/libm.a(lib_a-k_rem_pio2.o)
                0x0801e4b8                __kernel_rem_pio2
 .text          0x0801ec60      0x180 /opt/ARM/arm-linaro-eabi-4.6/lib/gcc/arm-none-eabi/4.7.3/../../../../arm-none-eabi/lib/thumb/cortex-m4/float-abi-hard/fpuv4-sp-d16/libm.a(lib_a-k_sin.o)
                0x0801ec60                __kernel_sin
 .text          0x0801ede0       0x14 /opt/ARM/arm-linaro-eabi-4.6/lib/gcc/arm-none-eabi/4.7.3/../../../../arm-none-eabi/lib/thumb/cortex-m4/float-abi-hard/fpuv4-sp-d16/libm.a(lib_a-s_fabs.o)
                0x0801ede0                fabs
 .text          0x0801edf4       0x10 /opt/ARM/arm-linaro-eabi-4.6/lib/gcc/arm-none-eabi/4.7.3/../../../../arm-none-eabi/lib/thumb/cortex-m4/float-abi-hard/fpuv4-sp-d16/libm.a(lib_a-sf_fabs.o)
                0x0801edf4                fabsf
 .text          0x0801ee04       0x14 /opt/ARM/arm-linaro-eabi-4.6/lib/gcc/arm-none-eabi/4.7.3/../../../../arm-none-eabi/lib/thumb/cortex-m4/float-abi-hard/fpuv4-sp-d16/libm.a(lib_a-sf_finite.o)
                0x0801ee04                finitef
 .text          0x0801ee18       0x88 /opt/ARM/arm-linaro-eabi-4.6/lib/gcc/arm-none-eabi/4.7.3/../../../../arm-none-eabi/lib/thumb/cortex-m4/float-abi-hard/fpuv4-sp-d16/libm.a(lib_a-sf_floor.o)
                0x0801ee18                floorf
 .text          0x0801eea0       0x38 /opt/ARM/arm-linaro-eabi-4.6/lib/gcc/arm-none-eabi/4.7.3/../../../../arm-none-eabi/lib/thumb/cortex-m4/float-abi-hard/fpuv4-sp-d16/libm.a(lib_a-sf_fpclassify.o)
                0x0801eea0                __fpclassifyf
 .text          0x0801eed8       0x10 /opt/ARM/arm-linaro-eabi-4.6/lib/gcc/arm-none-eabi/4.7.3/../../../../arm-none-eabi/lib/thumb/cortex-m4/float-abi-hard/fpuv4-sp-d16/libm.a(lib_a-s_finite.o)
                0x0801eed8                finite
 .text          0x0801eee8        0xc /opt/ARM/arm-linaro-eabi-4.6/lib/gcc/arm-none-eabi/4.7.3/../../../../arm-none-eabi/lib/thumb/cortex-m4/float-abi-hard/fpuv4-sp-d16/libm.a(lib_a-sf_nan.o)
                0x0801eee8                nanf
 .text          0x0801eef4       0x54 /opt/ARM/arm-linaro-eabi-4.6/lib/gcc/arm-none-eabi/4.7.3/../../../../arm-none-eabi/lib/thumb/cortex-m4/float-abi-hard/fpuv4-sp-d16/libm.a(lib_a-s_fpclassify.o)
                0x0801eef4                __fpclassifyd
 .text          0x0801ef48       0xcc /opt/ARM/arm-linaro-eabi-4.6/lib/gcc/arm-none-eabi/4.7.3/../../../../arm-none-eabi/lib/thumb/cortex-m4/float-abi-hard/fpuv4-sp-d16/libm.a(lib_a-sf_scalbn.o)
                0x0801ef48                scalbnf
 .text          0x0801f014        0x4 /opt/ARM/arm-linaro-eabi-4.6/lib/gcc/arm-none-eabi/4.7.3/../../../../arm-none-eabi/lib/thumb/cortex-m4/float-abi-hard/fpuv4-sp-d16/libm.a(lib_a-s_matherr.o)
                0x0801f014                matherr
 .text          0x0801f018       0x10 /opt/ARM/arm-linaro-eabi-4.6/lib/gcc/arm-none-eabi/4.7.3/../../../../arm-none-eabi/lib/thumb/cortex-m4/float-abi-hard/fpuv4-sp-d16/libm.a(lib_a-s_nan.o)
                0x0801f018                nan
 .text          0x0801f028      0x124 /opt/ARM/arm-linaro-eabi-4.6/lib/gcc/arm-none-eabi/4.7.3/../../../../arm-none-eabi/lib/thumb/cortex-m4/float-abi-hard/fpuv4-sp-d16/libm.a(lib_a-s_rint.o)
                0x0801f028                rint
 *fill*         0x0801f14c        0x4 
 .text          0x0801f150      0x110 /opt/ARM/arm-linaro-eabi-4.6/lib/gcc/arm-none-eabi/4.7.3/../../../../arm-none-eabi/lib/thumb/cortex-m4/float-abi-hard/fpuv4-sp-d16/libm.a(lib_a-s_scalbn.o)
                0x0801f150                scalbn
 .text          0x0801f260       0x24 /opt/ARM/arm-linaro-eabi-4.6/lib/gcc/arm-none-eabi/4.7.3/../../../../arm-none-eabi/lib/thumb/cortex-m4/float-abi-hard/fpuv4-sp-d16/libm.a(lib_a-s_copysign.o)
                0x0801f260                copysign
 .text          0x0801f284       0x18 /opt/ARM/arm-linaro-eabi-4.6/lib/gcc/arm-none-eabi/4.7.3/../../../../arm-none-eabi/lib/thumb/cortex-m4/float-abi-hard/fpuv4-sp-d16/libm.a(lib_a-sf_copysign.o)
                0x0801f284                copysignf
 .text          0x0801f29c        0xc /opt/ARM/arm-linaro-eabi-4.6/lib/gcc/arm-none-eabi/4.7.3/../../../../arm-none-eabi/lib/thumb/cortex-m4/float-abi-hard/fpuv4-sp-d16/libc.a(lib_a-errno.o)
                0x0801f29c                __errno
 .text          0x0801f2a8       0x20 /opt/ARM/arm-linaro-eabi-4.6/lib/gcc/arm-none-eabi/4.7.3/../../../../arm-none-eabi/lib/thumb/cortex-m4/float-abi-hard/fpuv4-sp-d16/libc.a(lib_a-malloc.o)
                0x0801f2a8                malloc
                0x0801f2b8                free
 .text          0x0801f2c8      0x530 /opt/ARM/arm-linaro-eabi-4.6/lib/gcc/arm-none-eabi/4.7.3/../../../../arm-none-eabi/lib/thumb/cortex-m4/float-abi-hard/fpuv4-sp-d16/libc.a(lib_a-mallocr.o)
                0x0801f2c8                _malloc_r
 .text          0x0801f7f8       0x98 /opt/ARM/arm-linaro-eabi-4.6/lib/gcc/arm-none-eabi/4.7.3/../../../../arm-none-eabi/lib/thumb/cortex-m4/float-abi-hard/fpuv4-sp-d16/libc.a(lib_a-memcpy-stub.o)
                0x0801f7f8                memcpy
 .text          0x0801f890       0xa4 /opt/ARM/arm-linaro-eabi-4.6/lib/gcc/arm-none-eabi/4.7.3/../../../../arm-none-eabi/lib/thumb/cortex-m4/float-abi-hard/fpuv4-sp-d16/libc.a(lib_a-memset.o)
                0x0801f890                memset
 .text          0x0801f934        0x8 /opt/ARM/arm-linaro-eabi-4.6/lib/gcc/arm-none-eabi/4.7.3/../../../../arm-none-eabi/lib/thumb/cortex-m4/float-abi-hard/fpuv4-sp-d16/libc.a(lib_a-mlock.o)
                0x0801f934                __malloc_lock
                0x0801f938                __malloc_unlock
 .text          0x0801f93c       0x48 /opt/ARM/arm-linaro-eabi-4.6/lib/gcc/arm-none-eabi/4.7.3/../../../../arm-none-eabi/lib/thumb/cortex-m4/float-abi-hard/fpuv4-sp-d16/libc.a(lib_a-printf.o)
                0x0801f93c                _printf_r
                0x0801f95c                printf
 .text          0x0801f984       0x1c /opt/ARM/arm-linaro-eabi-4.6/lib/gcc/arm-none-eabi/4.7.3/../../../../arm-none-eabi/lib/thumb/cortex-m4/float-abi-hard/fpuv4-sp-d16/libc.a(lib_a-putchar.o)
                0x0801f984                _putchar_r
                0x0801f98c                putchar
 .text          0x0801f9a0       0xc8 /opt/ARM/arm-linaro-eabi-4.6/lib/gcc/arm-none-eabi/4.7.3/../../../../arm-none-eabi/lib/thumb/cortex-m4/float-abi-hard/fpuv4-sp-d16/libc.a(lib_a-putc.o)
                0x0801f9a0                _putc_r
                0x0801fa00                putc
 .text          0x0801fa68       0x74 /opt/ARM/arm-linaro-eabi-4.6/lib/gcc/arm-none-eabi/4.7.3/../../../../arm-none-eabi/lib/thumb/cortex-m4/float-abi-hard/fpuv4-sp-d16/libc.a(lib_a-puts.o)
                0x0801fa68                _puts_r
                0x0801facc                puts
 .text          0x0801fadc       0x5c /opt/ARM/arm-linaro-eabi-4.6/lib/gcc/arm-none-eabi/4.7.3/../../../../arm-none-eabi/lib/thumb/cortex-m4/float-abi-hard/fpuv4-sp-d16/libc.a(lib_a-rand.o)
                0x0801fadc                srand
                0x0801faf4                rand
 .text          0x0801fb38       0x24 /opt/ARM/arm-linaro-eabi-4.6/lib/gcc/arm-none-eabi/4.7.3/../../../../arm-none-eabi/lib/thumb/cortex-m4/float-abi-hard/fpuv4-sp-d16/libc.a(lib_a-sbrkr.o)
                0x0801fb38                _sbrk_r
 .text          0x0801fb5c      0x248 /opt/ARM/arm-linaro-eabi-4.6/lib/gcc/arm-none-eabi/4.7.3/../../../../arm-none-eabi/lib/thumb/cortex-m4/float-abi-hard/fpuv4-sp-d16/libc.a(lib_a-strcmp.o)
                0x0801fb5c                strcmp
 .text          0x0801fda4       0x60 /opt/ARM/arm-linaro-eabi-4.6/lib/gcc/arm-none-eabi/4.7.3/../../../../arm-none-eabi/lib/thumb/cortex-m4/float-abi-hard/fpuv4-sp-d16/libc.a(lib_a-strlen.o)
                0x0801fda4                strlen
 .text          0x0801fe04     0x13d0 /opt/ARM/arm-linaro-eabi-4.6/lib/gcc/arm-none-eabi/4.7.3/../../../../arm-none-eabi/lib/thumb/cortex-m4/float-abi-hard/fpuv4-sp-d16/libc.a(lib_a-vfprintf.o)
                0x0801fe04                _vfprintf_r
                0x080211b8                vfprintf
 .text          0x080211d4       0xb4 /opt/ARM/arm-linaro-eabi-4.6/lib/gcc/arm-none-eabi/4.7.3/../../../../arm-none-eabi/lib/thumb/cortex-m4/float-abi-hard/fpuv4-sp-d16/libc.a(lib_a-wbuf.o)
                0x080211d4                __swbuf_r
                0x08021274                __swbuf
 .text          0x08021288       0xc4 /opt/ARM/arm-linaro-eabi-4.6/lib/gcc/arm-none-eabi/4.7.3/../../../../arm-none-eabi/lib/thumb/cortex-m4/float-abi-hard/fpuv4-sp-d16/libc.a(lib_a-wsetup.o)
                0x08021288                __swsetup_r
 *fill*         0x0802134c        0x4 
 .text          0x08021350     0x1060 /opt/ARM/arm-linaro-eabi-4.6/lib/gcc/arm-none-eabi/4.7.3/../../../../arm-none-eabi/lib/thumb/cortex-m4/float-abi-hard/fpuv4-sp-d16/libc.a(lib_a-dtoa.o)
                0x08021480                _dtoa_r
 .text          0x080223b0      0x1a0 /opt/ARM/arm-linaro-eabi-4.6/lib/gcc/arm-none-eabi/4.7.3/../../../../arm-none-eabi/lib/thumb/cortex-m4/float-abi-hard/fpuv4-sp-d16/libc.a(lib_a-fflush.o)
                0x080223b0                __sflush_r
                0x08022500                _fflush_r
                0x0802252c                fflush
 .text          0x08022550      0x1b0 /opt/ARM/arm-linaro-eabi-4.6/lib/gcc/arm-none-eabi/4.7.3/../../../../arm-none-eabi/lib/thumb/cortex-m4/float-abi-hard/fpuv4-sp-d16/libc.a(lib_a-findfp.o)
                0x08022558                _cleanup_r
                0x080225b4                __sfmoreglue
                0x080225e0                _cleanup
                0x080225f0                __sinit
                0x08022634                __sfp
                0x080226c0                __sfp_lock_acquire
                0x080226c4                __sfp_lock_release
                0x080226c8                __sinit_lock_acquire
                0x080226cc                __sinit_lock_release
                0x080226d0                __fp_lock_all
                0x080226e8                __fp_unlock_all
 .text          0x08022700      0x228 /opt/ARM/arm-linaro-eabi-4.6/lib/gcc/arm-none-eabi/4.7.3/../../../../arm-none-eabi/lib/thumb/cortex-m4/float-abi-hard/fpuv4-sp-d16/libc.a(lib_a-freer.o)
                0x08022700                _malloc_trim_r
                0x08022798                _free_r
 .text          0x08022928      0x310 /opt/ARM/arm-linaro-eabi-4.6/lib/gcc/arm-none-eabi/4.7.3/../../../../arm-none-eabi/lib/thumb/cortex-m4/float-abi-hard/fpuv4-sp-d16/libc.a(lib_a-fvwrite.o)
                0x08022928                __sfvwrite_r
 .text          0x08022c38       0x9c /opt/ARM/arm-linaro-eabi-4.6/lib/gcc/arm-none-eabi/4.7.3/../../../../arm-none-eabi/lib/thumb/cortex-m4/float-abi-hard/fpuv4-sp-d16/libc.a(lib_a-fwalk.o)
                0x08022c38                _fwalk
                0x08022c84                _fwalk_reent
 .text          0x08022cd4       0x88 /opt/ARM/arm-linaro-eabi-4.6/lib/gcc/arm-none-eabi/4.7.3/../../../../arm-none-eabi/lib/thumb/cortex-m4/float-abi-hard/fpuv4-sp-d16/libc.a(lib_a-locale.o)
                0x08022cd4                _setlocale_r
                0x08022d14                __locale_charset
                0x08022d20                __locale_mb_cur_max
                0x08022d2c                __locale_msgcharset
                0x08022d34                __locale_cjk_lang
                0x08022d38                _localeconv_r
                0x08022d40                setlocale
                0x08022d54                localeconv
 .text          0x08022d5c       0xd8 /opt/ARM/arm-linaro-eabi-4.6/lib/gcc/arm-none-eabi/4.7.3/../../../../arm-none-eabi/lib/thumb/cortex-m4/float-abi-hard/fpuv4-sp-d16/libc.a(lib_a-makebuf.o)
                0x08022d5c                __smakebuf_r
 .text          0x08022e34       0x84 /opt/ARM/arm-linaro-eabi-4.6/lib/gcc/arm-none-eabi/4.7.3/../../../../arm-none-eabi/lib/thumb/cortex-m4/float-abi-hard/fpuv4-sp-d16/libc.a(lib_a-memchr-stub.o)
                0x08022e34                memchr
 .text          0x08022eb8       0xc0 /opt/ARM/arm-linaro-eabi-4.6/lib/gcc/arm-none-eabi/4.7.3/../../../../arm-none-eabi/lib/thumb/cortex-m4/float-abi-hard/fpuv4-sp-d16/libc.a(lib_a-memmove.o)
                0x08022eb8                memmove
 .text          0x08022f78      0x8f4 /opt/ARM/arm-linaro-eabi-4.6/lib/gcc/arm-none-eabi/4.7.3/../../../../arm-none-eabi/lib/thumb/cortex-m4/float-abi-hard/fpuv4-sp-d16/libc.a(lib_a-mprec.o)
                0x08022f78                _Balloc
                0x08022fc4                _Bfree
                0x08022fd8                __multadd
                0x08023070                __s2b
                0x0802310c                __hi0bits
                0x08023148                __lo0bits
                0x080231a4                __i2b
                0x080231b8                __multiply
                0x08023304                __pow5mult
                0x08023398                __lshift
                0x08023458                __mcmp
                0x08023494                __mdiff
                0x08023574                __ulp
                0x080235c4                __b2d
                0x0802367c                __d2b
                0x0802372c                __ratio
                0x08023790                _mprec_log10
                0x080237cc                __copybits
                0x08023814                __any_on
 .text          0x0802386c      0x3d4 /opt/ARM/arm-linaro-eabi-4.6/lib/gcc/arm-none-eabi/4.7.3/../../../../arm-none-eabi/lib/thumb/cortex-m4/float-abi-hard/fpuv4-sp-d16/libc.a(lib_a-reallocr.o)
                0x0802386c                _realloc_r
 .text          0x08023c40       0x88 /opt/ARM/arm-linaro-eabi-4.6/lib/gcc/arm-none-eabi/4.7.3/../../../../arm-none-eabi/lib/thumb/cortex-m4/float-abi-hard/fpuv4-sp-d16/libc.a(lib_a-stdio.o)
                0x08023c40                __sread
                0x08023c64                __seofread
                0x08023c68                __swrite
                0x08023ca0                __sseek
                0x08023cc0                __sclose
 .text          0x08023cc8      0xb38 /opt/ARM/arm-linaro-eabi-4.6/lib/gcc/arm-none-eabi/4.7.3/../../../../arm-none-eabi/lib/thumb/cortex-m4/float-abi-hard/fpuv4-sp-d16/libc.a(lib_a-vfiprintf.o)
                0x08023cc8                __sprint_r
                0x08023d48                _vfiprintf_r
                0x080247e4                vfiprintf
 .text          0x08024800       0x28 /opt/ARM/arm-linaro-eabi-4.6/lib/gcc/arm-none-eabi/4.7.3/../../../../arm-none-eabi/lib/thumb/cortex-m4/float-abi-hard/fpuv4-sp-d16/libc.a(lib_a-writer.o)
                0x08024800                _write_r
 .text          0x08024828       0x60 /opt/ARM/arm-linaro-eabi-4.6/lib/gcc/arm-none-eabi/4.7.3/../../../../arm-none-eabi/lib/thumb/cortex-m4/float-abi-hard/fpuv4-sp-d16/libc.a(lib_a-callocr.o)
                0x08024828                _calloc_r
 .text          0x08024888       0x24 /opt/ARM/arm-linaro-eabi-4.6/lib/gcc/arm-none-eabi/4.7.3/../../../../arm-none-eabi/lib/thumb/cortex-m4/float-abi-hard/fpuv4-sp-d16/libc.a(lib_a-closer.o)
                0x08024888                _close_r
 .text          0x080248ac       0x94 /opt/ARM/arm-linaro-eabi-4.6/lib/gcc/arm-none-eabi/4.7.3/../../../../arm-none-eabi/lib/thumb/cortex-m4/float-abi-hard/fpuv4-sp-d16/libc.a(lib_a-fclose.o)
                0x080248ac                _fclose_r
                0x08024930                fclose
 .text          0x08024940       0xfc /opt/ARM/arm-linaro-eabi-4.6/lib/gcc/arm-none-eabi/4.7.3/../../../../arm-none-eabi/lib/thumb/cortex-m4/float-abi-hard/fpuv4-sp-d16/libc.a(lib_a-fputwc.o)
                0x08024940                _fputwc_r
                0x08024a10                fputwc
 .text          0x08024a3c       0x28 /opt/ARM/arm-linaro-eabi-4.6/lib/gcc/arm-none-eabi/4.7.3/../../../../arm-none-eabi/lib/thumb/cortex-m4/float-abi-hard/fpuv4-sp-d16/libc.a(lib_a-fstatr.o)
                0x08024a3c                _fstat_r
 .text          0x08024a64       0x24 /opt/ARM/arm-linaro-eabi-4.6/lib/gcc/arm-none-eabi/4.7.3/../../../../arm-none-eabi/lib/thumb/cortex-m4/float-abi-hard/fpuv4-sp-d16/libc.a(lib_a-isattyr.o)
                0x08024a64                _isatty_r
 .text          0x08024a88       0x28 /opt/ARM/arm-linaro-eabi-4.6/lib/gcc/arm-none-eabi/4.7.3/../../../../arm-none-eabi/lib/thumb/cortex-m4/float-abi-hard/fpuv4-sp-d16/libc.a(lib_a-lseekr.o)
                0x08024a88                _lseek_r
 .text          0x08024ab0       0x28 /opt/ARM/arm-linaro-eabi-4.6/lib/gcc/arm-none-eabi/4.7.3/../../../../arm-none-eabi/lib/thumb/cortex-m4/float-abi-hard/fpuv4-sp-d16/libc.a(lib_a-readr.o)
                0x08024ab0                _read_r
 .text          0x08024ad8       0xb0 /opt/ARM/arm-linaro-eabi-4.6/lib/gcc/arm-none-eabi/4.7.3/../../../../arm-none-eabi/lib/thumb/cortex-m4/float-abi-hard/fpuv4-sp-d16/libc.a(lib_a-wcrtomb.o)
                0x08024ad8                _wcrtomb_r
                0x08024b28                wcrtomb
 .text          0x08024b88       0x4c /opt/ARM/arm-linaro-eabi-4.6/lib/gcc/arm-none-eabi/4.7.3/../../../../arm-none-eabi/lib/thumb/cortex-m4/float-abi-hard/fpuv4-sp-d16/libc.a(lib_a-wctomb_r.o)
                0x08024b88                __ascii_wctomb
                0x08024ba4                _wctomb_r
 .text          0x08024bd4      0x370 /opt/ARM/arm-linaro-eabi-4.6/lib/gcc/arm-none-eabi/4.7.3/thumb/cortex-m4/float-abi-hard/fpuv4-sp-d16/libgcc.a(_arm_addsubdf3.o)
                0x08024bd4                __aeabi_drsub
                0x08024bdc                __aeabi_dsub
                0x08024bdc                __subdf3
                0x08024be0                __adddf3
                0x08024be0                __aeabi_dadd
                0x08024e58                __aeabi_ui2d
                0x08024e58                __floatunsidf
                0x08024e78                __floatsidf
                0x08024e78                __aeabi_i2d
                0x08024e9c                __extendsfdf2
                0x08024e9c                __aeabi_f2d
                0x08024ed8                __aeabi_ul2d
                0x08024ed8                __floatundidf
                0x08024ee8                __floatdidf
                0x08024ee8                __aeabi_l2d
 .text          0x08024f44      0x424 /opt/ARM/arm-linaro-eabi-4.6/lib/gcc/arm-none-eabi/4.7.3/thumb/cortex-m4/float-abi-hard/fpuv4-sp-d16/libgcc.a(_arm_muldivdf3.o)
                0x08024f44                __aeabi_dmul
                0x08024f44                __muldf3
                0x08025198                __aeabi_ddiv
                0x08025198                __divdf3
 .text          0x08025368      0x110 /opt/ARM/arm-linaro-eabi-4.6/lib/gcc/arm-none-eabi/4.7.3/thumb/cortex-m4/float-abi-hard/fpuv4-sp-d16/libgcc.a(_arm_cmpdf2.o)
                0x08025368                __gtdf2
                0x08025368                __gedf2
                0x08025370                __ltdf2
                0x08025370                __ledf2
                0x08025378                __cmpdf2
                0x08025378                __eqdf2
                0x08025378                __nedf2
                0x080253f4                __aeabi_cdrcmple
                0x08025404                __aeabi_cdcmple
                0x08025404                __aeabi_cdcmpeq
                0x08025414                __aeabi_dcmpeq
                0x08025428                __aeabi_dcmplt
                0x0802543c                __aeabi_dcmple
                0x08025450                __aeabi_dcmpge
                0x08025464                __aeabi_dcmpgt
 .text          0x08025478       0x50 /opt/ARM/arm-linaro-eabi-4.6/lib/gcc/arm-none-eabi/4.7.3/thumb/cortex-m4/float-abi-hard/fpuv4-sp-d16/libgcc.a(_arm_fixdfsi.o)
                0x08025478                __fixdfsi
                0x08025478                __aeabi_d2iz
 .text          0x080254c8       0xa0 /opt/ARM/arm-linaro-eabi-4.6/lib/gcc/arm-none-eabi/4.7.3/thumb/cortex-m4/float-abi-hard/fpuv4-sp-d16/libgcc.a(_arm_truncdfsf2.o)
                0x080254c8                __aeabi_d2f
                0x080254c8                __truncdfsf2
 *(.text*)
 .text.Reset_Handler
                0x08025568       0x4c startup_stm32f4xx.o
                0x08025568                Reset_Handler
 .text.Default_Handler
                0x080255b4        0x4 startup_stm32f4xx.o
                0x080255b4                RTC_Alarm_IRQHandler
                0x080255b4                HASH_RNG_IRQHandler
                0x080255b4                EXTI2_IRQHandler
                0x080255b4                TIM8_CC_IRQHandler
                0x080255b4                TIM1_CC_IRQHandler
                0x080255b4                DMA2_Stream5_IRQHandler
                0x080255b4                DMA1_Stream5_IRQHandler
                0x080255b4                SysTick_Handler
                0x080255b4                PVD_IRQHandler
                0x080255b4                SDIO_IRQHandler
                0x080255b4                TAMP_STAMP_IRQHandler
                0x080255b4                CAN2_RX1_IRQHandler
                0x080255b4                EXTI3_IRQHandler
                0x080255b4                TIM8_TRG_COM_TIM14_IRQHandler
                0x080255b4                TIM1_UP_TIM10_IRQHandler
                0x080255b4                TIM8_UP_TIM13_IRQHandler
                0x080255b4                I2C3_ER_IRQHandler
                0x080255b4                EXTI0_IRQHandler
                0x080255b4                I2C2_EV_IRQHandler
                0x080255b4                DMA1_Stream2_IRQHandler
                0x080255b4                CAN1_RX0_IRQHandler
                0x080255b4                FPU_IRQHandler
                0x080255b4                OTG_HS_WKUP_IRQHandler
                0x080255b4                CAN2_SCE_IRQHandler
                0x080255b4                DMA2_Stream2_IRQHandler
                0x080255b4                SPI1_IRQHandler
                0x080255b4                TIM6_DAC_IRQHandler
                0x080255b4                TIM1_BRK_TIM9_IRQHandler
                0x080255b4                DCMI_IRQHandler
                0x080255b4                CAN2_RX0_IRQHandler
                0x080255b4                DMA2_Stream3_IRQHandler
                0x080255b4                USART6_IRQHandler
                0x080255b4                USART3_IRQHandler
                0x080255b4                CRYP_IRQHandler
                0x080255b4                CAN1_RX1_IRQHandler
                0x080255b4                UART5_IRQHandler
                0x080255b4                TIM4_IRQHandler
                0x080255b4                I2C1_EV_IRQHandler
                0x080255b4                DMA1_Stream6_IRQHandler
                0x080255b4                DMA1_Stream1_IRQHandler
                0x080255b4                UART4_IRQHandler
                0x080255b4                TIM3_IRQHandler
                0x080255b4                RCC_IRQHandler
                0x080255b4                TIM8_BRK_TIM12_IRQHandler
                0x080255b4                Default_Handler
                0x080255b4                EXTI15_10_IRQHandler
                0x080255b4                ADC_IRQHandler
                0x080255b4                DMA1_Stream7_IRQHandler
                0x080255b4                TIM7_IRQHandler
                0x080255b4                CAN2_TX_IRQHandler
                0x080255b4                TIM5_IRQHandler
                0x080255b4                DMA2_Stream7_IRQHandler
                0x080255b4                I2C3_EV_IRQHandler
                0x080255b4                EXTI9_5_IRQHandler
                0x080255b4                RTC_WKUP_IRQHandler
                0x080255b4                ETH_WKUP_IRQHandler
                0x080255b4                SPI2_IRQHandler
                0x080255b4                OTG_HS_EP1_IN_IRQHandler
                0x080255b4                DMA1_Stream0_IRQHandler
                0x080255b4                CAN1_TX_IRQHandler
                0x080255b4                EXTI4_IRQHandler
                0x080255b4                FSMC_IRQHandler
                0x080255b4                ETH_IRQHandler
                0x080255b4                OTG_HS_EP1_OUT_IRQHandler
                0x080255b4                WWDG_IRQHandler
                0x080255b4                TIM2_IRQHandler
                0x080255b4                OTG_FS_WKUP_IRQHandler
                0x080255b4                TIM1_TRG_COM_TIM11_IRQHandler
                0x080255b4                OTG_HS_IRQHandler
                0x080255b4                EXTI1_IRQHandler
                0x080255b4                USART2_IRQHandler
                0x080255b4                I2C2_ER_IRQHandler
                0x080255b4                DMA2_Stream1_IRQHandler
                0x080255b4                CAN1_SCE_IRQHandler
                0x080255b4                FLASH_IRQHandler
                0x080255b4                DMA2_Stream4_IRQHandler
                0x080255b4                USART1_IRQHandler
                0x080255b4                OTG_FS_IRQHandler
                0x080255b4                SPI3_IRQHandler
                0x080255b4                DMA1_Stream4_IRQHandler
                0x080255b4                I2C1_ER_IRQHandler
                0x080255b4                DMA2_Stream6_IRQHandler
 .text.startup  0x080255b8      0x170 main.o
                0x080255b8                main
 .text.arm_biquad_cascade_df1_init_f32
                0x08025728       0x18 /root/CMSIS/CMSIS/Lib/GCC/libarm_cortexM4lf_math.a(arm_biquad_cascade_df1_init_f32.o)
                0x08025728                arm_biquad_cascade_df1_init_f32
 .text.arm_biquad_cascade_df1_f32
                0x08025740      0x1a0 /root/CMSIS/CMSIS/Lib/GCC/libarm_cortexM4lf_math.a(arm_biquad_cascade_df1_f32.o)
                0x08025740                arm_biquad_cascade_df1_f32
 *(.rodata)
 .rodata        0x080258e0       0x40 vocode.o
                0x080258e0                decay_table
 .rodata        0x08025920      0x1a4 sam.o
                0x08025920                flags2
                0x08025970                signInputTable1
                0x080259c4                signInputTable2
                0x08025a18                phonemeLengthTable
                0x08025a68                phonemeStressedLengthTable
                0x08025ab8                stressInputTable
 .rodata        0x08025ac4       0x50 render.o
 .rodata        0x08025b14      0x164 LPC/lpc.o
                0x08025b14                tmsEnergy
                0x08025b24                tmsPeriod
                0x08025b64                tmsK1
                0x08025ba4                tmsK2
                0x08025be4                tmsK3
                0x08025bf4                tmsK4
                0x08025c04                tmsK5
                0x08025c14                tmsK6
                0x08025c24                tmsK7
                0x08025c34                tmsK8
                0x08025c3c                tmsK9
                0x08025c44                tmsK10
                0x08025c4c                chirp
 .rodata        0x08025c78        0xc ./rsynth-2.0-port/nsynth.o
 *fill*         0x08025c84        0x4 
 .rodata        0x08025c88       0x30 /opt/ARM/arm-linaro-eabi-4.6/lib/gcc/arm-none-eabi/4.7.3/../../../../arm-none-eabi/lib/thumb/cortex-m4/float-abi-hard/fpuv4-sp-d16/libm.a(lib_a-e_exp.o)
 .rodata        0x08025cb8       0x18 /opt/ARM/arm-linaro-eabi-4.6/lib/gcc/arm-none-eabi/4.7.3/../../../../arm-none-eabi/lib/thumb/cortex-m4/float-abi-hard/fpuv4-sp-d16/libm.a(lib_a-ef_exp.o)
 .rodata        0x08025cd0       0x18 /opt/ARM/arm-linaro-eabi-4.6/lib/gcc/arm-none-eabi/4.7.3/../../../../arm-none-eabi/lib/thumb/cortex-m4/float-abi-hard/fpuv4-sp-d16/libm.a(lib_a-ef_pow.o)
 .rodata        0x08025ce8      0x398 /opt/ARM/arm-linaro-eabi-4.6/lib/gcc/arm-none-eabi/4.7.3/../../../../arm-none-eabi/lib/thumb/cortex-m4/float-abi-hard/fpuv4-sp-d16/libm.a(lib_a-ef_rem_pio2.o)
 .rodata        0x08026080      0x188 /opt/ARM/arm-linaro-eabi-4.6/lib/gcc/arm-none-eabi/4.7.3/../../../../arm-none-eabi/lib/thumb/cortex-m4/float-abi-hard/fpuv4-sp-d16/libm.a(lib_a-e_rem_pio2.o)
 .rodata        0x08026208       0x38 /opt/ARM/arm-linaro-eabi-4.6/lib/gcc/arm-none-eabi/4.7.3/../../../../arm-none-eabi/lib/thumb/cortex-m4/float-abi-hard/fpuv4-sp-d16/libm.a(lib_a-kf_rem_pio2.o)
 .rodata        0x08026240       0x50 /opt/ARM/arm-linaro-eabi-4.6/lib/gcc/arm-none-eabi/4.7.3/../../../../arm-none-eabi/lib/thumb/cortex-m4/float-abi-hard/fpuv4-sp-d16/libm.a(lib_a-k_rem_pio2.o)
 .rodata        0x08026290       0x10 /opt/ARM/arm-linaro-eabi-4.6/lib/gcc/arm-none-eabi/4.7.3/../../../../arm-none-eabi/lib/thumb/cortex-m4/float-abi-hard/fpuv4-sp-d16/libm.a(lib_a-s_rint.o)
 .rodata        0x080262a0        0x4 /opt/ARM/arm-linaro-eabi-4.6/lib/gcc/arm-none-eabi/4.7.3/../../../../arm-none-eabi/lib/thumb/cortex-m4/float-abi-hard/fpuv4-sp-d16/libc.a(lib_a-impure.o)
                0x080262a0                _global_impure_ptr
 .rodata        0x080262a4       0x20 /opt/ARM/arm-linaro-eabi-4.6/lib/gcc/arm-none-eabi/4.7.3/../../../../arm-none-eabi/lib/thumb/cortex-m4/float-abi-hard/fpuv4-sp-d16/libc.a(lib_a-vfprintf.o)
 *fill*         0x080262c4        0x4 
 .rodata        0x080262c8      0x128 /opt/ARM/arm-linaro-eabi-4.6/lib/gcc/arm-none-eabi/4.7.3/../../../../arm-none-eabi/lib/thumb/cortex-m4/float-abi-hard/fpuv4-sp-d16/libc.a(lib_a-mprec.o)
                0x080262d8                __mprec_tens
                0x080263a0                __mprec_tinytens
                0x080263c8                __mprec_bigtens
 .rodata        0x080263f0       0x20 /opt/ARM/arm-linaro-eabi-4.6/lib/gcc/arm-none-eabi/4.7.3/../../../../arm-none-eabi/lib/thumb/cortex-m4/float-abi-hard/fpuv4-sp-d16/libc.a(lib_a-vfiprintf.o)
 *(.rodata*)
 .rodata.str1.4
                0x08026410      0x1bf ./rsynth-2.0-port/elements.o
                                0x1dc (size before relaxing)
 *fill*         0x080265cf        0x1 
 .rodata.str1.4
                0x080265d0      0x3c1 ./rsynth-2.0-port/nsynth.o
                                0x3c4 (size before relaxing)
 *fill*         0x08026991        0x3 
 .rodata.str1.4
                0x08026994        0x4 /opt/ARM/arm-linaro-eabi-4.6/lib/gcc/arm-none-eabi/4.7.3/../../../../arm-none-eabi/lib/thumb/cortex-m4/float-abi-hard/fpuv4-sp-d16/libm.a(lib_a-w_exp.o)
 .rodata.str1.4
                0x08026998        0x6 /opt/ARM/arm-linaro-eabi-4.6/lib/gcc/arm-none-eabi/4.7.3/../../../../arm-none-eabi/lib/thumb/cortex-m4/float-abi-hard/fpuv4-sp-d16/libm.a(lib_a-wf_acos.o)
                                  0xc (size before relaxing)
 *fill*         0x0802699e        0x2 
 .rodata.str1.4
                0x080269a0        0x5 /opt/ARM/arm-linaro-eabi-4.6/lib/gcc/arm-none-eabi/4.7.3/../../../../arm-none-eabi/lib/thumb/cortex-m4/float-abi-hard/fpuv4-sp-d16/libm.a(lib_a-wf_exp.o)
                                  0x8 (size before relaxing)
 *fill*         0x080269a5        0x3 
 .rodata.str1.4
                0x080269a8        0x5 /opt/ARM/arm-linaro-eabi-4.6/lib/gcc/arm-none-eabi/4.7.3/../../../../arm-none-eabi/lib/thumb/cortex-m4/float-abi-hard/fpuv4-sp-d16/libm.a(lib_a-wf_pow.o)
                                  0x8 (size before relaxing)
 *fill*         0x080269ad        0x3 
 .rodata.str1.4
                0x080269b0        0x6 /opt/ARM/arm-linaro-eabi-4.6/lib/gcc/arm-none-eabi/4.7.3/../../../../arm-none-eabi/lib/thumb/cortex-m4/float-abi-hard/fpuv4-sp-d16/libm.a(lib_a-wf_sqrt.o)
                                  0x8 (size before relaxing)
 *fill*         0x080269b6        0x2 
 .rodata.str1.4
                0x080269b8        0x6 /opt/ARM/arm-linaro-eabi-4.6/lib/gcc/arm-none-eabi/4.7.3/../../../../arm-none-eabi/lib/thumb/cortex-m4/float-abi-hard/fpuv4-sp-d16/libm.a(lib_a-w_log10.o)
                                  0xc (size before relaxing)
 .rodata.str1.4
                0x00000000        0x4 /opt/ARM/arm-linaro-eabi-4.6/lib/gcc/arm-none-eabi/4.7.3/../../../../arm-none-eabi/lib/thumb/cortex-m4/float-abi-hard/fpuv4-sp-d16/libm.a(lib_a-ef_pow.o)
 *fill*         0x080269be        0x2 
 .rodata.str1.4
                0x080269c0        0x2 /opt/ARM/arm-linaro-eabi-4.6/lib/gcc/arm-none-eabi/4.7.3/../../../../arm-none-eabi/lib/thumb/cortex-m4/float-abi-hard/fpuv4-sp-d16/libc.a(lib_a-impure.o)
                                  0x4 (size before relaxing)
 .rodata.str1.4
                0x00000000        0x2 /opt/ARM/arm-linaro-eabi-4.6/lib/gcc/arm-none-eabi/4.7.3/../../../../arm-none-eabi/lib/thumb/cortex-m4/float-abi-hard/fpuv4-sp-d16/libc.a(lib_a-puts.o)
                                  0x4 (size before relaxing)
 *fill*         0x080269c2        0x2 
 .rodata.str1.4
                0x080269c4       0x3f /opt/ARM/arm-linaro-eabi-4.6/lib/gcc/arm-none-eabi/4.7.3/../../../../arm-none-eabi/lib/thumb/cortex-m4/float-abi-hard/fpuv4-sp-d16/libc.a(lib_a-vfprintf.o)
                                 0x44 (size before relaxing)
 *fill*         0x08026a03        0x1 
 .rodata.str1.4
                0x08026a04       0x10 /opt/ARM/arm-linaro-eabi-4.6/lib/gcc/arm-none-eabi/4.7.3/../../../../arm-none-eabi/lib/thumb/cortex-m4/float-abi-hard/fpuv4-sp-d16/libc.a(lib_a-dtoa.o)
                                 0x14 (size before relaxing)
 .rodata.str1.4
                0x08026a14        0xc /opt/ARM/arm-linaro-eabi-4.6/lib/gcc/arm-none-eabi/4.7.3/../../../../arm-none-eabi/lib/thumb/cortex-m4/float-abi-hard/fpuv4-sp-d16/libc.a(lib_a-locale.o)
                                 0x14 (size before relaxing)
 .rodata.str1.4
                0x00000000       0x30 /opt/ARM/arm-linaro-eabi-4.6/lib/gcc/arm-none-eabi/4.7.3/../../../../arm-none-eabi/lib/thumb/cortex-m4/float-abi-hard/fpuv4-sp-d16/libc.a(lib_a-vfiprintf.o)
 *(.glue_7)
 .glue_7        0x00000000        0x0 linker stubs
 *(.glue_7t)
 .glue_7t       0x00000000        0x0 linker stubs
 *(.eh_frame)
 .eh_frame      0x08026a20        0x0 /opt/ARM/arm-linaro-eabi-4.6/lib/gcc/arm-none-eabi/4.7.3/thumb/cortex-m4/float-abi-hard/fpuv4-sp-d16/crtbegin.o
 *(.init)
 .init          0x08026a20        0x4 /opt/ARM/arm-linaro-eabi-4.6/lib/gcc/arm-none-eabi/4.7.3/thumb/cortex-m4/float-abi-hard/fpuv4-sp-d16/crti.o
                0x08026a20                _init
 .init          0x08026a24        0x8 /opt/ARM/arm-linaro-eabi-4.6/lib/gcc/arm-none-eabi/4.7.3/thumb/cortex-m4/float-abi-hard/fpuv4-sp-d16/crtn.o
 *(.fini)
 .fini          0x08026a2c        0x4 /opt/ARM/arm-linaro-eabi-4.6/lib/gcc/arm-none-eabi/4.7.3/thumb/cortex-m4/float-abi-hard/fpuv4-sp-d16/crti.o
                0x08026a2c                _fini
 .fini          0x08026a30        0x8 /opt/ARM/arm-linaro-eabi-4.6/lib/gcc/arm-none-eabi/4.7.3/thumb/cortex-m4/float-abi-hard/fpuv4-sp-d16/crtn.o
                0x08026a38                . = ALIGN (0x4)
                0x08026a38                _etext = .
                0x08026a38                _exit = .

.vfp11_veneer   0x08026a38        0x0
 .vfp11_veneer  0x00000000        0x0 linker stubs

.v4_bx          0x08026a38        0x0
 .v4_bx         0x00000000        0x0 linker stubs

.iplt           0x08026a38        0x0
 .iplt          0x00000000        0x0 /opt/ARM/arm-linaro-eabi-4.6/lib/gcc/arm-none-eabi/4.7.3/thumb/cortex-m4/float-abi-hard/fpuv4-sp-d16/crtbegin.o

.rel.dyn        0x08026a38        0x0
 .rel.iplt      0x00000000        0x0 /opt/ARM/arm-linaro-eabi-4.6/lib/gcc/arm-none-eabi/4.7.3/thumb/cortex-m4/float-abi-hard/fpuv4-sp-d16/crtbegin.o

.ARM.extab
 *(.ARM.extab* .gnu.linkonce.armextab.*)

.ARM            0x08026a38        0x0
                0x08026a38                __exidx_start = .
 *(.ARM.exidx*)
                0x08026a38                __exidx_end = .

.preinit_array  0x08026a38        0x0
                0x08026a38                PROVIDE (__preinit_array_start, .)
 *(.preinit_array*)
                0x08026a38                PROVIDE (__preinit_array_end, .)

.init_array     0x08026a38        0x4
                0x08026a38                PROVIDE (__init_array_start, .)
 *(SORT(.init_array.*))
 *(.init_array*)
 .init_array    0x08026a38        0x4 /opt/ARM/arm-linaro-eabi-4.6/lib/gcc/arm-none-eabi/4.7.3/thumb/cortex-m4/float-abi-hard/fpuv4-sp-d16/crtbegin.o
                0x08026a3c                PROVIDE (__init_array_end, .)

.fini_array     0x08026a3c        0x4
                0x08026a3c                PROVIDE (__fini_array_start, .)
 *(.fini_array*)
 .fini_array    0x08026a3c        0x4 /opt/ARM/arm-linaro-eabi-4.6/lib/gcc/arm-none-eabi/4.7.3/thumb/cortex-m4/float-abi-hard/fpuv4-sp-d16/crtbegin.o
 *(SORT(.fini_array.*))
                0x08026a40                PROVIDE (__fini_array_end, .)
                0x08026a40                _sidata = .

.data           0x20000000    0x11bc0 load address 0x08026a40
                0x20000000                . = ALIGN (0x4)
                0x20000000                _sdata = .
 *(.data)
 .data          0x20000000       0x14 system_stm32f4xx.o
                0x20000000                AHBPrescTable
                0x20000010                SystemCoreClock
 .data          0x20000014       0x20 main.o
                0x20000014                test_elm
 .data          0x20000034        0x4 codec.o
                0x20000034                CODECTimeout
 .data          0x20000038       0x10 stm32f4xx_rcc.o
 .data          0x20000048    0x10000 audio.o
                0x20000048                audio_buffer
 .data          0x20010048       0x88 vosim.o
                0x20010048                antilogTable
 .data          0x200100d0      0x108 sam.o
                0x200100d0                speedd
                0x200100d1                pitch
                0x200100d2                mouth
                0x200100d3                throat
                0x200100d4                singmode
                0x200100d8                input
 .data          0x200101d8      0xb4c render.o
                0x200101d8                tab48426
                0x200101e0                sampleTable
                0x200106e0                freq1data
                0x20010730                freq2data
                0x20010780                freq3data
                0x200107d0                ampl1data
                0x20010820                ampl2data
                0x20010870                ampl3data
                0x200108c0                sampledConsonantFlags
                0x20010910                tab47492
                0x2001091c                blendRank
                0x2001096c                outBlendLength
                0x200109bc                inBlendLength
                0x20010a0c                amplitudeRescale
                0x20010a20                multtable
                0x20010b20                sinus
                0x20010c20                rectangle
                0x20010d20                wait2
                0x20010d21                wait1
 .data          0x20010d24      0x294 LPC/lpc.o
                0x20010d24                spKATI
                0x20010e34                spMYWORM
                0x20010f5c                spWHISKY
 .data          0x20010fb8       0x10 vocoder/vocode.o
                0x20010fb8                vocode_window_length
                0x20010fbc                vocode_band_count
                0x20010fc0                vocode_normalize
                0x20010fc4                vocode_volume
 .data          0x20010fc8        0x8 ./rsynth-2.0-port/holmes.o
                0x20010fc8                frac
                0x20010fcc                speed
 .data          0x20010fd0      0x288 ./rsynth-2.0-port/nsynth.o
                0x20011198                par_name
 .data          0x20011258       0xa4 ./rsynth-2.0-port/def_pars.o
                0x20011258                samp_rate
                0x2001125c                def_pars
 .data          0x200112fc        0x1 /opt/ARM/arm-linaro-eabi-4.6/lib/gcc/arm-none-eabi/4.7.3/../../../../arm-none-eabi/lib/thumb/cortex-m4/float-abi-hard/fpuv4-sp-d16/libm.a(lib_a-s_lib_ver.o)
                0x200112fc                __fdlib_version
 *fill*         0x200112fd        0x3 
 .data          0x20011300      0x430 /opt/ARM/arm-linaro-eabi-4.6/lib/gcc/arm-none-eabi/4.7.3/../../../../arm-none-eabi/lib/thumb/cortex-m4/float-abi-hard/fpuv4-sp-d16/libc.a(lib_a-impure.o)
                0x20011300                _impure_ptr
 .data          0x20011730      0x410 /opt/ARM/arm-linaro-eabi-4.6/lib/gcc/arm-none-eabi/4.7.3/../../../../arm-none-eabi/lib/thumb/cortex-m4/float-abi-hard/fpuv4-sp-d16/libc.a(lib_a-mallocr.o)
                0x20011730                __malloc_av_
                0x20011b38                __malloc_sbrk_base
                0x20011b3c                __malloc_trim_threshold
 .data          0x20011b40       0x7c /opt/ARM/arm-linaro-eabi-4.6/lib/gcc/arm-none-eabi/4.7.3/../../../../arm-none-eabi/lib/thumb/cortex-m4/float-abi-hard/fpuv4-sp-d16/libc.a(lib_a-locale.o)
                0x20011b60                __mb_cur_max
 .data          0x20011bbc        0x4 /opt/ARM/arm-linaro-eabi-4.6/lib/gcc/arm-none-eabi/4.7.3/../../../../arm-none-eabi/lib/thumb/cortex-m4/float-abi-hard/fpuv4-sp-d16/libc.a(lib_a-wctomb_r.o)
                0x20011bbc                __wctomb
 *(.data*)
                0x20011bc0                . = ALIGN (0x4)
                0x20011bc0                _edata = .

.jcr            0x20011bc0        0x0 load address 0x08038600
 .jcr           0x20011bc0        0x0 /opt/ARM/arm-linaro-eabi-4.6/lib/gcc/arm-none-eabi/4.7.3/thumb/cortex-m4/float-abi-hard/fpuv4-sp-d16/crtbegin.o

.tm_clone_table
                0x20011bc0        0x0 load address 0x08038600
 .tm_clone_table
                0x20011bc0        0x0 /opt/ARM/arm-linaro-eabi-4.6/lib/gcc/arm-none-eabi/4.7.3/thumb/cortex-m4/float-abi-hard/fpuv4-sp-d16/crtbegin.o
 .tm_clone_table
                0x20011bc0        0x0 /opt/ARM/arm-linaro-eabi-4.6/lib/gcc/arm-none-eabi/4.7.3/thumb/cortex-m4/float-abi-hard/fpuv4-sp-d16/crtend.o

.igot.plt       0x20011bc0        0x0 load address 0x08038600
 .igot.plt      0x00000000        0x0 /opt/ARM/arm-linaro-eabi-4.6/lib/gcc/arm-none-eabi/4.7.3/thumb/cortex-m4/float-abi-hard/fpuv4-sp-d16/crtbegin.o
                0x20011bc0                . = ALIGN (0x4)

.bss            0x20011bc0     0x1d60 load address 0x08038600
                0x20011bc0                _sbss = .
                0x20011bc0                __bss_start__ = _sbss
 *(.bss)
 .bss           0x20011bc0       0x1c /opt/ARM/arm-linaro-eabi-4.6/lib/gcc/arm-none-eabi/4.7.3/thumb/cortex-m4/float-abi-hard/fpuv4-sp-d16/crtbegin.o
 .bss           0x20011bdc      0x220 main.o
                0x20011bdc                adc_buffer
                0x20011bf0                tx_buffer
                0x20011cf0                rx_buffer
                0x20011df0                mode
                0x20011df1                maintrigger
                0x20011df2                writepos
                0x20011df4                trigger
                0x20011df6                generated
                0x20011df8                readpos
 .bss           0x20011dfc       0x84 i2s.o
                0x20011dfc                DMA_InitStructure
                0x20011e38                DMA_InitStructure2
                0x20011e74                txbuf
                0x20011e78                rxbuf
                0x20011e7c                szbuf
 .bss           0x20011e80        0x4 syscalls.o
 .bss           0x20011e84      0x864 audio.o
                0x20011e84                mdavocall
                0x20011e88                mdavocod
                0x20011e8c                vocoderz
                0x20011e90                formy
                0x20011e94                formanty
                0x20011e9c                sample_buffer
                0x20011edc                flinbuffer
                0x20011f5c                floutbuffer
                0x20011fdc                mono_buffer
                0x2001201c                floutbufferz
                0x200120a8                modulator_sample_buffer
                0x200122a8                carrier_sample_buffer
                0x200124a8                output_sample_buffer
                0x200126a8                left_buffer
 .bss           0x200126e8       0x14 vosim.o
 .bss           0x200126fc       0x1c effect.o
 .bss           0x20012718      0x3c0 sam.o
                0x20012718                stress
                0x20012818                phonemeLength
                0x20012918                phonemeIndexOutput
                0x20012954                stressOutput
                0x20012990                phonemeLengthOutput
                0x200129cc                phonemeindex
                0x20012acc                X
                0x20012acd                Y
                0x20012ace                A
                0x20012acf                mem59
                0x20012ad0                mem56
                0x20012ad1                mem53
                0x20012ad2                mem50
                0x20012ad3                mem51
                0x20012ad4                mem49
                0x20012ad5                mem47
                0x20012ad6                mem44
                0x20012ad7                mem39
 .bss           0x20012ad8      0x804 render.o
                0x20012adc                pitches
                0x20012bdc                frequency1
                0x20012cdc                frequency2
                0x20012ddc                frequency3
                0x20012edc                amplitude1
                0x20012fdc                amplitude2
                0x200130dc                amplitude3
                0x200131dc                sampledConsonantFlag
 .bss           0x200132dc      0x16c LPC/lpc.o
                0x200132dc                ptrAddr
                0x200132e0                byte_rev
                0x200133e0                ptrBit
                0x200133e1                synthPeriod
                0x200133e2                synthEnergy
                0x200133e4                synthK
                0x200133f8                xlpc
                0x2001340c                starty
                0x2001340d                synth_running
                0x2001340e                synth_subframe_ctr
                0x2001340f                synth_sample_ctr
                0x20013410                synthRand
                0x20013412                nextPeriod
                0x20013414                nextEnergy
                0x20013418                nextK
                0x2001342c                periodCounter
                0x20013430                ulpc
 .bss           0x20013448      0x400 vocoder/fftn.o
                0x20013448                xyz
 .bss           0x20013848       0x6c ./rsynth-2.0-port/nsynth.o
                0x20013898                time_count
 .bss           0x200138b4       0x14 ./rsynth-2.0-port/say.o
                0x200138b4                wav_len
                0x200138b8                wav_elm
 .bss           0x200138c8       0x20 ./rsynth-2.0-port/def_pars.o
                0x200138c8                klatt_global
 .bss           0x200138e8       0x34 /opt/ARM/arm-linaro-eabi-4.6/lib/gcc/arm-none-eabi/4.7.3/../../../../arm-none-eabi/lib/thumb/cortex-m4/float-abi-hard/fpuv4-sp-d16/libc.a(lib_a-mallocr.o)
                0x200138e8                __malloc_top_pad
                0x200138ec                __malloc_current_mallinfo
                0x20013914                __malloc_max_sbrked_mem
                0x20013918                __malloc_max_total_mem
 *(.bss*)
 *(COMMON)
 COMMON         0x2001391c        0x4 /opt/ARM/arm-linaro-eabi-4.6/lib/gcc/arm-none-eabi/4.7.3/../../../../arm-none-eabi/lib/thumb/cortex-m4/float-abi-hard/fpuv4-sp-d16/libc.a(lib_a-reent.o)
                0x2001391c                errno
                0x20013920                . = ALIGN (0x4)
                0x20013920                _ebss = .
                0x20013920                __bss_end__ = _ebss

._user_heap_stack
                0x20013920      0xc00 load address 0x0803a360
                0x20013920                . = ALIGN (0x4)
                0x20013920                PROVIDE (end, .)
                0x20013920                PROVIDE (_end, .)
                0x20013d20                . = (. + _Min_Heap_Size)
 *fill*         0x20013920      0x400 
                0x20014520                . = (. + _Min_Stack_Size)
 *fill*         0x20013d20      0x800 
                0x20014520                . = ALIGN (0x4)

.ccm_data       0x10000000     0x5320
                0x10000000                . = ALIGN (0x4)
 *(.ccmdata)
 .ccmdata       0x10000000      0x320 audio.o
                0x10000000                coeffs
                0x100001f4                df
 .ccmdata       0x10000320     0x5000 ./rsynth-2.0-port/say.o
                0x10000320                pWavBuffer
                0x10005320                . = ALIGN (0x4)

.ARM.attributes
                0x00000000       0x35
 *(.ARM.attributes)
 .ARM.attributes
                0x00000000       0x27 /opt/ARM/arm-linaro-eabi-4.6/lib/gcc/arm-none-eabi/4.7.3/thumb/cortex-m4/float-abi-hard/fpuv4-sp-d16/crti.o
 .ARM.attributes
                0x00000027       0x39 /opt/ARM/arm-linaro-eabi-4.6/lib/gcc/arm-none-eabi/4.7.3/thumb/cortex-m4/float-abi-hard/fpuv4-sp-d16/crtbegin.o
 .ARM.attributes
                0x00000060       0x21 startup_stm32f4xx.o
 .ARM.attributes
                0x00000081       0x39 system_stm32f4xx.o
 .ARM.attributes
                0x000000ba       0x39 main.o
 .ARM.attributes
                0x000000f3       0x39 codec.o
 .ARM.attributes
                0x0000012c       0x39 i2s.o
 .ARM.attributes
                0x00000165       0x39 adc.o
 .ARM.attributes
                0x0000019e       0x39 stm32f4xx_gpio.o
 .ARM.attributes
                0x000001d7       0x39 stm32f4xx_i2c.o
 .ARM.attributes
                0x00000210       0x39 stm32f4xx_rcc.o
 .ARM.attributes
                0x00000249       0x39 stm32f4xx_spi.o
 .ARM.attributes
                0x00000282       0x39 stm32f4xx_dma.o
 .ARM.attributes
                0x000002bb       0x39 stm32f4xx_adc.o
 .ARM.attributes
                0x000002f4       0x39 syscalls.o
 .ARM.attributes
                0x0000032d       0x39 audio.o
 .ARM.attributes
                0x00000366       0x39 vosim.o
 .ARM.attributes
                0x0000039f       0x39 mdavoc.o
 .ARM.attributes
                0x000003d8       0x39 mdavocoder.o
 .ARM.attributes
                0x00000411       0x39 effect.o
 .ARM.attributes
                0x0000044a       0x39 vocode.o
 .ARM.attributes
                0x00000483       0x39 klatt_phoneme.o
 .ARM.attributes
                0x000004bc       0x39 sam.o
 .ARM.attributes
                0x000004f5       0x39 render.o
 .ARM.attributes
                0x0000052e       0x39 LPC/lpc.o
 .ARM.attributes
                0x00000567       0x39 vocoder/vocode.o
 .ARM.attributes
                0x000005a0       0x39 vocoder/fftn.o
 .ARM.attributes
                0x000005d9       0x39 scformant.o
 .ARM.attributes
                0x00000612       0x39 ./rsynth-2.0-port/holmes.o
 .ARM.attributes
                0x0000064b       0x39 ./rsynth-2.0-port/elements.o
 .ARM.attributes
                0x00000684       0x39 ./rsynth-2.0-port/nsynth.o
 .ARM.attributes
                0x000006bd       0x39 ./rsynth-2.0-port/say.o
 .ARM.attributes
                0x000006f6       0x39 ./rsynth-2.0-port/darray.o
 .ARM.attributes
                0x0000072f       0x39 ./rsynth-2.0-port/def_pars.o
 .ARM.attributes
                0x00000768       0x39 /root/CMSIS/CMSIS/Lib/GCC/libarm_cortexM4lf_math.a(arm_biquad_cascade_df1_init_f32.o)
 .ARM.attributes
                0x000007a1       0x39 /root/CMSIS/CMSIS/Lib/GCC/libarm_cortexM4lf_math.a(arm_biquad_cascade_df1_f32.o)
 .ARM.attributes
                0x000007da       0x39 /opt/ARM/arm-linaro-eabi-4.6/lib/gcc/arm-none-eabi/4.7.3/../../../../arm-none-eabi/lib/thumb/cortex-m4/float-abi-hard/fpuv4-sp-d16/libm.a(lib_a-s_cos.o)
 .ARM.attributes
                0x00000813       0x39 /opt/ARM/arm-linaro-eabi-4.6/lib/gcc/arm-none-eabi/4.7.3/../../../../arm-none-eabi/lib/thumb/cortex-m4/float-abi-hard/fpuv4-sp-d16/libm.a(lib_a-sf_cos.o)
 .ARM.attributes
                0x0000084c       0x39 /opt/ARM/arm-linaro-eabi-4.6/lib/gcc/arm-none-eabi/4.7.3/../../../../arm-none-eabi/lib/thumb/cortex-m4/float-abi-hard/fpuv4-sp-d16/libm.a(lib_a-s_floor.o)
 .ARM.attributes
                0x00000885       0x39 /opt/ARM/arm-linaro-eabi-4.6/lib/gcc/arm-none-eabi/4.7.3/../../../../arm-none-eabi/lib/thumb/cortex-m4/float-abi-hard/fpuv4-sp-d16/libm.a(lib_a-sf_sin.o)
 .ARM.attributes
                0x000008be       0x39 /opt/ARM/arm-linaro-eabi-4.6/lib/gcc/arm-none-eabi/4.7.3/../../../../arm-none-eabi/lib/thumb/cortex-m4/float-abi-hard/fpuv4-sp-d16/libm.a(lib_a-sf_tan.o)
 .ARM.attributes
                0x000008f7       0x39 /opt/ARM/arm-linaro-eabi-4.6/lib/gcc/arm-none-eabi/4.7.3/../../../../arm-none-eabi/lib/thumb/cortex-m4/float-abi-hard/fpuv4-sp-d16/libm.a(lib_a-s_sin.o)
 .ARM.attributes
                0x00000930       0x39 /opt/ARM/arm-linaro-eabi-4.6/lib/gcc/arm-none-eabi/4.7.3/../../../../arm-none-eabi/lib/thumb/cortex-m4/float-abi-hard/fpuv4-sp-d16/libm.a(lib_a-w_exp.o)
 .ARM.attributes
                0x00000969       0x39 /opt/ARM/arm-linaro-eabi-4.6/lib/gcc/arm-none-eabi/4.7.3/../../../../arm-none-eabi/lib/thumb/cortex-m4/float-abi-hard/fpuv4-sp-d16/libm.a(lib_a-wf_acos.o)
 .ARM.attributes
                0x000009a2       0x39 /opt/ARM/arm-linaro-eabi-4.6/lib/gcc/arm-none-eabi/4.7.3/../../../../arm-none-eabi/lib/thumb/cortex-m4/float-abi-hard/fpuv4-sp-d16/libm.a(lib_a-wf_exp.o)
 .ARM.attributes
                0x000009db       0x39 /opt/ARM/arm-linaro-eabi-4.6/lib/gcc/arm-none-eabi/4.7.3/../../../../arm-none-eabi/lib/thumb/cortex-m4/float-abi-hard/fpuv4-sp-d16/libm.a(lib_a-wf_pow.o)
 .ARM.attributes
                0x00000a14       0x39 /opt/ARM/arm-linaro-eabi-4.6/lib/gcc/arm-none-eabi/4.7.3/../../../../arm-none-eabi/lib/thumb/cortex-m4/float-abi-hard/fpuv4-sp-d16/libm.a(lib_a-wf_sqrt.o)
 .ARM.attributes
                0x00000a4d       0x39 /opt/ARM/arm-linaro-eabi-4.6/lib/gcc/arm-none-eabi/4.7.3/../../../../arm-none-eabi/lib/thumb/cortex-m4/float-abi-hard/fpuv4-sp-d16/libm.a(lib_a-w_log10.o)
 .ARM.attributes
                0x00000a86       0x39 /opt/ARM/arm-linaro-eabi-4.6/lib/gcc/arm-none-eabi/4.7.3/../../../../arm-none-eabi/lib/thumb/cortex-m4/float-abi-hard/fpuv4-sp-d16/libm.a(lib_a-e_exp.o)
 .ARM.attributes
                0x00000abf       0x39 /opt/ARM/arm-linaro-eabi-4.6/lib/gcc/arm-none-eabi/4.7.3/../../../../arm-none-eabi/lib/thumb/cortex-m4/float-abi-hard/fpuv4-sp-d16/libm.a(lib_a-ef_acos.o)
 .ARM.attributes
                0x00000af8       0x39 /opt/ARM/arm-linaro-eabi-4.6/lib/gcc/arm-none-eabi/4.7.3/../../../../arm-none-eabi/lib/thumb/cortex-m4/float-abi-hard/fpuv4-sp-d16/libm.a(lib_a-ef_exp.o)
 .ARM.attributes
                0x00000b31       0x39 /opt/ARM/arm-linaro-eabi-4.6/lib/gcc/arm-none-eabi/4.7.3/../../../../arm-none-eabi/lib/thumb/cortex-m4/float-abi-hard/fpuv4-sp-d16/libm.a(lib_a-ef_pow.o)
 .ARM.attributes
                0x00000b6a       0x39 /opt/ARM/arm-linaro-eabi-4.6/lib/gcc/arm-none-eabi/4.7.3/../../../../arm-none-eabi/lib/thumb/cortex-m4/float-abi-hard/fpuv4-sp-d16/libm.a(lib_a-ef_rem_pio2.o)
 .ARM.attributes
                0x00000ba3       0x39 /opt/ARM/arm-linaro-eabi-4.6/lib/gcc/arm-none-eabi/4.7.3/../../../../arm-none-eabi/lib/thumb/cortex-m4/float-abi-hard/fpuv4-sp-d16/libm.a(lib_a-ef_sqrt.o)
 .ARM.attributes
                0x00000bdc       0x39 /opt/ARM/arm-linaro-eabi-4.6/lib/gcc/arm-none-eabi/4.7.3/../../../../arm-none-eabi/lib/thumb/cortex-m4/float-abi-hard/fpuv4-sp-d16/libm.a(lib_a-e_log10.o)
 .ARM.attributes
                0x00000c15       0x39 /opt/ARM/arm-linaro-eabi-4.6/lib/gcc/arm-none-eabi/4.7.3/../../../../arm-none-eabi/lib/thumb/cortex-m4/float-abi-hard/fpuv4-sp-d16/libm.a(lib_a-e_log.o)
 .ARM.attributes
                0x00000c4e       0x39 /opt/ARM/arm-linaro-eabi-4.6/lib/gcc/arm-none-eabi/4.7.3/../../../../arm-none-eabi/lib/thumb/cortex-m4/float-abi-hard/fpuv4-sp-d16/libm.a(lib_a-e_rem_pio2.o)
 .ARM.attributes
                0x00000c87       0x39 /opt/ARM/arm-linaro-eabi-4.6/lib/gcc/arm-none-eabi/4.7.3/../../../../arm-none-eabi/lib/thumb/cortex-m4/float-abi-hard/fpuv4-sp-d16/libm.a(lib_a-k_cos.o)
 .ARM.attributes
                0x00000cc0       0x39 /opt/ARM/arm-linaro-eabi-4.6/lib/gcc/arm-none-eabi/4.7.3/../../../../arm-none-eabi/lib/thumb/cortex-m4/float-abi-hard/fpuv4-sp-d16/libm.a(lib_a-kf_cos.o)
 .ARM.attributes
                0x00000cf9       0x39 /opt/ARM/arm-linaro-eabi-4.6/lib/gcc/arm-none-eabi/4.7.3/../../../../arm-none-eabi/lib/thumb/cortex-m4/float-abi-hard/fpuv4-sp-d16/libm.a(lib_a-kf_rem_pio2.o)
 .ARM.attributes
                0x00000d32       0x39 /opt/ARM/arm-linaro-eabi-4.6/lib/gcc/arm-none-eabi/4.7.3/../../../../arm-none-eabi/lib/thumb/cortex-m4/float-abi-hard/fpuv4-sp-d16/libm.a(lib_a-kf_sin.o)
 .ARM.attributes
                0x00000d6b       0x39 /opt/ARM/arm-linaro-eabi-4.6/lib/gcc/arm-none-eabi/4.7.3/../../../../arm-none-eabi/lib/thumb/cortex-m4/float-abi-hard/fpuv4-sp-d16/libm.a(lib_a-kf_tan.o)
 .ARM.attributes
                0x00000da4       0x39 /opt/ARM/arm-linaro-eabi-4.6/lib/gcc/arm-none-eabi/4.7.3/../../../../arm-none-eabi/lib/thumb/cortex-m4/float-abi-hard/fpuv4-sp-d16/libm.a(lib_a-k_rem_pio2.o)
 .ARM.attributes
                0x00000ddd       0x39 /opt/ARM/arm-linaro-eabi-4.6/lib/gcc/arm-none-eabi/4.7.3/../../../../arm-none-eabi/lib/thumb/cortex-m4/float-abi-hard/fpuv4-sp-d16/libm.a(lib_a-k_sin.o)
 .ARM.attributes
                0x00000e16       0x39 /opt/ARM/arm-linaro-eabi-4.6/lib/gcc/arm-none-eabi/4.7.3/../../../../arm-none-eabi/lib/thumb/cortex-m4/float-abi-hard/fpuv4-sp-d16/libm.a(lib_a-s_fabs.o)
 .ARM.attributes
                0x00000e4f       0x39 /opt/ARM/arm-linaro-eabi-4.6/lib/gcc/arm-none-eabi/4.7.3/../../../../arm-none-eabi/lib/thumb/cortex-m4/float-abi-hard/fpuv4-sp-d16/libm.a(lib_a-sf_fabs.o)
 .ARM.attributes
                0x00000e88       0x39 /opt/ARM/arm-linaro-eabi-4.6/lib/gcc/arm-none-eabi/4.7.3/../../../../arm-none-eabi/lib/thumb/cortex-m4/float-abi-hard/fpuv4-sp-d16/libm.a(lib_a-sf_finite.o)
 .ARM.attributes
                0x00000ec1       0x39 /opt/ARM/arm-linaro-eabi-4.6/lib/gcc/arm-none-eabi/4.7.3/../../../../arm-none-eabi/lib/thumb/cortex-m4/float-abi-hard/fpuv4-sp-d16/libm.a(lib_a-sf_floor.o)
 .ARM.attributes
                0x00000efa       0x39 /opt/ARM/arm-linaro-eabi-4.6/lib/gcc/arm-none-eabi/4.7.3/../../../../arm-none-eabi/lib/thumb/cortex-m4/float-abi-hard/fpuv4-sp-d16/libm.a(lib_a-sf_fpclassify.o)
 .ARM.attributes
                0x00000f33       0x39 /opt/ARM/arm-linaro-eabi-4.6/lib/gcc/arm-none-eabi/4.7.3/../../../../arm-none-eabi/lib/thumb/cortex-m4/float-abi-hard/fpuv4-sp-d16/libm.a(lib_a-s_finite.o)
 .ARM.attributes
                0x00000f6c       0x39 /opt/ARM/arm-linaro-eabi-4.6/lib/gcc/arm-none-eabi/4.7.3/../../../../arm-none-eabi/lib/thumb/cortex-m4/float-abi-hard/fpuv4-sp-d16/libm.a(lib_a-sf_nan.o)
 .ARM.attributes
                0x00000fa5       0x39 /opt/ARM/arm-linaro-eabi-4.6/lib/gcc/arm-none-eabi/4.7.3/../../../../arm-none-eabi/lib/thumb/cortex-m4/float-abi-hard/fpuv4-sp-d16/libm.a(lib_a-s_fpclassify.o)
 .ARM.attributes
                0x00000fde       0x39 /opt/ARM/arm-linaro-eabi-4.6/lib/gcc/arm-none-eabi/4.7.3/../../../../arm-none-eabi/lib/thumb/cortex-m4/float-abi-hard/fpuv4-sp-d16/libm.a(lib_a-sf_scalbn.o)
 .ARM.attributes
                0x00001017       0x39 /opt/ARM/arm-linaro-eabi-4.6/lib/gcc/arm-none-eabi/4.7.3/../../../../arm-none-eabi/lib/thumb/cortex-m4/float-abi-hard/fpuv4-sp-d16/libm.a(lib_a-s_lib_ver.o)
 .ARM.attributes
                0x00001050       0x39 /opt/ARM/arm-linaro-eabi-4.6/lib/gcc/arm-none-eabi/4.7.3/../../../../arm-none-eabi/lib/thumb/cortex-m4/float-abi-hard/fpuv4-sp-d16/libm.a(lib_a-s_matherr.o)
 .ARM.attributes
                0x00001089       0x39 /opt/ARM/arm-linaro-eabi-4.6/lib/gcc/arm-none-eabi/4.7.3/../../../../arm-none-eabi/lib/thumb/cortex-m4/float-abi-hard/fpuv4-sp-d16/libm.a(lib_a-s_nan.o)
 .ARM.attributes
                0x000010c2       0x39 /opt/ARM/arm-linaro-eabi-4.6/lib/gcc/arm-none-eabi/4.7.3/../../../../arm-none-eabi/lib/thumb/cortex-m4/float-abi-hard/fpuv4-sp-d16/libm.a(lib_a-s_rint.o)
 .ARM.attributes
                0x000010fb       0x39 /opt/ARM/arm-linaro-eabi-4.6/lib/gcc/arm-none-eabi/4.7.3/../../../../arm-none-eabi/lib/thumb/cortex-m4/float-abi-hard/fpuv4-sp-d16/libm.a(lib_a-s_scalbn.o)
 .ARM.attributes
                0x00001134       0x39 /opt/ARM/arm-linaro-eabi-4.6/lib/gcc/arm-none-eabi/4.7.3/../../../../arm-none-eabi/lib/thumb/cortex-m4/float-abi-hard/fpuv4-sp-d16/libm.a(lib_a-s_copysign.o)
 .ARM.attributes
                0x0000116d       0x39 /opt/ARM/arm-linaro-eabi-4.6/lib/gcc/arm-none-eabi/4.7.3/../../../../arm-none-eabi/lib/thumb/cortex-m4/float-abi-hard/fpuv4-sp-d16/libm.a(lib_a-sf_copysign.o)
 .ARM.attributes
                0x000011a6       0x39 /opt/ARM/arm-linaro-eabi-4.6/lib/gcc/arm-none-eabi/4.7.3/../../../../arm-none-eabi/lib/thumb/cortex-m4/float-abi-hard/fpuv4-sp-d16/libc.a(lib_a-errno.o)
 .ARM.attributes
                0x000011df       0x39 /opt/ARM/arm-linaro-eabi-4.6/lib/gcc/arm-none-eabi/4.7.3/../../../../arm-none-eabi/lib/thumb/cortex-m4/float-abi-hard/fpuv4-sp-d16/libc.a(lib_a-impure.o)
 .ARM.attributes
                0x00001218       0x39 /opt/ARM/arm-linaro-eabi-4.6/lib/gcc/arm-none-eabi/4.7.3/../../../../arm-none-eabi/lib/thumb/cortex-m4/float-abi-hard/fpuv4-sp-d16/libc.a(lib_a-malloc.o)
 .ARM.attributes
                0x00001251       0x39 /opt/ARM/arm-linaro-eabi-4.6/lib/gcc/arm-none-eabi/4.7.3/../../../../arm-none-eabi/lib/thumb/cortex-m4/float-abi-hard/fpuv4-sp-d16/libc.a(lib_a-mallocr.o)
 .ARM.attributes
                0x0000128a       0x39 /opt/ARM/arm-linaro-eabi-4.6/lib/gcc/arm-none-eabi/4.7.3/../../../../arm-none-eabi/lib/thumb/cortex-m4/float-abi-hard/fpuv4-sp-d16/libc.a(lib_a-memcpy-stub.o)
 .ARM.attributes
                0x000012c3       0x39 /opt/ARM/arm-linaro-eabi-4.6/lib/gcc/arm-none-eabi/4.7.3/../../../../arm-none-eabi/lib/thumb/cortex-m4/float-abi-hard/fpuv4-sp-d16/libc.a(lib_a-memset.o)
 .ARM.attributes
                0x000012fc       0x39 /opt/ARM/arm-linaro-eabi-4.6/lib/gcc/arm-none-eabi/4.7.3/../../../../arm-none-eabi/lib/thumb/cortex-m4/float-abi-hard/fpuv4-sp-d16/libc.a(lib_a-mlock.o)
 .ARM.attributes
                0x00001335       0x39 /opt/ARM/arm-linaro-eabi-4.6/lib/gcc/arm-none-eabi/4.7.3/../../../../arm-none-eabi/lib/thumb/cortex-m4/float-abi-hard/fpuv4-sp-d16/libc.a(lib_a-printf.o)
 .ARM.attributes
                0x0000136e       0x39 /opt/ARM/arm-linaro-eabi-4.6/lib/gcc/arm-none-eabi/4.7.3/../../../../arm-none-eabi/lib/thumb/cortex-m4/float-abi-hard/fpuv4-sp-d16/libc.a(lib_a-putchar.o)
 .ARM.attributes
                0x000013a7       0x39 /opt/ARM/arm-linaro-eabi-4.6/lib/gcc/arm-none-eabi/4.7.3/../../../../arm-none-eabi/lib/thumb/cortex-m4/float-abi-hard/fpuv4-sp-d16/libc.a(lib_a-putc.o)
 .ARM.attributes
                0x000013e0       0x39 /opt/ARM/arm-linaro-eabi-4.6/lib/gcc/arm-none-eabi/4.7.3/../../../../arm-none-eabi/lib/thumb/cortex-m4/float-abi-hard/fpuv4-sp-d16/libc.a(lib_a-puts.o)
 .ARM.attributes
                0x00001419       0x39 /opt/ARM/arm-linaro-eabi-4.6/lib/gcc/arm-none-eabi/4.7.3/../../../../arm-none-eabi/lib/thumb/cortex-m4/float-abi-hard/fpuv4-sp-d16/libc.a(lib_a-rand.o)
 .ARM.attributes
                0x00001452       0x39 /opt/ARM/arm-linaro-eabi-4.6/lib/gcc/arm-none-eabi/4.7.3/../../../../arm-none-eabi/lib/thumb/cortex-m4/float-abi-hard/fpuv4-sp-d16/libc.a(lib_a-sbrkr.o)
 .ARM.attributes
                0x0000148b       0x25 /opt/ARM/arm-linaro-eabi-4.6/lib/gcc/arm-none-eabi/4.7.3/../../../../arm-none-eabi/lib/thumb/cortex-m4/float-abi-hard/fpuv4-sp-d16/libc.a(lib_a-strcmp.o)
 .ARM.attributes
                0x000014b0       0x39 /opt/ARM/arm-linaro-eabi-4.6/lib/gcc/arm-none-eabi/4.7.3/../../../../arm-none-eabi/lib/thumb/cortex-m4/float-abi-hard/fpuv4-sp-d16/libc.a(lib_a-strlen.o)
 .ARM.attributes
                0x000014e9       0x39 /opt/ARM/arm-linaro-eabi-4.6/lib/gcc/arm-none-eabi/4.7.3/../../../../arm-none-eabi/lib/thumb/cortex-m4/float-abi-hard/fpuv4-sp-d16/libc.a(lib_a-vfprintf.o)
 .ARM.attributes
                0x00001522       0x39 /opt/ARM/arm-linaro-eabi-4.6/lib/gcc/arm-none-eabi/4.7.3/../../../../arm-none-eabi/lib/thumb/cortex-m4/float-abi-hard/fpuv4-sp-d16/libc.a(lib_a-wbuf.o)
 .ARM.attributes
                0x0000155b       0x39 /opt/ARM/arm-linaro-eabi-4.6/lib/gcc/arm-none-eabi/4.7.3/../../../../arm-none-eabi/lib/thumb/cortex-m4/float-abi-hard/fpuv4-sp-d16/libc.a(lib_a-wsetup.o)
 .ARM.attributes