   1              		.syntax unified
   2              		.cpu cortex-m4
   3              		.eabi_attribute 27, 3
   4              		.eabi_attribute 28, 1
   5              		.fpu fpv4-sp-d16
   6              		.eabi_attribute 20, 1
   7              		.eabi_attribute 21, 1
   8              		.eabi_attribute 23, 3
   9              		.eabi_attribute 24, 1
  10              		.eabi_attribute 25, 1
  11              		.eabi_attribute 26, 1
  12              		.eabi_attribute 30, 4
  13              		.eabi_attribute 34, 1
  14              		.eabi_attribute 18, 4
  15              		.thumb
  16              		.file	"say.c"
  17              		.text
  18              	.Ltext0:
  19              		.cfi_sections	.debug_frame
  20              		.section	.text.PhonemeToWaveData,"ax",%progbits
  21              		.align	1
  22              		.global	PhonemeToWaveData
  23              		.thumb
  24              		.thumb_func
  26              	PhonemeToWaveData:
  27              	.LFB114:
  28              		.file 1 "lib/rsynth-2.0-port/say.c"
   1:lib/rsynth-2.0-port/say.c **** #include <config.h>
   2:lib/rsynth-2.0-port/say.c **** 
   3:lib/rsynth-2.0-port/say.c **** /* $Id: say.c,v 1.13 1994/11/08 13:30:50 a904209 Exp a904209 $
   4:lib/rsynth-2.0-port/say.c ****    $Log: say.c,v $
   5:lib/rsynth-2.0-port/say.c ****  * Revision 1.13  1994/11/08  13:30:50  a904209
   6:lib/rsynth-2.0-port/say.c ****  * 2.0 release
   7:lib/rsynth-2.0-port/say.c ****  *
   8:lib/rsynth-2.0-port/say.c ****  * Revision 1.12  1994/11/04  13:32:31  a904209
   9:lib/rsynth-2.0-port/say.c ****  * 1.99.1 - Change configure stuff
  10:lib/rsynth-2.0-port/say.c ****  *
  11:lib/rsynth-2.0-port/say.c ****  * Revision 1.11  1994/11/02  10:55:31  a904209
  12:lib/rsynth-2.0-port/say.c ****  * Add autoconf. Tested on SunOS/Solaris
  13:lib/rsynth-2.0-port/say.c ****  *
  14:lib/rsynth-2.0-port/say.c ****  * Revision 1.10  1994/10/04  17:12:50  a904209
  15:lib/rsynth-2.0-port/say.c ****  * 3rd pre-release
  16:lib/rsynth-2.0-port/say.c ****  *
  17:lib/rsynth-2.0-port/say.c ****  * Revision 1.9  1994/10/04  09:08:27  a904209
  18:lib/rsynth-2.0-port/say.c ****  * Next Patch merge
  19:lib/rsynth-2.0-port/say.c ****  *
  20:lib/rsynth-2.0-port/say.c ****  * Revision 1.8  1994/10/03  08:41:47  a904209
  21:lib/rsynth-2.0-port/say.c ****  * 2nd pre-release                                                         
  22:lib/rsynth-2.0-port/say.c ****  *
  23:lib/rsynth-2.0-port/say.c ****  * Revision 1.7  1994/09/19  15:48:29  a904209
  24:lib/rsynth-2.0-port/say.c ****  * Split hplay.c, gdbm dictionary, start of f0 contour, netaudio and HP ports
  25:lib/rsynth-2.0-port/say.c ****  *
  26:lib/rsynth-2.0-port/say.c ****  * Revision 1.6  1994/04/15  16:47:37  a904209
  27:lib/rsynth-2.0-port/say.c ****  * Edits for Solaris2.3 (aka SunOs 5.3)
  28:lib/rsynth-2.0-port/say.c ****  *
  29:lib/rsynth-2.0-port/say.c ****  * Revision 1.5  1994/02/24  15:03:05  a904209
  30:lib/rsynth-2.0-port/say.c ****  * Added contributed linux, NeXT and SGI ports.
  31:lib/rsynth-2.0-port/say.c ****  *
  32:lib/rsynth-2.0-port/say.c ****  * Revision 1.4  93/11/18  16:29:06  a904209
  33:lib/rsynth-2.0-port/say.c ****  * Migrated nsyth.c towards Jon's scheme - merge still incomplete
  34:lib/rsynth-2.0-port/say.c ****  * 
  35:lib/rsynth-2.0-port/say.c ****  * Revision 1.3  93/11/16  14:32:44  a904209
  36:lib/rsynth-2.0-port/say.c ****  * Added RCS Ids, partial merge of Jon's new klatt/parwave
  37:lib/rsynth-2.0-port/say.c ****  *
  38:lib/rsynth-2.0-port/say.c ****  * Revision 1.3  93/11/16  14:00:58  a904209
  39:lib/rsynth-2.0-port/say.c ****  * Add IDs and merge Jon's klatt sources - incomplete
  40:lib/rsynth-2.0-port/say.c ****  *
  41:lib/rsynth-2.0-port/say.c ****  */
  42:lib/rsynth-2.0-port/say.c **** extern char *Revision;
  43:lib/rsynth-2.0-port/say.c **** 
  44:lib/rsynth-2.0-port/say.c **** #include "stm32f4xx.h"
  45:lib/rsynth-2.0-port/say.c **** #include "platform_config.h"
  46:lib/rsynth-2.0-port/say.c **** #include "hw_config.h"
  47:lib/rsynth-2.0-port/say.c **** 
  48:lib/rsynth-2.0-port/say.c **** #include <stdio.h>
  49:lib/rsynth-2.0-port/say.c **** #include <ctype.h>
  50:lib/rsynth-2.0-port/say.c **** #include <math.h>
  51:lib/rsynth-2.0-port/say.c **** #include <stdlib.h>
  52:lib/rsynth-2.0-port/say.c **** #include "nsynth.h"
  53:lib/rsynth-2.0-port/say.c **** #include "darray.h"
  54:lib/rsynth-2.0-port/say.c **** #include "holmes.h"
  55:lib/rsynth-2.0-port/say.c **** #include "phtoelm.h"
  56:lib/rsynth-2.0-port/say.c **** #include "say.h"
  57:lib/rsynth-2.0-port/say.c **** 
  58:lib/rsynth-2.0-port/say.c **** 
  59:lib/rsynth-2.0-port/say.c **** 
  60:lib/rsynth-2.0-port/say.c **** 
  61:lib/rsynth-2.0-port/say.c **** 
  62:lib/rsynth-2.0-port/say.c **** short *pWavBuffer;
  63:lib/rsynth-2.0-port/say.c **** darray_t wav_elm;
  64:lib/rsynth-2.0-port/say.c **** unsigned short wav_len;
  65:lib/rsynth-2.0-port/say.c **** 
  66:lib/rsynth-2.0-port/say.c **** void PhonemeToWaveData(char *phone, int len, int verbose)
  67:lib/rsynth-2.0-port/say.c **** {
  29              		.loc 1 67 0
  30              		.cfi_startproc
  31              		@ args = 0, pretend = 0, frame = 0
  32              		@ frame_needed = 0, uses_anonymous_args = 0
  33              	.LVL0:
  34 0000 2DE9F041 		push	{r4, r5, r6, r7, r8, lr}
  35              	.LCFI0:
  36              		.cfi_def_cfa_offset 24
  37              		.cfi_offset 4, -24
  38              		.cfi_offset 5, -20
  39              		.cfi_offset 6, -16
  40              		.cfi_offset 7, -12
  41              		.cfi_offset 8, -8
  42              		.cfi_offset 14, -4
  43 0004 0746     		mov	r7, r0
  44 0006 0E46     		mov	r6, r1
  45 0008 1446     		mov	r4, r2
  46              	.LVL1:
  47              	.LBB10:
  48              	.LBB11:
  49              		.file 2 "lib/rsynth-2.0-port/darray.h"
   1:lib/rsynth-2.0-port/darray.h **** /* darray.h
   2:lib/rsynth-2.0-port/darray.h **** */
   3:lib/rsynth-2.0-port/darray.h **** #if !defined(DARRAY_H)
   4:lib/rsynth-2.0-port/darray.h **** #define DARRAY_H
   5:lib/rsynth-2.0-port/darray.h **** typedef struct
   6:lib/rsynth-2.0-port/darray.h ****  {char     *data;          /* the items */
   7:lib/rsynth-2.0-port/darray.h ****   unsigned items;          /* number of slots used */
   8:lib/rsynth-2.0-port/darray.h ****   unsigned alloc;          /* number of slots allocated */
   9:lib/rsynth-2.0-port/darray.h ****   unsigned short esize;    /* size of items */
  10:lib/rsynth-2.0-port/darray.h ****   unsigned short get;      /* number to get */
  11:lib/rsynth-2.0-port/darray.h ****  } darray_t, *darray_ptr;
  12:lib/rsynth-2.0-port/darray.h **** 
  13:lib/rsynth-2.0-port/darray.h **** /* return pointer to nth item */
  14:lib/rsynth-2.0-port/darray.h **** extern void *Darray_find (darray_t *a,unsigned n);
  15:lib/rsynth-2.0-port/darray.h **** /* delete nth item */
  16:lib/rsynth-2.0-port/darray.h **** extern int darray_delete (darray_t *a,unsigned n);
  17:lib/rsynth-2.0-port/darray.h **** extern void darray_free  (darray_t *a);
  18:lib/rsynth-2.0-port/darray.h **** 
  19:lib/rsynth-2.0-port/darray.h **** static inline void darray_init(darray_t *a,unsigned size,unsigned get)
  20:lib/rsynth-2.0-port/darray.h **** {
  21:lib/rsynth-2.0-port/darray.h ****  a->esize = size;
  50              		.loc 2 21 0
  51 000a 2F4B     		ldr	r3, .L27
  52 000c 0122     		movs	r2, #1
  53              	.LVL2:
  54 000e 9A81     		strh	r2, [r3, #12]	@ movhi
  22:lib/rsynth-2.0-port/darray.h ****  a->get   = get;
  55              		.loc 2 22 0
  56 0010 D981     		strh	r1, [r3, #14]	@ movhi
  23:lib/rsynth-2.0-port/darray.h ****  a->items = a->alloc = 0;
  57              		.loc 2 23 0
  58 0012 0025     		movs	r5, #0
  59 0014 9D60     		str	r5, [r3, #8]
  60 0016 5D60     		str	r5, [r3, #4]
  24:lib/rsynth-2.0-port/darray.h ****  a->data = NULL;
  61              		.loc 2 24 0
  62 0018 1D60     		str	r5, [r3, #0]
  63              	.LBE11:
  64              	.LBE10:
  68:lib/rsynth-2.0-port/say.c **** 	unsigned frames;
  69:lib/rsynth-2.0-port/say.c ****  
  70:lib/rsynth-2.0-port/say.c **** 	int i, j;
  71:lib/rsynth-2.0-port/say.c ****  
  72:lib/rsynth-2.0-port/say.c **** 	darray_init(&wav_elm, sizeof(char), len);
  73:lib/rsynth-2.0-port/say.c **** 	
  74:lib/rsynth-2.0-port/say.c **** 	if((frames = phone_to_elm(phone, len, &wav_elm))){
  65              		.loc 1 74 0
  66 001a 1A46     		mov	r2, r3
  67 001c FFF7FEFF 		bl	phone_to_elm
  68              	.LVL3:
  69 0020 0028     		cmp	r0, #0
  70 0022 4FD0     		beq	.L1
  71              	.LBB12:
  75:lib/rsynth-2.0-port/say.c **** 	
  76:lib/rsynth-2.0-port/say.c **** 		unsigned max_samples = frames * klatt_global.nspfr;
  72              		.loc 1 76 0
  73 0024 294B     		ldr	r3, .L27+4
  74 0026 DD69     		ldr	r5, [r3, #28]
  75 0028 4543     		muls	r5, r0, r5
  76              	.LVL4:
  77:lib/rsynth-2.0-port/say.c **** 		if (verbose){
  77              		.loc 1 77 0
  78 002a 1CB1     		cbz	r4, .L4
  78:lib/rsynth-2.0-port/say.c **** 			printf("max_samples = %d\n", max_samples);
  79              		.loc 1 78 0
  80 002c 2848     		ldr	r0, .L27+8
  81              	.LVL5:
  82 002e 2946     		mov	r1, r5
  83 0030 FFF7FEFF 		bl	printf
  84              	.LVL6:
  85              	.L4:
  79:lib/rsynth-2.0-port/say.c **** 		}
  80:lib/rsynth-2.0-port/say.c ****    
  81:lib/rsynth-2.0-port/say.c **** 		pWavBuffer = (short *) malloc(sizeof(short) * max_samples);
  86              		.loc 1 81 0
  87 0034 6800     		lsls	r0, r5, #1
  88 0036 FFF7FEFF 		bl	malloc
  89              	.LVL7:
  90 003a 264B     		ldr	r3, .L27+12
  91 003c 1860     		str	r0, [r3, #0]
  92 003e 9846     		mov	r8, r3
  82:lib/rsynth-2.0-port/say.c **** 		
  83:lib/rsynth-2.0-port/say.c **** 		if (verbose){
  93              		.loc 1 83 0
  94 0040 24B1     		cbz	r4, .L5
  84:lib/rsynth-2.0-port/say.c **** 			printf("%.*s\n", len, phone);
  95              		.loc 1 84 0
  96 0042 2548     		ldr	r0, .L27+16
  97 0044 3146     		mov	r1, r6
  98 0046 3A46     		mov	r2, r7
  99 0048 FFF7FEFF 		bl	printf
 100              	.LVL8:
 101              	.L5:
  85:lib/rsynth-2.0-port/say.c **** 		}
  86:lib/rsynth-2.0-port/say.c **** 			
  87:lib/rsynth-2.0-port/say.c **** 		if (pWavBuffer){
 102              		.loc 1 87 0
 103 004c D8F80030 		ldr	r3, [r8, #0]
 104 0050 002B     		cmp	r3, #0
 105 0052 2FD0     		beq	.L6
  88:lib/rsynth-2.0-port/say.c **** 			wav_len = holmes(	wav_elm.items, 
 106              		.loc 1 88 0
 107 0054 1C4B     		ldr	r3, .L27
 108 0056 5F68     		ldr	r7, [r3, #4]
 109              	.LVL9:
 110              	.LBB13:
 111              	.LBB14:
  25:lib/rsynth-2.0-port/darray.h **** }
  26:lib/rsynth-2.0-port/darray.h **** 
  27:lib/rsynth-2.0-port/darray.h **** static inline void *darray_find(darray_t *a,unsigned n)
  28:lib/rsynth-2.0-port/darray.h **** {
  29:lib/rsynth-2.0-port/darray.h ****  if (n < a->alloc && n < a->items)
 112              		.loc 2 29 0
 113 0058 9A68     		ldr	r2, [r3, #8]
 114 005a 12B1     		cbz	r2, .L7
 115 005c 0FB1     		cbz	r7, .L7
  30:lib/rsynth-2.0-port/darray.h ****   return (void *) (a->data + n * a->esize);
 116              		.loc 2 30 0
 117 005e 1968     		ldr	r1, [r3, #0]
 118 0060 04E0     		b	.L8
 119              	.L7:
  31:lib/rsynth-2.0-port/darray.h ****  return Darray_find(a,n);
 120              		.loc 2 31 0
 121 0062 1948     		ldr	r0, .L27
 122 0064 0021     		movs	r1, #0
 123 0066 FFF7FEFF 		bl	Darray_find
 124              	.LVL10:
 125 006a 0146     		mov	r1, r0
 126              	.L8:
 127              	.LBE14:
 128              	.LBE13:
 129              		.loc 1 88 0
 130 006c 194E     		ldr	r6, .L27+12
 131              	.LVL11:
 132 006e 3846     		mov	r0, r7
 133 0070 2A46     		mov	r2, r5
 134 0072 3368     		ldr	r3, [r6, #0]
 135 0074 FFF7FEFF 		bl	holmes
 136              	.LVL12:
 137 0078 0146     		mov	r1, r0
 138 007a 184D     		ldr	r5, .L27+20
 139              	.LVL13:
 140 007c 2880     		strh	r0, [r5, #0]	@ movhi
  89:lib/rsynth-2.0-port/say.c **** 								(unsigned char *) darray_find(&wav_elm, 0),
  90:lib/rsynth-2.0-port/say.c **** 								max_samples, pWavBuffer	);
  91:lib/rsynth-2.0-port/say.c **** 
  92:lib/rsynth-2.0-port/say.c **** 			if (verbose){
 141              		.loc 1 92 0
 142 007e 002C     		cmp	r4, #0
 143 0080 20D0     		beq	.L1
  93:lib/rsynth-2.0-port/say.c **** 				printf("wav_len = %d\n", wav_len);
 144              		.loc 1 93 0
 145 0082 1748     		ldr	r0, .L27+24
 146 0084 89B2     		uxth	r1, r1
 147 0086 FFF7FEFF 		bl	printf
 148              	.LVL14:
  94:lib/rsynth-2.0-port/say.c **** 		
  95:lib/rsynth-2.0-port/say.c **** 				j = wav_len;
 149              		.loc 1 95 0
 150 008a 2D88     		ldrh	r5, [r5, #0]
 151              	.LVL15:
 152 008c B5F5807F 		cmp	r5, #256
 153 0090 A8BF     		it	ge
 154 0092 4FF48075 		movge	r5, #256
 155              	.LVL16:
  96:lib/rsynth-2.0-port/say.c **** 				if(j>256) j = 256;
  97:lib/rsynth-2.0-port/say.c **** 				for(i=0;i<j;i++){
 156              		.loc 1 97 0
 157 0096 0024     		movs	r4, #0
 158              	.LVL17:
 159 0098 08E0     		b	.L10
 160              	.LVL18:
 161              	.L11:
  98:lib/rsynth-2.0-port/say.c **** 					printf("%04X %04X\n", pWavBuffer[i], (0x1000 + pWavBuffer[i]));
 162              		.loc 1 98 0 discriminator 2
 163 009a 3368     		ldr	r3, [r6, #0]
 164 009c 33F91410 		ldrsh	r1, [r3, r4, lsl #1]
 165 00a0 1048     		ldr	r0, .L27+28
 166 00a2 01F58052 		add	r2, r1, #4096
 167 00a6 FFF7FEFF 		bl	printf
 168              	.LVL19:
  97:lib/rsynth-2.0-port/say.c **** 				for(i=0;i<j;i++){
 169              		.loc 1 97 0 discriminator 2
 170 00aa 0134     		adds	r4, r4, #1
 171              	.LVL20:
 172              	.L10:
  97:lib/rsynth-2.0-port/say.c **** 				for(i=0;i<j;i++){
 173              		.loc 1 97 0 is_stmt 0 discriminator 1
 174 00ac AC42     		cmp	r4, r5
 175 00ae F4DB     		blt	.L11
 176 00b0 BDE8F081 		pop	{r4, r5, r6, r7, r8, pc}
 177              	.LVL21:
 178              	.L6:
  99:lib/rsynth-2.0-port/say.c **** 				}
 100:lib/rsynth-2.0-port/say.c **** 			}
 101:lib/rsynth-2.0-port/say.c **** 
 102:lib/rsynth-2.0-port/say.c **** 			// free(pWavBuffer);
 103:lib/rsynth-2.0-port/say.c **** 		}else{
 104:lib/rsynth-2.0-port/say.c **** 			fprintf(stderr, "memory shortage (PhonemeToWaveData)\n");
 179              		.loc 1 104 0 is_stmt 1
 180 00b4 0C4B     		ldr	r3, .L27+32
 181 00b6 1B68     		ldr	r3, [r3, #0]
 182 00b8 D868     		ldr	r0, [r3, #12]
 183 00ba 0C49     		ldr	r1, .L27+36
 184              	.LBE12:
 105:lib/rsynth-2.0-port/say.c **** 		}
 106:lib/rsynth-2.0-port/say.c **** 	}
 107:lib/rsynth-2.0-port/say.c **** 	// darray_free(&wav_elm);
 108:lib/rsynth-2.0-port/say.c **** }
 185              		.loc 1 108 0
 186 00bc BDE8F041 		pop	{r4, r5, r6, r7, r8, lr}
 187              	.LBB15:
 104:lib/rsynth-2.0-port/say.c **** 			fprintf(stderr, "memory shortage (PhonemeToWaveData)\n");
 188              		.loc 1 104 0
 189 00c0 FFF7FEBF 		b	fprintf
 190              	.LVL22:
 191              	.L1:
 192 00c4 BDE8F081 		pop	{r4, r5, r6, r7, r8, pc}
 193              	.L28:
 194              		.align	2
 195              	.L27:
 196 00c8 00000000 		.word	.LANCHOR0
 197 00cc 00000000 		.word	klatt_global
 198 00d0 00000000 		.word	.LC0
 199 00d4 00000000 		.word	.LANCHOR1
 200 00d8 12000000 		.word	.LC1
 201 00dc 00000000 		.word	.LANCHOR2
 202 00e0 18000000 		.word	.LC2
 203 00e4 26000000 		.word	.LC3
 204 00e8 00000000 		.word	_impure_ptr
 205 00ec 31000000 		.word	.LC4
 206              	.LBE15:
 207              		.cfi_endproc
 208              	.LFE114:
 210              		.section	.text.FreePhonemeToWaveData,"ax",%progbits
 211              		.align	1
 212              		.global	FreePhonemeToWaveData
 213              		.thumb
 214              		.thumb_func
 216              	FreePhonemeToWaveData:
 217              	.LFB115:
 109:lib/rsynth-2.0-port/say.c **** 
 110:lib/rsynth-2.0-port/say.c **** 
 111:lib/rsynth-2.0-port/say.c **** 
 112:lib/rsynth-2.0-port/say.c **** void FreePhonemeToWaveData(void)
 113:lib/rsynth-2.0-port/say.c **** {
 218              		.loc 1 113 0
 219              		.cfi_startproc
 220              		@ args = 0, pretend = 0, frame = 0
 221              		@ frame_needed = 0, uses_anonymous_args = 0
 222 0000 10B5     		push	{r4, lr}
 223              	.LCFI1:
 224              		.cfi_def_cfa_offset 8
 225              		.cfi_offset 4, -8
 226              		.cfi_offset 14, -4
 114:lib/rsynth-2.0-port/say.c **** 	if(pWavBuffer){
 227              		.loc 1 114 0
 228 0002 064C     		ldr	r4, .L34
 229 0004 2068     		ldr	r0, [r4, #0]
 230 0006 18B1     		cbz	r0, .L30
 115:lib/rsynth-2.0-port/say.c **** 		free(pWavBuffer);
 231              		.loc 1 115 0
 232 0008 FFF7FEFF 		bl	free
 233              	.LVL23:
 116:lib/rsynth-2.0-port/say.c **** 		pWavBuffer = NULL;
 234              		.loc 1 116 0
 235 000c 0023     		movs	r3, #0
 236 000e 2360     		str	r3, [r4, #0]
 237              	.L30:
 117:lib/rsynth-2.0-port/say.c **** 	}
 118:lib/rsynth-2.0-port/say.c **** 	
 119:lib/rsynth-2.0-port/say.c **** 	darray_free(&wav_elm);
 238              		.loc 1 119 0
 239 0010 0348     		ldr	r0, .L34+4
 120:lib/rsynth-2.0-port/say.c **** }
 240              		.loc 1 120 0
 241 0012 BDE81040 		pop	{r4, lr}
 119:lib/rsynth-2.0-port/say.c **** 	darray_free(&wav_elm);
 242              		.loc 1 119 0
 243 0016 FFF7FEBF 		b	darray_free
 244              	.LVL24:
 245              	.L35:
 246 001a 00BF     		.align	2
 247              	.L34:
 248 001c 00000000 		.word	.LANCHOR1
 249 0020 00000000 		.word	.LANCHOR0
 250              		.cfi_endproc
 251              	.LFE115:
 253              		.global	wav_len
 254              		.global	wav_elm
 255              		.global	pWavBuffer
 256              		.section	.bss.wav_elm,"aw",%nobits
 257              		.align	2
 258              		.set	.LANCHOR0,. + 0
 261              	wav_elm:
 262 0000 00000000 		.space	16
 262      00000000 
 262      00000000 
 262      00000000 
 263              		.section	.rodata.str1.1,"aMS",%progbits,1
 264              	.LC0:
 265 0000 6D61785F 		.ascii	"max_samples = %d\012\000"
 265      73616D70 
 265      6C657320 
 265      3D202564 
 265      0A00
 266              	.LC1:
 267 0012 252E2A73 		.ascii	"%.*s\012\000"
 267      0A00
 268              	.LC2:
 269 0018 7761765F 		.ascii	"wav_len = %d\012\000"
 269      6C656E20 
 269      3D202564 
 269      0A00
 270              	.LC3:
 271 0026 25303458 		.ascii	"%04X %04X\012\000"
 271      20253034 
 271      580A00
 272              	.LC4:
 273 0031 6D656D6F 		.ascii	"memory shortage (PhonemeToWaveData)\012\000"
 273      72792073 
 273      686F7274 
 273      61676520 
 273      2850686F 
 274              		.section	.bss.wav_len,"aw",%nobits
 275              		.align	1
 276              		.set	.LANCHOR2,. + 0
 279              	wav_len:
 280 0000 0000     		.space	2
 281              		.section	.bss.pWavBuffer,"aw",%nobits
 282              		.align	2
 283              		.set	.LANCHOR1,. + 0
 286              	pWavBuffer:
 287 0000 00000000 		.space	4
 288              		.text
 289              	.Letext0:
 290              		.file 3 "/opt/ARM/arm-linaro-eabi-4.6/lib/gcc/arm-none-eabi/4.7.3/include/stdint-gcc.h"
 291              		.file 4 "/opt/ARM/arm-linaro-eabi-4.6/lib/gcc/arm-none-eabi/4.7.3/include/stddef.h"
 292              		.file 5 "/opt/ARM/arm-linaro-eabi-4.6/lib/gcc/arm-none-eabi/4.7.3/../../../../arm-none-eabi/includ
 293              		.file 6 "/opt/ARM/arm-linaro-eabi-4.6/lib/gcc/arm-none-eabi/4.7.3/../../../../arm-none-eabi/includ
 294              		.file 7 "/opt/ARM/arm-linaro-eabi-4.6/lib/gcc/arm-none-eabi/4.7.3/../../../../arm-none-eabi/includ
 295              		.file 8 "/opt/ARM/arm-linaro-eabi-4.6/lib/gcc/arm-none-eabi/4.7.3/../../../../arm-none-eabi/includ
 296              		.file 9 "lib/rsynth-2.0-port/nsynth.h"
 297              		.file 10 "./lib/CMSIS/Include/core_cm4.h"
 298              		.file 11 "./inc/systick.h"
 299              		.file 12 "/opt/ARM/arm-linaro-eabi-4.6/lib/gcc/arm-none-eabi/4.7.3/../../../../arm-none-eabi/inclu
 300              		.file 13 "lib/rsynth-2.0-port/holmes.h"
 301              		.file 14 "lib/rsynth-2.0-port/phtoelm.h"
DEFINED SYMBOLS
                            *ABS*:00000000 say.c
     /tmp/ccgkOGNN.s:21     .text.PhonemeToWaveData:00000000 $t
     /tmp/ccgkOGNN.s:26     .text.PhonemeToWaveData:00000000 PhonemeToWaveData
     /tmp/ccgkOGNN.s:196    .text.PhonemeToWaveData:000000c8 $d
     /tmp/ccgkOGNN.s:211    .text.FreePhonemeToWaveData:00000000 $t
     /tmp/ccgkOGNN.s:216    .text.FreePhonemeToWaveData:00000000 FreePhonemeToWaveData
     /tmp/ccgkOGNN.s:248    .text.FreePhonemeToWaveData:0000001c $d
     /tmp/ccgkOGNN.s:279    .bss.wav_len:00000000 wav_len
     /tmp/ccgkOGNN.s:261    .bss.wav_elm:00000000 wav_elm
     /tmp/ccgkOGNN.s:286    .bss.pWavBuffer:00000000 pWavBuffer
     /tmp/ccgkOGNN.s:257    .bss.wav_elm:00000000 $d
     /tmp/ccgkOGNN.s:275    .bss.wav_len:00000000 $d
     /tmp/ccgkOGNN.s:282    .bss.pWavBuffer:00000000 $d
                     .debug_frame:00000010 $d

UNDEFINED SYMBOLS
phone_to_elm
printf
malloc
Darray_find
holmes
fprintf
klatt_global
_impure_ptr
free
darray_free
